<?xml version="1.0"?>
<link_info>
   <banner>TMS320C2000 Linker PC v6.2.7</banner>
   <copyright>Copyright (c) 1996-2014 Texas Instruments Incorporated</copyright>
   <link_time>0x53f15a16</link_time>
   <link_errors>0x0</link_errors>
   <output_file>flyProgram.out</output_file>
   <entry_point>
      <name>code_start</name>
      <address>0x3f7ff6</address>
   </entry_point>
   <input_file_list>
      <input_file id="fl-4">
         <path>.\TiFiles\</path>
         <kind>object</kind>
         <file>F2806x_usDelay.obj</file>
         <name>F2806x_usDelay.obj</name>
      </input_file>
      <input_file id="fl-5">
         <path>.\TiFiles\</path>
         <kind>object</kind>
         <file>F2806x_SysCtrl.obj</file>
         <name>F2806x_SysCtrl.obj</name>
      </input_file>
      <input_file id="fl-6">
         <path>.\TiFiles\</path>
         <kind>object</kind>
         <file>F2806x_Spi.obj</file>
         <name>F2806x_Spi.obj</name>
      </input_file>
      <input_file id="fl-7">
         <path>.\TiFiles\</path>
         <kind>object</kind>
         <file>F2806x_Sci.obj</file>
         <name>F2806x_Sci.obj</name>
      </input_file>
      <input_file id="fl-8">
         <path>.\TiFiles\</path>
         <kind>object</kind>
         <file>F2806x_PieVect.obj</file>
         <name>F2806x_PieVect.obj</name>
      </input_file>
      <input_file id="fl-9">
         <path>.\TiFiles\</path>
         <kind>object</kind>
         <file>F2806x_PieCtrl.obj</file>
         <name>F2806x_PieCtrl.obj</name>
      </input_file>
      <input_file id="fl-a">
         <path>.\TiFiles\</path>
         <kind>object</kind>
         <file>F2806x_I2C.obj</file>
         <name>F2806x_I2C.obj</name>
      </input_file>
      <input_file id="fl-b">
         <path>.\TiFiles\</path>
         <kind>object</kind>
         <file>F2806x_HRCap.obj</file>
         <name>F2806x_HRCap.obj</name>
      </input_file>
      <input_file id="fl-c">
         <path>.\TiFiles\</path>
         <kind>object</kind>
         <file>F2806x_Gpio.obj</file>
         <name>F2806x_Gpio.obj</name>
      </input_file>
      <input_file id="fl-d">
         <path>.\TiFiles\</path>
         <kind>object</kind>
         <file>F2806x_GlobalVariableDefs.obj</file>
         <name>F2806x_GlobalVariableDefs.obj</name>
      </input_file>
      <input_file id="fl-e">
         <path>.\TiFiles\</path>
         <kind>object</kind>
         <file>F2806x_EPwm.obj</file>
         <name>F2806x_EPwm.obj</name>
      </input_file>
      <input_file id="fl-f">
         <path>.\TiFiles\</path>
         <kind>object</kind>
         <file>F2806x_ECap.obj</file>
         <name>F2806x_ECap.obj</name>
      </input_file>
      <input_file id="fl-10">
         <path>.\TiFiles\</path>
         <kind>object</kind>
         <file>F2806x_DefaultIsr.obj</file>
         <name>F2806x_DefaultIsr.obj</name>
      </input_file>
      <input_file id="fl-11">
         <path>.\TiFiles\</path>
         <kind>object</kind>
         <file>F2806x_CpuTimers.obj</file>
         <name>F2806x_CpuTimers.obj</name>
      </input_file>
      <input_file id="fl-12">
         <path>.\TiFiles\</path>
         <kind>object</kind>
         <file>F2806x_CodeStartBranch.obj</file>
         <name>F2806x_CodeStartBranch.obj</name>
      </input_file>
      <input_file id="fl-13">
         <path>.\mhcFiles\</path>
         <kind>object</kind>
         <file>num2string.obj</file>
         <name>num2string.obj</name>
      </input_file>
      <input_file id="fl-14">
         <path>.\mhcFiles\</path>
         <kind>object</kind>
         <file>mhc_initDSP.obj</file>
         <name>mhc_initDSP.obj</name>
      </input_file>
      <input_file id="fl-15">
         <path>.\mhcFiles\</path>
         <kind>object</kind>
         <file>mhc_ePWM.obj</file>
         <name>mhc_ePWM.obj</name>
      </input_file>
      <input_file id="fl-16">
         <path>.\mhcFiles\</path>
         <kind>object</kind>
         <file>mhc_eCap.obj</file>
         <name>mhc_eCap.obj</name>
      </input_file>
      <input_file id="fl-17">
         <path>.\mhcFiles\</path>
         <kind>object</kind>
         <file>mhc_doData.obj</file>
         <name>mhc_doData.obj</name>
      </input_file>
      <input_file id="fl-18">
         <path>.\mhcFiles\</path>
         <kind>object</kind>
         <file>mhc_cpuTimer.obj</file>
         <name>mhc_cpuTimer.obj</name>
      </input_file>
      <input_file id="fl-19">
         <path>.\mhcFiles\</path>
         <kind>object</kind>
         <file>mhc_control.obj</file>
         <name>mhc_control.obj</name>
      </input_file>
      <input_file id="fl-1a">
         <path>.\mhcFiles\</path>
         <kind>object</kind>
         <file>mhc_SPI.obj</file>
         <name>mhc_SPI.obj</name>
      </input_file>
      <input_file id="fl-1b">
         <path>.\mhcFiles\</path>
         <kind>object</kind>
         <file>mhc_SCIB_S_BUS.obj</file>
         <name>mhc_SCIB_S_BUS.obj</name>
      </input_file>
      <input_file id="fl-1c">
         <path>.\mhcFiles\</path>
         <kind>object</kind>
         <file>mhc_SCIA.obj</file>
         <name>mhc_SCIA.obj</name>
      </input_file>
      <input_file id="fl-1d">
         <path>.\mhcFiles\</path>
         <kind>object</kind>
         <file>mhc_GlobalVariables.obj</file>
         <name>mhc_GlobalVariables.obj</name>
      </input_file>
      <input_file id="fl-1e">
         <path>.\mhcFiles\</path>
         <kind>object</kind>
         <file>main.obj</file>
         <name>main.obj</name>
      </input_file>
      <input_file id="fl-23">
         <path>D:\ti\controlSUITE\libs\math\FPUfastRTS\V100\lib\</path>
         <kind>archive</kind>
         <file>rts2800_fpu32_fast_supplement.lib</file>
         <name>div_f32.obj</name>
      </input_file>
      <input_file id="fl-24">
         <path>D:\ti\ccs6\ccsv6\tools\compiler\c2000_6.2.7\lib\</path>
         <kind>archive</kind>
         <file>rts2800_fpu32.lib</file>
         <name>i_div.obj</name>
      </input_file>
      <input_file id="fl-25">
         <path>D:\ti\ccs6\ccsv6\tools\compiler\c2000_6.2.7\lib\</path>
         <kind>archive</kind>
         <file>rts2800_fpu32.lib</file>
         <name>l_div.obj</name>
      </input_file>
      <input_file id="fl-26">
         <path>D:\ti\ccs6\ccsv6\tools\compiler\c2000_6.2.7\lib\</path>
         <kind>archive</kind>
         <file>rts2800_fpu32.lib</file>
         <name>ll_div.obj</name>
      </input_file>
      <input_file id="fl-27">
         <path>D:\ti\ccs6\ccsv6\tools\compiler\c2000_6.2.7\lib\</path>
         <kind>archive</kind>
         <file>rts2800_fpu32.lib</file>
         <name>u_div.obj</name>
      </input_file>
      <input_file id="fl-28">
         <path>D:\ti\controlSUITE\libs\math\FPUfastRTS\V100\lib\</path>
         <kind>archive</kind>
         <file>rts2800_fpu32_fast_supplement.lib</file>
         <name>atan_f32.obj</name>
      </input_file>
      <input_file id="fl-29">
         <path>D:\ti\controlSUITE\libs\math\FPUfastRTS\V100\lib\</path>
         <kind>archive</kind>
         <file>rts2800_fpu32_fast_supplement.lib</file>
         <name>FPUmathTables.obj</name>
      </input_file>
      <input_file id="fl-2a">
         <path>D:\ti\ccs6\ccsv6\tools\compiler\c2000_6.2.7\lib\</path>
         <kind>archive</kind>
         <file>rts2800_fpu32.lib</file>
         <name>boot.obj</name>
      </input_file>
      <input_file id="fl-2b">
         <path>D:\ti\ccs6\ccsv6\tools\compiler\c2000_6.2.7\lib\</path>
         <kind>archive</kind>
         <file>rts2800_fpu32.lib</file>
         <name>args_main.obj</name>
      </input_file>
      <input_file id="fl-2c">
         <path>D:\ti\controlSUITE\libs\math\FPUfastRTS\V100\lib\</path>
         <kind>archive</kind>
         <file>rts2800_fpu32_fast_supplement.lib</file>
         <name>cos_f32.obj</name>
      </input_file>
      <input_file id="fl-2d">
         <path>D:\ti\ccs6\ccsv6\tools\compiler\c2000_6.2.7\lib\</path>
         <kind>archive</kind>
         <file>rts2800_fpu32.lib</file>
         <name>exit.obj</name>
      </input_file>
      <input_file id="fl-2e">
         <path>D:\ti\ccs6\ccsv6\tools\compiler\c2000_6.2.7\lib\</path>
         <kind>archive</kind>
         <file>rts2800_fpu32.lib</file>
         <name>_lock.obj</name>
      </input_file>
      <input_file id="fl-2f">
         <path>D:\ti\controlSUITE\libs\math\FPUfastRTS\V100\lib\</path>
         <kind>archive</kind>
         <file>rts2800_fpu32_fast_supplement.lib</file>
         <name>sin_f32.obj</name>
      </input_file>
      <input_file id="fl-30">
         <path>D:\ti\controlSUITE\libs\math\FPUfastRTS\V100\lib\</path>
         <kind>archive</kind>
         <file>rts2800_fpu32_fast_supplement.lib</file>
         <name>sqrt_f32.obj</name>
      </input_file>
      <input_file id="fl-31">
         <path>D:\ti\ccs6\ccsv6\tools\compiler\c2000_6.2.7\lib\</path>
         <kind>archive</kind>
         <file>rts2800_fpu32.lib</file>
         <name>strcat.obj</name>
      </input_file>
      <input_file id="fl-32">
         <path>D:\ti\ccs6\ccsv6\tools\compiler\c2000_6.2.7\lib\</path>
         <kind>archive</kind>
         <file>rts2800_fpu32.lib</file>
         <name>tan.obj</name>
      </input_file>
   </input_file_list>
   <object_component_list>
      <object_component id="oc-f8">
         <name>.cinit</name>
         <load_address>0x3f5a76</load_address>
         <run_address>0x3f5a76</run_address>
         <size>0x26c</size>
         <input_file_ref idref="fl-1d"/>
      </object_component>
      <object_component id="oc-12d">
         <name>.cinit</name>
         <load_address>0x3f5ce2</load_address>
         <run_address>0x3f5ce2</run_address>
         <size>0xa</size>
         <input_file_ref idref="fl-2e"/>
      </object_component>
      <object_component id="oc-127">
         <name>.cinit</name>
         <load_address>0x3f5cec</load_address>
         <run_address>0x3f5cec</run_address>
         <size>0xa</size>
         <input_file_ref idref="fl-2d"/>
      </object_component>
      <object_component id="oc-157">
         <name>.text</name>
         <load_address>0x3f4000</load_address>
         <run_address>0x3f4000</run_address>
         <size>0x56c</size>
         <input_file_ref idref="fl-13"/>
      </object_component>
      <object_component id="oc-bc">
         <name>.text:retain</name>
         <load_address>0x3f456c</load_address>
         <run_address>0x3f456c</run_address>
         <size>0x39f</size>
         <input_file_ref idref="fl-10"/>
      </object_component>
      <object_component id="oc-142">
         <name>.text</name>
         <load_address>0x3f490b</load_address>
         <run_address>0x3f490b</run_address>
         <size>0x316</size>
         <input_file_ref idref="fl-17"/>
      </object_component>
      <object_component id="oc-148">
         <name>.text</name>
         <load_address>0x3f4c21</load_address>
         <run_address>0x3f4c21</run_address>
         <size>0x234</size>
         <input_file_ref idref="fl-14"/>
      </object_component>
      <object_component id="oc-155">
         <name>.text</name>
         <load_address>0x3f4e55</load_address>
         <run_address>0x3f4e55</run_address>
         <size>0x1a0</size>
         <input_file_ref idref="fl-15"/>
      </object_component>
      <object_component id="oc-149">
         <name>.text</name>
         <load_address>0x3f4ff5</load_address>
         <run_address>0x3f4ff5</run_address>
         <size>0x183</size>
         <input_file_ref idref="fl-5"/>
      </object_component>
      <object_component id="oc-10b">
         <name>.text</name>
         <load_address>0x3f5178</load_address>
         <run_address>0x3f5178</run_address>
         <size>0x107</size>
         <input_file_ref idref="fl-26"/>
      </object_component>
      <object_component id="oc-14d">
         <name>.text</name>
         <load_address>0x3f527f</load_address>
         <run_address>0x3f527f</run_address>
         <size>0xd8</size>
         <input_file_ref idref="fl-e"/>
      </object_component>
      <object_component id="oc-153">
         <name>.text</name>
         <load_address>0x3f5357</load_address>
         <run_address>0x3f5357</run_address>
         <size>0xd6</size>
         <input_file_ref idref="fl-1b"/>
      </object_component>
      <object_component id="oc-df">
         <name>.text:retain</name>
         <load_address>0x3f542d</load_address>
         <run_address>0x3f542d</run_address>
         <size>0x79</size>
         <input_file_ref idref="fl-18"/>
      </object_component>
      <object_component id="oc-151">
         <name>.text</name>
         <load_address>0x3f54a6</load_address>
         <run_address>0x3f54a6</run_address>
         <size>0x77</size>
         <input_file_ref idref="fl-11"/>
      </object_component>
      <object_component id="oc-ed">
         <name>.text:retain</name>
         <load_address>0x3f551d</load_address>
         <run_address>0x3f551d</run_address>
         <size>0x6c</size>
         <input_file_ref idref="fl-1b"/>
      </object_component>
      <object_component id="oc-f2">
         <name>.text:retain</name>
         <load_address>0x3f5589</load_address>
         <run_address>0x3f5589</run_address>
         <size>0x65</size>
         <input_file_ref idref="fl-1c"/>
      </object_component>
      <object_component id="oc-146">
         <name>.text</name>
         <load_address>0x3f55ee</load_address>
         <run_address>0x3f55ee</run_address>
         <size>0x61</size>
         <input_file_ref idref="fl-32"/>
      </object_component>
      <object_component id="oc-d6">
         <name>.text:retain</name>
         <load_address>0x3f564f</load_address>
         <run_address>0x3f564f</run_address>
         <size>0x5a</size>
         <input_file_ref idref="fl-16"/>
      </object_component>
      <object_component id="oc-152">
         <name>.text</name>
         <load_address>0x3f56a9</load_address>
         <run_address>0x3f56a9</run_address>
         <size>0x55</size>
         <input_file_ref idref="fl-1c"/>
      </object_component>
      <object_component id="oc-e8">
         <name>.text:retain</name>
         <load_address>0x3f56fe</load_address>
         <run_address>0x3f56fe</run_address>
         <size>0x54</size>
         <input_file_ref idref="fl-1a"/>
      </object_component>
      <object_component id="oc-113">
         <name>.text</name>
         <load_address>0x3f5752</load_address>
         <run_address>0x3f5752</run_address>
         <size>0x4a</size>
         <input_file_ref idref="fl-28"/>
      </object_component>
      <object_component id="oc-118">
         <name>.text</name>
         <load_address>0x3f579c</load_address>
         <run_address>0x3f579c</run_address>
         <size>0x46</size>
         <input_file_ref idref="fl-2a"/>
      </object_component>
      <object_component id="oc-14e">
         <name>.text</name>
         <load_address>0x3f57e2</load_address>
         <run_address>0x3f57e2</run_address>
         <size>0x44</size>
         <input_file_ref idref="fl-6"/>
      </object_component>
      <object_component id="oc-122">
         <name>.text</name>
         <load_address>0x3f5826</load_address>
         <run_address>0x3f5826</run_address>
         <size>0x34</size>
         <input_file_ref idref="fl-2c"/>
      </object_component>
      <object_component id="oc-132">
         <name>.text</name>
         <load_address>0x3f585a</load_address>
         <run_address>0x3f585a</run_address>
         <size>0x34</size>
         <input_file_ref idref="fl-2f"/>
      </object_component>
      <object_component id="oc-14b">
         <name>.text</name>
         <load_address>0x3f588e</load_address>
         <run_address>0x3f588e</run_address>
         <size>0x32</size>
         <input_file_ref idref="fl-f"/>
      </object_component>
      <object_component id="oc-14c">
         <name>.text</name>
         <load_address>0x3f58c0</load_address>
         <run_address>0x3f58c0</run_address>
         <size>0x2c</size>
         <input_file_ref idref="fl-7"/>
      </object_component>
      <object_component id="oc-107">
         <name>.text</name>
         <load_address>0x3f58ec</load_address>
         <run_address>0x3f58ec</run_address>
         <size>0x2a</size>
         <input_file_ref idref="fl-25"/>
      </object_component>
      <object_component id="oc-14f">
         <name>.text</name>
         <load_address>0x3f5916</load_address>
         <run_address>0x3f5916</run_address>
         <size>0x28</size>
         <input_file_ref idref="fl-9"/>
      </object_component>
      <object_component id="oc-150">
         <name>.text</name>
         <load_address>0x3f593e</load_address>
         <run_address>0x3f593e</run_address>
         <size>0x25</size>
         <input_file_ref idref="fl-8"/>
      </object_component>
      <object_component id="oc-154">
         <name>.text</name>
         <load_address>0x3f5963</load_address>
         <run_address>0x3f5963</run_address>
         <size>0x24</size>
         <input_file_ref idref="fl-16"/>
      </object_component>
      <object_component id="oc-103">
         <name>.text</name>
         <load_address>0x3f5987</load_address>
         <run_address>0x3f5987</run_address>
         <size>0x22</size>
         <input_file_ref idref="fl-24"/>
      </object_component>
      <object_component id="oc-136">
         <name>.text</name>
         <load_address>0x3f59a9</load_address>
         <run_address>0x3f59a9</run_address>
         <size>0x21</size>
         <input_file_ref idref="fl-30"/>
      </object_component>
      <object_component id="oc-143">
         <name>.text</name>
         <load_address>0x3f59ca</load_address>
         <run_address>0x3f59ca</run_address>
         <size>0x19</size>
         <input_file_ref idref="fl-2b"/>
      </object_component>
      <object_component id="oc-144">
         <name>.text</name>
         <load_address>0x3f59e3</load_address>
         <run_address>0x3f59e3</run_address>
         <size>0x19</size>
         <input_file_ref idref="fl-2d"/>
      </object_component>
      <object_component id="oc-ff">
         <name>.text</name>
         <load_address>0x3f59fc</load_address>
         <run_address>0x3f59fc</run_address>
         <size>0x19</size>
         <input_file_ref idref="fl-23"/>
      </object_component>
      <object_component id="oc-14a">
         <name>.text</name>
         <load_address>0x3f5a15</load_address>
         <run_address>0x3f5a15</run_address>
         <size>0x17</size>
         <input_file_ref idref="fl-a"/>
      </object_component>
      <object_component id="oc-156">
         <name>.text</name>
         <load_address>0x3f5a2c</load_address>
         <run_address>0x3f5a2c</run_address>
         <size>0x14</size>
         <input_file_ref idref="fl-1a"/>
      </object_component>
      <object_component id="oc-147">
         <name>.text</name>
         <load_address>0x3f5a40</load_address>
         <run_address>0x3f5a40</run_address>
         <size>0xd</size>
         <input_file_ref idref="fl-1e"/>
      </object_component>
      <object_component id="oc-10f">
         <name>.text</name>
         <load_address>0x3f5a4d</load_address>
         <run_address>0x3f5a4d</run_address>
         <size>0xb</size>
         <input_file_ref idref="fl-27"/>
      </object_component>
      <object_component id="oc-145">
         <name>.text</name>
         <load_address>0x3f5a58</load_address>
         <run_address>0x3f5a58</run_address>
         <size>0x9</size>
         <input_file_ref idref="fl-2e"/>
      </object_component>
      <object_component id="oc-158">
         <name>.text</name>
         <load_address>0x3f5a61</load_address>
         <run_address>0x3f5a61</run_address>
         <size>0x9</size>
         <input_file_ref idref="fl-31"/>
      </object_component>
      <object_component id="oc-c5">
         <name>.text</name>
         <load_address>0x3f5a6a</load_address>
         <run_address>0x3f5a6a</run_address>
         <size>0x8</size>
         <input_file_ref idref="fl-12"/>
      </object_component>
      <object_component id="oc-53">
         <name>.text</name>
         <load_address>0x3f5a72</load_address>
         <run_address>0x3f5a72</run_address>
         <size>0x4</size>
         <input_file_ref idref="fl-4"/>
      </object_component>
      <object_component id="oc-52">
         <name>codestart</name>
         <load_address>0x3f7ff6</load_address>
         <run_address>0x3f7ff6</run_address>
         <size>0x2</size>
         <input_file_ref idref="fl-12"/>
      </object_component>
      <object_component id="oc-119">
         <name>.stack</name>
         <uninitialized>true</uninitialized>
         <run_address>0x50</run_address>
         <size>0x0</size>
         <input_file_ref idref="fl-2a"/>
      </object_component>
      <object_component id="oc-1b0">
         <name>.stack</name>
         <uninitialized>true</uninitialized>
         <run_address>0x50</run_address>
         <size>0x0</size>
      </object_component>
      <object_component id="oc-c1">
         <name>.ebss</name>
         <uninitialized>true</uninitialized>
         <run_address>0x8fc0</run_address>
         <size>0x18</size>
         <input_file_ref idref="fl-11"/>
      </object_component>
      <object_component id="oc-f9">
         <name>.ebss</name>
         <uninitialized>true</uninitialized>
         <run_address>0x8c00</run_address>
         <size>0x3c0</size>
         <input_file_ref idref="fl-1d"/>
      </object_component>
      <object_component id="oc-128">
         <name>.ebss</name>
         <uninitialized>true</uninitialized>
         <run_address>0x8fdc</run_address>
         <size>0x4</size>
         <input_file_ref idref="fl-2d"/>
      </object_component>
      <object_component id="oc-12e">
         <name>.ebss</name>
         <uninitialized>true</uninitialized>
         <run_address>0x8fd8</run_address>
         <size>0x4</size>
         <input_file_ref idref="fl-2e"/>
      </object_component>
      <object_component id="oc-64">
         <name>.econst</name>
         <load_address>0x3f5cf8</load_address>
         <run_address>0x3f5cf8</run_address>
         <size>0x100</size>
         <input_file_ref idref="fl-8"/>
      </object_component>
      <object_component id="oc-f3">
         <name>.econst:.string</name>
         <load_address>0x3f5df8</load_address>
         <run_address>0x3f5df8</run_address>
         <size>0x3</size>
         <input_file_ref idref="fl-1c"/>
      </object_component>
      <object_component id="oc-117">
         <name>FPUmathTables</name>
         <load_address>0x3fd860</load_address>
         <run_address>0x3fd860</run_address>
         <size>0x6a0</size>
         <input_file_ref idref="fl-29"/>
      </object_component>
      <object_component id="oc-11a">
         <name>.reset</name>
         <load_address>0x3fffc0</load_address>
         <run_address>0x3fffc0</run_address>
         <size>0x2</size>
         <input_file_ref idref="fl-2a"/>
      </object_component>
      <object_component id="oc-af">
         <name>PieVectTableFile</name>
         <uninitialized>true</uninitialized>
         <run_address>0xd00</run_address>
         <size>0x100</size>
         <input_file_ref idref="fl-d"/>
      </object_component>
      <object_component id="oc-7a">
         <name>EmuKeyVar</name>
         <uninitialized>true</uninitialized>
         <run_address>0xd00</run_address>
         <size>0x1</size>
         <input_file_ref idref="fl-d"/>
      </object_component>
      <object_component id="oc-7b">
         <name>EmuBModeVar</name>
         <uninitialized>true</uninitialized>
         <run_address>0xd01</run_address>
         <size>0x1</size>
         <input_file_ref idref="fl-d"/>
      </object_component>
      <object_component id="oc-7c">
         <name>FlashCallbackVar</name>
         <uninitialized>true</uninitialized>
         <run_address>0xd02</run_address>
         <size>0x2</size>
         <input_file_ref idref="fl-d"/>
      </object_component>
      <object_component id="oc-7d">
         <name>FlashScalingVar</name>
         <uninitialized>true</uninitialized>
         <run_address>0xd04</run_address>
         <size>0x2</size>
         <input_file_ref idref="fl-d"/>
      </object_component>
      <object_component id="oc-7f">
         <name>DevEmuRegsFile</name>
         <uninitialized>true</uninitialized>
         <run_address>0x880</run_address>
         <size>0x4</size>
         <input_file_ref idref="fl-d"/>
      </object_component>
      <object_component id="oc-7e">
         <name>SysPwrCtrlRegsFile</name>
         <uninitialized>true</uninitialized>
         <run_address>0x985</run_address>
         <size>0x3</size>
         <input_file_ref idref="fl-d"/>
      </object_component>
      <object_component id="oc-80">
         <name>FlashRegsFile</name>
         <uninitialized>true</uninitialized>
         <run_address>0xa80</run_address>
         <size>0x8</size>
         <input_file_ref idref="fl-d"/>
      </object_component>
      <object_component id="oc-8a">
         <name>CsmRegsFile</name>
         <uninitialized>true</uninitialized>
         <run_address>0xae0</run_address>
         <size>0x10</size>
         <input_file_ref idref="fl-d"/>
      </object_component>
      <object_component id="oc-87">
         <name>AdcResultFile</name>
         <uninitialized>true</uninitialized>
         <run_address>0xb00</run_address>
         <size>0x10</size>
         <input_file_ref idref="fl-d"/>
      </object_component>
      <object_component id="oc-81">
         <name>CpuTimer0RegsFile</name>
         <uninitialized>true</uninitialized>
         <run_address>0xc00</run_address>
         <size>0x8</size>
         <input_file_ref idref="fl-d"/>
      </object_component>
      <object_component id="oc-84">
         <name>CpuTimer1RegsFile</name>
         <uninitialized>true</uninitialized>
         <run_address>0xc08</run_address>
         <size>0x8</size>
         <input_file_ref idref="fl-d"/>
      </object_component>
      <object_component id="oc-82">
         <name>CpuTimer2RegsFile</name>
         <uninitialized>true</uninitialized>
         <run_address>0xc10</run_address>
         <size>0x8</size>
         <input_file_ref idref="fl-d"/>
      </object_component>
      <object_component id="oc-90">
         <name>PieCtrlRegsFile</name>
         <uninitialized>true</uninitialized>
         <run_address>0xce0</run_address>
         <size>0x1a</size>
         <input_file_ref idref="fl-d"/>
      </object_component>
      <object_component id="oc-a5">
         <name>Cla1RegsFile</name>
         <uninitialized>true</uninitialized>
         <run_address>0x1400</run_address>
         <size>0x40</size>
         <input_file_ref idref="fl-d"/>
      </object_component>
      <object_component id="oc-ae">
         <name>DmaRegsFile</name>
         <uninitialized>true</uninitialized>
         <run_address>0x1000</run_address>
         <size>0xe0</size>
         <input_file_ref idref="fl-d"/>
      </object_component>
      <object_component id="oc-9f">
         <name>ECanaRegsFile</name>
         <uninitialized>true</uninitialized>
         <run_address>0x6000</run_address>
         <size>0x34</size>
         <input_file_ref idref="fl-d"/>
      </object_component>
      <object_component id="oc-a3">
         <name>ECanaLAMRegsFile</name>
         <uninitialized>true</uninitialized>
         <run_address>0x6040</run_address>
         <size>0x40</size>
         <input_file_ref idref="fl-d"/>
      </object_component>
      <object_component id="oc-b0">
         <name>ECanaMboxesFile</name>
         <uninitialized>true</uninitialized>
         <run_address>0x6100</run_address>
         <size>0x100</size>
         <input_file_ref idref="fl-d"/>
      </object_component>
      <object_component id="oc-a4">
         <name>ECanaMOTSRegsFile</name>
         <uninitialized>true</uninitialized>
         <run_address>0x6080</run_address>
         <size>0x40</size>
         <input_file_ref idref="fl-d"/>
      </object_component>
      <object_component id="oc-a0">
         <name>ECanaMOTORegsFile</name>
         <uninitialized>true</uninitialized>
         <run_address>0x60c0</run_address>
         <size>0x40</size>
         <input_file_ref idref="fl-d"/>
      </object_component>
      <object_component id="oc-98">
         <name>ECap1RegsFile</name>
         <uninitialized>true</uninitialized>
         <run_address>0x6a00</run_address>
         <size>0x20</size>
         <input_file_ref idref="fl-d"/>
      </object_component>
      <object_component id="oc-97">
         <name>ECap2RegsFile</name>
         <uninitialized>true</uninitialized>
         <run_address>0x6a20</run_address>
         <size>0x20</size>
         <input_file_ref idref="fl-d"/>
      </object_component>
      <object_component id="oc-99">
         <name>ECap3RegsFile</name>
         <uninitialized>true</uninitialized>
         <run_address>0x6a40</run_address>
         <size>0x20</size>
         <input_file_ref idref="fl-d"/>
      </object_component>
      <object_component id="oc-9c">
         <name>EQep1RegsFile</name>
         <uninitialized>true</uninitialized>
         <run_address>0x6b00</run_address>
         <size>0x22</size>
         <input_file_ref idref="fl-d"/>
      </object_component>
      <object_component id="oc-9a">
         <name>EQep2RegsFile</name>
         <uninitialized>true</uninitialized>
         <run_address>0x6b40</run_address>
         <size>0x22</size>
         <input_file_ref idref="fl-d"/>
      </object_component>
      <object_component id="oc-a8">
         <name>GpioCtrlRegsFile</name>
         <uninitialized>true</uninitialized>
         <run_address>0x6f80</run_address>
         <size>0x40</size>
         <input_file_ref idref="fl-d"/>
      </object_component>
      <object_component id="oc-92">
         <name>GpioDataRegsFile</name>
         <uninitialized>true</uninitialized>
         <run_address>0x6fc0</run_address>
         <size>0x20</size>
         <input_file_ref idref="fl-d"/>
      </object_component>
      <object_component id="oc-91">
         <name>GpioIntRegsFile</name>
         <uninitialized>true</uninitialized>
         <run_address>0x6fe0</run_address>
         <size>0x20</size>
         <input_file_ref idref="fl-d"/>
      </object_component>
      <object_component id="oc-95">
         <name>HRCap1RegsFile</name>
         <uninitialized>true</uninitialized>
         <run_address>0x6ac0</run_address>
         <size>0x20</size>
         <input_file_ref idref="fl-d"/>
      </object_component>
      <object_component id="oc-96">
         <name>HRCap2RegsFile</name>
         <uninitialized>true</uninitialized>
         <run_address>0x6ae0</run_address>
         <size>0x20</size>
         <input_file_ref idref="fl-d"/>
      </object_component>
      <object_component id="oc-93">
         <name>HRCap3RegsFile</name>
         <uninitialized>true</uninitialized>
         <run_address>0x6c80</run_address>
         <size>0x20</size>
         <input_file_ref idref="fl-d"/>
      </object_component>
      <object_component id="oc-94">
         <name>HRCap4RegsFile</name>
         <uninitialized>true</uninitialized>
         <run_address>0x6ca0</run_address>
         <size>0x20</size>
         <input_file_ref idref="fl-d"/>
      </object_component>
      <object_component id="oc-9e">
         <name>SysCtrlRegsFile</name>
         <uninitialized>true</uninitialized>
         <run_address>0x7010</run_address>
         <size>0x30</size>
         <input_file_ref idref="fl-d"/>
      </object_component>
      <object_component id="oc-86">
         <name>SpiaRegsFile</name>
         <uninitialized>true</uninitialized>
         <run_address>0x7040</run_address>
         <size>0x10</size>
         <input_file_ref idref="fl-d"/>
      </object_component>
      <object_component id="oc-8b">
         <name>SpibRegsFile</name>
         <uninitialized>true</uninitialized>
         <run_address>0x7740</run_address>
         <size>0x10</size>
         <input_file_ref idref="fl-d"/>
      </object_component>
      <object_component id="oc-88">
         <name>SciaRegsFile</name>
         <uninitialized>true</uninitialized>
         <run_address>0x7050</run_address>
         <size>0x10</size>
         <input_file_ref idref="fl-d"/>
      </object_component>
      <object_component id="oc-85">
         <name>ScibRegsFile</name>
         <uninitialized>true</uninitialized>
         <run_address>0x7750</run_address>
         <size>0x10</size>
         <input_file_ref idref="fl-d"/>
      </object_component>
      <object_component id="oc-89">
         <name>NmiIntruptRegsFile</name>
         <uninitialized>true</uninitialized>
         <run_address>0x7060</run_address>
         <size>0x10</size>
         <input_file_ref idref="fl-d"/>
      </object_component>
      <object_component id="oc-8c">
         <name>XIntruptRegsFile</name>
         <uninitialized>true</uninitialized>
         <run_address>0x7070</run_address>
         <size>0x10</size>
         <input_file_ref idref="fl-d"/>
      </object_component>
      <object_component id="oc-ad">
         <name>AdcRegsFile</name>
         <uninitialized>true</uninitialized>
         <run_address>0x7100</run_address>
         <size>0x50</size>
         <input_file_ref idref="fl-d"/>
      </object_component>
      <object_component id="oc-9b">
         <name>I2caRegsFile</name>
         <uninitialized>true</uninitialized>
         <run_address>0x7900</run_address>
         <size>0x22</size>
         <input_file_ref idref="fl-d"/>
      </object_component>
      <object_component id="oc-8e">
         <name>Comp1RegsFile</name>
         <uninitialized>true</uninitialized>
         <run_address>0x6400</run_address>
         <size>0x14</size>
         <input_file_ref idref="fl-d"/>
      </object_component>
      <object_component id="oc-8d">
         <name>Comp2RegsFile</name>
         <uninitialized>true</uninitialized>
         <run_address>0x6420</run_address>
         <size>0x14</size>
         <input_file_ref idref="fl-d"/>
      </object_component>
      <object_component id="oc-8f">
         <name>Comp3RegsFile</name>
         <uninitialized>true</uninitialized>
         <run_address>0x6440</run_address>
         <size>0x14</size>
         <input_file_ref idref="fl-d"/>
      </object_component>
      <object_component id="oc-a2">
         <name>EPwm1RegsFile</name>
         <uninitialized>true</uninitialized>
         <run_address>0x6800</run_address>
         <size>0x40</size>
         <input_file_ref idref="fl-d"/>
      </object_component>
      <object_component id="oc-a1">
         <name>EPwm2RegsFile</name>
         <uninitialized>true</uninitialized>
         <run_address>0x6840</run_address>
         <size>0x40</size>
         <input_file_ref idref="fl-d"/>
      </object_component>
      <object_component id="oc-ac">
         <name>EPwm3RegsFile</name>
         <uninitialized>true</uninitialized>
         <run_address>0x6880</run_address>
         <size>0x40</size>
         <input_file_ref idref="fl-d"/>
      </object_component>
      <object_component id="oc-aa">
         <name>EPwm4RegsFile</name>
         <uninitialized>true</uninitialized>
         <run_address>0x68c0</run_address>
         <size>0x40</size>
         <input_file_ref idref="fl-d"/>
      </object_component>
      <object_component id="oc-ab">
         <name>EPwm5RegsFile</name>
         <uninitialized>true</uninitialized>
         <run_address>0x6900</run_address>
         <size>0x40</size>
         <input_file_ref idref="fl-d"/>
      </object_component>
      <object_component id="oc-a7">
         <name>EPwm6RegsFile</name>
         <uninitialized>true</uninitialized>
         <run_address>0x6940</run_address>
         <size>0x40</size>
         <input_file_ref idref="fl-d"/>
      </object_component>
      <object_component id="oc-a6">
         <name>EPwm7RegsFile</name>
         <uninitialized>true</uninitialized>
         <run_address>0x6980</run_address>
         <size>0x40</size>
         <input_file_ref idref="fl-d"/>
      </object_component>
      <object_component id="oc-a9">
         <name>EPwm8RegsFile</name>
         <uninitialized>true</uninitialized>
         <run_address>0x69c0</run_address>
         <size>0x40</size>
         <input_file_ref idref="fl-d"/>
      </object_component>
      <object_component id="oc-9d">
         <name>McbspaRegsFile</name>
         <uninitialized>true</uninitialized>
         <run_address>0x5000</run_address>
         <size>0x24</size>
         <input_file_ref idref="fl-d"/>
      </object_component>
      <object_component id="oc-b1">
         <name>Usb0RegsFile</name>
         <uninitialized>true</uninitialized>
         <run_address>0x4000</run_address>
         <size>0x454</size>
         <input_file_ref idref="fl-d"/>
      </object_component>
      <object_component id="oc-83">
         <name>CsmPwlFile</name>
         <uninitialized>true</uninitialized>
         <run_address>0x3f7ff8</run_address>
         <size>0x8</size>
         <input_file_ref idref="fl-d"/>
      </object_component>
      <object_component id="oc-79">
         <name>PartIdRegsFile</name>
         <uninitialized>true</uninitialized>
         <run_address>0x3d7e80</run_address>
         <size>0x1</size>
         <input_file_ref idref="fl-d"/>
      </object_component>
      <object_component id="oc-54">
         <name>.debug_info</name>
         <load_address>0x0</load_address>
         <run_address>0x0</run_address>
         <size>0xe6</size>
         <input_file_ref idref="fl-4"/>
      </object_component>
      <object_component id="oc-57">
         <name>.debug_info</name>
         <load_address>0xe6</load_address>
         <run_address>0xe6</run_address>
         <size>0x2829</size>
         <input_file_ref idref="fl-5"/>
      </object_component>
      <object_component id="oc-5b">
         <name>.debug_info</name>
         <load_address>0x290f</load_address>
         <run_address>0x290f</run_address>
         <size>0x18f1</size>
         <input_file_ref idref="fl-6"/>
      </object_component>
      <object_component id="oc-5f">
         <name>.debug_info</name>
         <load_address>0x4200</load_address>
         <run_address>0x4200</run_address>
         <size>0x19cf</size>
         <input_file_ref idref="fl-7"/>
      </object_component>
      <object_component id="oc-63">
         <name>.debug_info</name>
         <load_address>0x5bcf</load_address>
         <run_address>0x5bcf</run_address>
         <size>0x245a</size>
         <input_file_ref idref="fl-8"/>
      </object_component>
      <object_component id="oc-68">
         <name>.debug_info</name>
         <load_address>0x8029</load_address>
         <run_address>0x8029</run_address>
         <size>0xb34</size>
         <input_file_ref idref="fl-9"/>
      </object_component>
      <object_component id="oc-6c">
         <name>.debug_info</name>
         <load_address>0x8b5d</load_address>
         <run_address>0x8b5d</run_address>
         <size>0x18e5</size>
         <input_file_ref idref="fl-a"/>
      </object_component>
      <object_component id="oc-70">
         <name>.debug_info</name>
         <load_address>0xa442</load_address>
         <run_address>0xa442</run_address>
         <size>0x1831</size>
         <input_file_ref idref="fl-b"/>
      </object_component>
      <object_component id="oc-74">
         <name>.debug_info</name>
         <load_address>0xbc73</load_address>
         <run_address>0xbc73</run_address>
         <size>0x1830</size>
         <input_file_ref idref="fl-c"/>
      </object_component>
      <object_component id="oc-78">
         <name>.debug_info</name>
         <load_address>0xd4a3</load_address>
         <run_address>0xd4a3</run_address>
         <size>0x1a746</size>
         <input_file_ref idref="fl-d"/>
      </object_component>
      <object_component id="oc-b3">
         <name>.debug_info</name>
         <load_address>0x27be9</load_address>
         <run_address>0x27be9</run_address>
         <size>0x1d8d</size>
         <input_file_ref idref="fl-e"/>
      </object_component>
      <object_component id="oc-b7">
         <name>.debug_info</name>
         <load_address>0x29976</load_address>
         <run_address>0x29976</run_address>
         <size>0x1a5c</size>
         <input_file_ref idref="fl-f"/>
      </object_component>
      <object_component id="oc-bb">
         <name>.debug_info</name>
         <load_address>0x2b3d2</load_address>
         <run_address>0x2b3d2</run_address>
         <size>0x296b</size>
         <input_file_ref idref="fl-10"/>
      </object_component>
      <object_component id="oc-c0">
         <name>.debug_info</name>
         <load_address>0x2dd3d</load_address>
         <run_address>0x2dd3d</run_address>
         <size>0x98e</size>
         <input_file_ref idref="fl-11"/>
      </object_component>
      <object_component id="oc-c6">
         <name>.debug_info</name>
         <load_address>0x2e6cb</load_address>
         <run_address>0x2e6cb</run_address>
         <size>0x129</size>
         <input_file_ref idref="fl-12"/>
      </object_component>
      <object_component id="oc-c9">
         <name>.debug_info</name>
         <load_address>0x2e7f4</load_address>
         <run_address>0x2e7f4</run_address>
         <size>0xd33</size>
         <input_file_ref idref="fl-13"/>
      </object_component>
      <object_component id="oc-cd">
         <name>.debug_info</name>
         <load_address>0x2f527</load_address>
         <run_address>0x2f527</run_address>
         <size>0x55ed</size>
         <input_file_ref idref="fl-14"/>
      </object_component>
      <object_component id="oc-d1">
         <name>.debug_info</name>
         <load_address>0x34b14</load_address>
         <run_address>0x34b14</run_address>
         <size>0x257e</size>
         <input_file_ref idref="fl-15"/>
      </object_component>
      <object_component id="oc-d5">
         <name>.debug_info</name>
         <load_address>0x37092</load_address>
         <run_address>0x37092</run_address>
         <size>0x129a</size>
         <input_file_ref idref="fl-16"/>
      </object_component>
      <object_component id="oc-da">
         <name>.debug_info</name>
         <load_address>0x3832c</load_address>
         <run_address>0x3832c</run_address>
         <size>0x9fa</size>
         <input_file_ref idref="fl-17"/>
      </object_component>
      <object_component id="oc-de">
         <name>.debug_info</name>
         <load_address>0x38d26</load_address>
         <run_address>0x38d26</run_address>
         <size>0xc3b</size>
         <input_file_ref idref="fl-18"/>
      </object_component>
      <object_component id="oc-e3">
         <name>.debug_info</name>
         <load_address>0x39961</load_address>
         <run_address>0x39961</run_address>
         <size>0x748</size>
         <input_file_ref idref="fl-19"/>
      </object_component>
      <object_component id="oc-e7">
         <name>.debug_info</name>
         <load_address>0x3a0a9</load_address>
         <run_address>0x3a0a9</run_address>
         <size>0x1d6a</size>
         <input_file_ref idref="fl-1a"/>
      </object_component>
      <object_component id="oc-ec">
         <name>.debug_info</name>
         <load_address>0x3be13</load_address>
         <run_address>0x3be13</run_address>
         <size>0x19a3</size>
         <input_file_ref idref="fl-1b"/>
      </object_component>
      <object_component id="oc-f1">
         <name>.debug_info</name>
         <load_address>0x3d7b6</load_address>
         <run_address>0x3d7b6</run_address>
         <size>0x18d5</size>
         <input_file_ref idref="fl-1c"/>
      </object_component>
      <object_component id="oc-f7">
         <name>.debug_info</name>
         <load_address>0x3f08b</load_address>
         <run_address>0x3f08b</run_address>
         <size>0x10db</size>
         <input_file_ref idref="fl-1d"/>
      </object_component>
      <object_component id="oc-fb">
         <name>.debug_info</name>
         <load_address>0x40166</load_address>
         <run_address>0x40166</run_address>
         <size>0x15cd</size>
         <input_file_ref idref="fl-1e"/>
      </object_component>
      <object_component id="oc-100">
         <name>.debug_info</name>
         <load_address>0x41733</load_address>
         <run_address>0x41733</run_address>
         <size>0x142</size>
         <input_file_ref idref="fl-23"/>
      </object_component>
      <object_component id="oc-104">
         <name>.debug_info</name>
         <load_address>0x41875</load_address>
         <run_address>0x41875</run_address>
         <size>0xeb</size>
         <input_file_ref idref="fl-24"/>
      </object_component>
      <object_component id="oc-108">
         <name>.debug_info</name>
         <load_address>0x41960</load_address>
         <run_address>0x41960</run_address>
         <size>0x14b</size>
         <input_file_ref idref="fl-25"/>
      </object_component>
      <object_component id="oc-10c">
         <name>.debug_info</name>
         <load_address>0x41aab</load_address>
         <run_address>0x41aab</run_address>
         <size>0x1c1</size>
         <input_file_ref idref="fl-26"/>
      </object_component>
      <object_component id="oc-110">
         <name>.debug_info</name>
         <load_address>0x41c6c</load_address>
         <run_address>0x41c6c</run_address>
         <size>0xeb</size>
         <input_file_ref idref="fl-27"/>
      </object_component>
      <object_component id="oc-114">
         <name>.debug_info</name>
         <load_address>0x41d57</load_address>
         <run_address>0x41d57</run_address>
         <size>0x145</size>
         <input_file_ref idref="fl-28"/>
      </object_component>
      <object_component id="oc-11b">
         <name>.debug_info</name>
         <load_address>0x41e9c</load_address>
         <run_address>0x41e9c</run_address>
         <size>0xde</size>
         <input_file_ref idref="fl-2a"/>
      </object_component>
      <object_component id="oc-11e">
         <name>.debug_info</name>
         <load_address>0x41f7a</load_address>
         <run_address>0x41f7a</run_address>
         <size>0x46f</size>
         <input_file_ref idref="fl-2b"/>
      </object_component>
      <object_component id="oc-123">
         <name>.debug_info</name>
         <load_address>0x423e9</load_address>
         <run_address>0x423e9</run_address>
         <size>0x142</size>
         <input_file_ref idref="fl-2c"/>
      </object_component>
      <object_component id="oc-126">
         <name>.debug_info</name>
         <load_address>0x4252b</load_address>
         <run_address>0x4252b</run_address>
         <size>0x488</size>
         <input_file_ref idref="fl-2d"/>
      </object_component>
      <object_component id="oc-12c">
         <name>.debug_info</name>
         <load_address>0x429b3</load_address>
         <run_address>0x429b3</run_address>
         <size>0x4ae</size>
         <input_file_ref idref="fl-2e"/>
      </object_component>
      <object_component id="oc-133">
         <name>.debug_info</name>
         <load_address>0x42e61</load_address>
         <run_address>0x42e61</run_address>
         <size>0x142</size>
         <input_file_ref idref="fl-2f"/>
      </object_component>
      <object_component id="oc-137">
         <name>.debug_info</name>
         <load_address>0x42fa3</load_address>
         <run_address>0x42fa3</run_address>
         <size>0x144</size>
         <input_file_ref idref="fl-30"/>
      </object_component>
      <object_component id="oc-13a">
         <name>.debug_info</name>
         <load_address>0x430e7</load_address>
         <run_address>0x430e7</run_address>
         <size>0x453</size>
         <input_file_ref idref="fl-31"/>
      </object_component>
      <object_component id="oc-13e">
         <name>.debug_info</name>
         <load_address>0x4353a</load_address>
         <run_address>0x4353a</run_address>
         <size>0x3d2</size>
         <input_file_ref idref="fl-32"/>
      </object_component>
      <object_component id="oc-1b1">
         <name>.debug_info</name>
         <load_address>0x4390c</load_address>
         <run_address>0x4390c</run_address>
         <size>0x6f</size>
      </object_component>
      <object_component id="oc-55">
         <name>.debug_line</name>
         <load_address>0x0</load_address>
         <run_address>0x0</run_address>
         <size>0x4b</size>
         <input_file_ref idref="fl-4"/>
      </object_component>
      <object_component id="oc-59">
         <name>.debug_line</name>
         <load_address>0x4b</load_address>
         <run_address>0x4b</run_address>
         <size>0x202</size>
         <input_file_ref idref="fl-5"/>
      </object_component>
      <object_component id="oc-5d">
         <name>.debug_line</name>
         <load_address>0x24d</load_address>
         <run_address>0x24d</run_address>
         <size>0x86</size>
         <input_file_ref idref="fl-6"/>
      </object_component>
      <object_component id="oc-61">
         <name>.debug_line</name>
         <load_address>0x2d3</load_address>
         <run_address>0x2d3</run_address>
         <size>0xa4</size>
         <input_file_ref idref="fl-7"/>
      </object_component>
      <object_component id="oc-66">
         <name>.debug_line</name>
         <load_address>0x377</load_address>
         <run_address>0x377</run_address>
         <size>0x6d</size>
         <input_file_ref idref="fl-8"/>
      </object_component>
      <object_component id="oc-6a">
         <name>.debug_line</name>
         <load_address>0x3e4</load_address>
         <run_address>0x3e4</run_address>
         <size>0x88</size>
         <input_file_ref idref="fl-9"/>
      </object_component>
      <object_component id="oc-6e">
         <name>.debug_line</name>
         <load_address>0x46c</load_address>
         <run_address>0x46c</run_address>
         <size>0x6f</size>
         <input_file_ref idref="fl-a"/>
      </object_component>
      <object_component id="oc-72">
         <name>.debug_line</name>
         <load_address>0x4db</load_address>
         <run_address>0x4db</run_address>
         <size>0x37</size>
         <input_file_ref idref="fl-b"/>
      </object_component>
      <object_component id="oc-76">
         <name>.debug_line</name>
         <load_address>0x512</load_address>
         <run_address>0x512</run_address>
         <size>0x36</size>
         <input_file_ref idref="fl-c"/>
      </object_component>
      <object_component id="oc-b5">
         <name>.debug_line</name>
         <load_address>0x548</load_address>
         <run_address>0x548</run_address>
         <size>0x1a4</size>
         <input_file_ref idref="fl-e"/>
      </object_component>
      <object_component id="oc-b9">
         <name>.debug_line</name>
         <load_address>0x6ec</load_address>
         <run_address>0x6ec</run_address>
         <size>0xc1</size>
         <input_file_ref idref="fl-f"/>
      </object_component>
      <object_component id="oc-be">
         <name>.debug_line</name>
         <load_address>0x7ad</load_address>
         <run_address>0x7ad</run_address>
         <size>0x92f</size>
         <input_file_ref idref="fl-10"/>
      </object_component>
      <object_component id="oc-c3">
         <name>.debug_line</name>
         <load_address>0x10dc</load_address>
         <run_address>0x10dc</run_address>
         <size>0x88</size>
         <input_file_ref idref="fl-11"/>
      </object_component>
      <object_component id="oc-c7">
         <name>.debug_line</name>
         <load_address>0x1164</load_address>
         <run_address>0x1164</run_address>
         <size>0x64</size>
         <input_file_ref idref="fl-12"/>
      </object_component>
      <object_component id="oc-cb">
         <name>.debug_line</name>
         <load_address>0x11c8</load_address>
         <run_address>0x11c8</run_address>
         <size>0x296</size>
         <input_file_ref idref="fl-13"/>
      </object_component>
      <object_component id="oc-cf">
         <name>.debug_line</name>
         <load_address>0x145e</load_address>
         <run_address>0x145e</run_address>
         <size>0x15a</size>
         <input_file_ref idref="fl-14"/>
      </object_component>
      <object_component id="oc-d3">
         <name>.debug_line</name>
         <load_address>0x15b8</load_address>
         <run_address>0x15b8</run_address>
         <size>0x140</size>
         <input_file_ref idref="fl-15"/>
      </object_component>
      <object_component id="oc-d8">
         <name>.debug_line</name>
         <load_address>0x16f8</load_address>
         <run_address>0x16f8</run_address>
         <size>0x88</size>
         <input_file_ref idref="fl-16"/>
      </object_component>
      <object_component id="oc-dc">
         <name>.debug_line</name>
         <load_address>0x1780</load_address>
         <run_address>0x1780</run_address>
         <size>0xe9</size>
         <input_file_ref idref="fl-17"/>
      </object_component>
      <object_component id="oc-e1">
         <name>.debug_line</name>
         <load_address>0x1869</load_address>
         <run_address>0x1869</run_address>
         <size>0x87</size>
         <input_file_ref idref="fl-18"/>
      </object_component>
      <object_component id="oc-e5">
         <name>.debug_line</name>
         <load_address>0x18f0</load_address>
         <run_address>0x18f0</run_address>
         <size>0x37</size>
         <input_file_ref idref="fl-19"/>
      </object_component>
      <object_component id="oc-ea">
         <name>.debug_line</name>
         <load_address>0x1927</load_address>
         <run_address>0x1927</run_address>
         <size>0x7d</size>
         <input_file_ref idref="fl-1a"/>
      </object_component>
      <object_component id="oc-ef">
         <name>.debug_line</name>
         <load_address>0x19a4</load_address>
         <run_address>0x19a4</run_address>
         <size>0x13b</size>
         <input_file_ref idref="fl-1b"/>
      </object_component>
      <object_component id="oc-f5">
         <name>.debug_line</name>
         <load_address>0x1adf</load_address>
         <run_address>0x1adf</run_address>
         <size>0x100</size>
         <input_file_ref idref="fl-1c"/>
      </object_component>
      <object_component id="oc-fd">
         <name>.debug_line</name>
         <load_address>0x1bdf</load_address>
         <run_address>0x1bdf</run_address>
         <size>0x4a</size>
         <input_file_ref idref="fl-1e"/>
      </object_component>
      <object_component id="oc-101">
         <name>.debug_line</name>
         <load_address>0x1c29</load_address>
         <run_address>0x1c29</run_address>
         <size>0x7a</size>
         <input_file_ref idref="fl-23"/>
      </object_component>
      <object_component id="oc-105">
         <name>.debug_line</name>
         <load_address>0x1ca3</load_address>
         <run_address>0x1ca3</run_address>
         <size>0x66</size>
         <input_file_ref idref="fl-24"/>
      </object_component>
      <object_component id="oc-109">
         <name>.debug_line</name>
         <load_address>0x1d09</load_address>
         <run_address>0x1d09</run_address>
         <size>0x8b</size>
         <input_file_ref idref="fl-25"/>
      </object_component>
      <object_component id="oc-10d">
         <name>.debug_line</name>
         <load_address>0x1d94</load_address>
         <run_address>0x1d94</run_address>
         <size>0x168</size>
         <input_file_ref idref="fl-26"/>
      </object_component>
      <object_component id="oc-111">
         <name>.debug_line</name>
         <load_address>0x1efc</load_address>
         <run_address>0x1efc</run_address>
         <size>0x4c</size>
         <input_file_ref idref="fl-27"/>
      </object_component>
      <object_component id="oc-115">
         <name>.debug_line</name>
         <load_address>0x1f48</load_address>
         <run_address>0x1f48</run_address>
         <size>0x96</size>
         <input_file_ref idref="fl-28"/>
      </object_component>
      <object_component id="oc-11c">
         <name>.debug_line</name>
         <load_address>0x1fde</load_address>
         <run_address>0x1fde</run_address>
         <size>0x71</size>
         <input_file_ref idref="fl-2a"/>
      </object_component>
      <object_component id="oc-120">
         <name>.debug_line</name>
         <load_address>0x204f</load_address>
         <run_address>0x204f</run_address>
         <size>0x50</size>
         <input_file_ref idref="fl-2b"/>
      </object_component>
      <object_component id="oc-124">
         <name>.debug_line</name>
         <load_address>0x209f</load_address>
         <run_address>0x209f</run_address>
         <size>0x88</size>
         <input_file_ref idref="fl-2c"/>
      </object_component>
      <object_component id="oc-12a">
         <name>.debug_line</name>
         <load_address>0x2127</load_address>
         <run_address>0x2127</run_address>
         <size>0x62</size>
         <input_file_ref idref="fl-2d"/>
      </object_component>
      <object_component id="oc-130">
         <name>.debug_line</name>
         <load_address>0x2189</load_address>
         <run_address>0x2189</run_address>
         <size>0x5b</size>
         <input_file_ref idref="fl-2e"/>
      </object_component>
      <object_component id="oc-134">
         <name>.debug_line</name>
         <load_address>0x21e4</load_address>
         <run_address>0x21e4</run_address>
         <size>0x88</size>
         <input_file_ref idref="fl-2f"/>
      </object_component>
      <object_component id="oc-138">
         <name>.debug_line</name>
         <load_address>0x226c</load_address>
         <run_address>0x226c</run_address>
         <size>0x80</size>
         <input_file_ref idref="fl-30"/>
      </object_component>
      <object_component id="oc-13c">
         <name>.debug_line</name>
         <load_address>0x22ec</load_address>
         <run_address>0x22ec</run_address>
         <size>0x5d</size>
         <input_file_ref idref="fl-31"/>
      </object_component>
      <object_component id="oc-140">
         <name>.debug_line</name>
         <load_address>0x2349</load_address>
         <run_address>0x2349</run_address>
         <size>0x5e</size>
         <input_file_ref idref="fl-32"/>
      </object_component>
      <object_component id="oc-56">
         <name>.debug_abbrev</name>
         <load_address>0x0</load_address>
         <run_address>0x0</run_address>
         <size>0x2c</size>
         <input_file_ref idref="fl-4"/>
      </object_component>
      <object_component id="oc-5a">
         <name>.debug_abbrev</name>
         <load_address>0x2c</load_address>
         <run_address>0x2c</run_address>
         <size>0x18c</size>
         <input_file_ref idref="fl-5"/>
      </object_component>
      <object_component id="oc-5e">
         <name>.debug_abbrev</name>
         <load_address>0x1b8</load_address>
         <run_address>0x1b8</run_address>
         <size>0xcd</size>
         <input_file_ref idref="fl-6"/>
      </object_component>
      <object_component id="oc-62">
         <name>.debug_abbrev</name>
         <load_address>0x285</load_address>
         <run_address>0x285</run_address>
         <size>0xdb</size>
         <input_file_ref idref="fl-7"/>
      </object_component>
      <object_component id="oc-67">
         <name>.debug_abbrev</name>
         <load_address>0x360</load_address>
         <run_address>0x360</run_address>
         <size>0x107</size>
         <input_file_ref idref="fl-8"/>
      </object_component>
      <object_component id="oc-6b">
         <name>.debug_abbrev</name>
         <load_address>0x467</load_address>
         <run_address>0x467</run_address>
         <size>0xbb</size>
         <input_file_ref idref="fl-9"/>
      </object_component>
      <object_component id="oc-6f">
         <name>.debug_abbrev</name>
         <load_address>0x522</load_address>
         <run_address>0x522</run_address>
         <size>0xcd</size>
         <input_file_ref idref="fl-a"/>
      </object_component>
      <object_component id="oc-73">
         <name>.debug_abbrev</name>
         <load_address>0x5ef</load_address>
         <run_address>0x5ef</run_address>
         <size>0xdb</size>
         <input_file_ref idref="fl-b"/>
      </object_component>
      <object_component id="oc-77">
         <name>.debug_abbrev</name>
         <load_address>0x6ca</load_address>
         <run_address>0x6ca</run_address>
         <size>0xcd</size>
         <input_file_ref idref="fl-c"/>
      </object_component>
      <object_component id="oc-b2">
         <name>.debug_abbrev</name>
         <load_address>0x797</load_address>
         <run_address>0x797</run_address>
         <size>0xbe</size>
         <input_file_ref idref="fl-d"/>
      </object_component>
      <object_component id="oc-b6">
         <name>.debug_abbrev</name>
         <load_address>0x855</load_address>
         <run_address>0x855</run_address>
         <size>0x125</size>
         <input_file_ref idref="fl-e"/>
      </object_component>
      <object_component id="oc-ba">
         <name>.debug_abbrev</name>
         <load_address>0x97a</load_address>
         <run_address>0x97a</run_address>
         <size>0xdb</size>
         <input_file_ref idref="fl-f"/>
      </object_component>
      <object_component id="oc-bf">
         <name>.debug_abbrev</name>
         <load_address>0xa55</load_address>
         <run_address>0xa55</run_address>
         <size>0xd5</size>
         <input_file_ref idref="fl-10"/>
      </object_component>
      <object_component id="oc-c4">
         <name>.debug_abbrev</name>
         <load_address>0xb2a</load_address>
         <run_address>0xb2a</run_address>
         <size>0xf0</size>
         <input_file_ref idref="fl-11"/>
      </object_component>
      <object_component id="oc-c8">
         <name>.debug_abbrev</name>
         <load_address>0xc1a</load_address>
         <run_address>0xc1a</run_address>
         <size>0x20</size>
         <input_file_ref idref="fl-12"/>
      </object_component>
      <object_component id="oc-cc">
         <name>.debug_abbrev</name>
         <load_address>0xc3a</load_address>
         <run_address>0xc3a</run_address>
         <size>0xf6</size>
         <input_file_ref idref="fl-13"/>
      </object_component>
      <object_component id="oc-d0">
         <name>.debug_abbrev</name>
         <load_address>0xd30</load_address>
         <run_address>0xd30</run_address>
         <size>0x14a</size>
         <input_file_ref idref="fl-14"/>
      </object_component>
      <object_component id="oc-d4">
         <name>.debug_abbrev</name>
         <load_address>0xe7a</load_address>
         <run_address>0xe7a</run_address>
         <size>0xe9</size>
         <input_file_ref idref="fl-15"/>
      </object_component>
      <object_component id="oc-d9">
         <name>.debug_abbrev</name>
         <load_address>0xf63</load_address>
         <run_address>0xf63</run_address>
         <size>0x12f</size>
         <input_file_ref idref="fl-16"/>
      </object_component>
      <object_component id="oc-dd">
         <name>.debug_abbrev</name>
         <load_address>0x1092</load_address>
         <run_address>0x1092</run_address>
         <size>0xea</size>
         <input_file_ref idref="fl-17"/>
      </object_component>
      <object_component id="oc-e2">
         <name>.debug_abbrev</name>
         <load_address>0x117c</load_address>
         <run_address>0x117c</run_address>
         <size>0xec</size>
         <input_file_ref idref="fl-18"/>
      </object_component>
      <object_component id="oc-e6">
         <name>.debug_abbrev</name>
         <load_address>0x1268</load_address>
         <run_address>0x1268</run_address>
         <size>0xda</size>
         <input_file_ref idref="fl-19"/>
      </object_component>
      <object_component id="oc-eb">
         <name>.debug_abbrev</name>
         <load_address>0x1342</load_address>
         <run_address>0x1342</run_address>
         <size>0xf5</size>
         <input_file_ref idref="fl-1a"/>
      </object_component>
      <object_component id="oc-f0">
         <name>.debug_abbrev</name>
         <load_address>0x1437</load_address>
         <run_address>0x1437</run_address>
         <size>0x11a</size>
         <input_file_ref idref="fl-1b"/>
      </object_component>
      <object_component id="oc-f6">
         <name>.debug_abbrev</name>
         <load_address>0x1551</load_address>
         <run_address>0x1551</run_address>
         <size>0x154</size>
         <input_file_ref idref="fl-1c"/>
      </object_component>
      <object_component id="oc-fa">
         <name>.debug_abbrev</name>
         <load_address>0x16a5</load_address>
         <run_address>0x16a5</run_address>
         <size>0x6d</size>
         <input_file_ref idref="fl-1d"/>
      </object_component>
      <object_component id="oc-fe">
         <name>.debug_abbrev</name>
         <load_address>0x1712</load_address>
         <run_address>0x1712</run_address>
         <size>0xdd</size>
         <input_file_ref idref="fl-1e"/>
      </object_component>
      <object_component id="oc-102">
         <name>.debug_abbrev</name>
         <load_address>0x17ef</load_address>
         <run_address>0x17ef</run_address>
         <size>0x2c</size>
         <input_file_ref idref="fl-23"/>
      </object_component>
      <object_component id="oc-106">
         <name>.debug_abbrev</name>
         <load_address>0x181b</load_address>
         <run_address>0x181b</run_address>
         <size>0x35</size>
         <input_file_ref idref="fl-24"/>
      </object_component>
      <object_component id="oc-10a">
         <name>.debug_abbrev</name>
         <load_address>0x1850</load_address>
         <run_address>0x1850</run_address>
         <size>0x35</size>
         <input_file_ref idref="fl-25"/>
      </object_component>
      <object_component id="oc-10e">
         <name>.debug_abbrev</name>
         <load_address>0x1885</load_address>
         <run_address>0x1885</run_address>
         <size>0x59</size>
         <input_file_ref idref="fl-26"/>
      </object_component>
      <object_component id="oc-112">
         <name>.debug_abbrev</name>
         <load_address>0x18de</load_address>
         <run_address>0x18de</run_address>
         <size>0x35</size>
         <input_file_ref idref="fl-27"/>
      </object_component>
      <object_component id="oc-116">
         <name>.debug_abbrev</name>
         <load_address>0x1913</load_address>
         <run_address>0x1913</run_address>
         <size>0x2c</size>
         <input_file_ref idref="fl-28"/>
      </object_component>
      <object_component id="oc-11d">
         <name>.debug_abbrev</name>
         <load_address>0x193f</load_address>
         <run_address>0x193f</run_address>
         <size>0x43</size>
         <input_file_ref idref="fl-2a"/>
      </object_component>
      <object_component id="oc-121">
         <name>.debug_abbrev</name>
         <load_address>0x1982</load_address>
         <run_address>0x1982</run_address>
         <size>0xed</size>
         <input_file_ref idref="fl-2b"/>
      </object_component>
      <object_component id="oc-125">
         <name>.debug_abbrev</name>
         <load_address>0x1a6f</load_address>
         <run_address>0x1a6f</run_address>
         <size>0x2c</size>
         <input_file_ref idref="fl-2c"/>
      </object_component>
      <object_component id="oc-12b">
         <name>.debug_abbrev</name>
         <load_address>0x1a9b</load_address>
         <run_address>0x1a9b</run_address>
         <size>0x10c</size>
         <input_file_ref idref="fl-2d"/>
      </object_component>
      <object_component id="oc-131">
         <name>.debug_abbrev</name>
         <load_address>0x1ba7</load_address>
         <run_address>0x1ba7</run_address>
         <size>0xa9</size>
         <input_file_ref idref="fl-2e"/>
      </object_component>
      <object_component id="oc-135">
         <name>.debug_abbrev</name>
         <load_address>0x1c50</load_address>
         <run_address>0x1c50</run_address>
         <size>0x2c</size>
         <input_file_ref idref="fl-2f"/>
      </object_component>
      <object_component id="oc-139">
         <name>.debug_abbrev</name>
         <load_address>0x1c7c</load_address>
         <run_address>0x1c7c</run_address>
         <size>0x2c</size>
         <input_file_ref idref="fl-30"/>
      </object_component>
      <object_component id="oc-13d">
         <name>.debug_abbrev</name>
         <load_address>0x1ca8</load_address>
         <run_address>0x1ca8</run_address>
         <size>0x94</size>
         <input_file_ref idref="fl-31"/>
      </object_component>
      <object_component id="oc-141">
         <name>.debug_abbrev</name>
         <load_address>0x1d3c</load_address>
         <run_address>0x1d3c</run_address>
         <size>0x99</size>
         <input_file_ref idref="fl-32"/>
      </object_component>
      <object_component id="oc-1b2">
         <name>.debug_abbrev</name>
         <load_address>0x1dd5</load_address>
         <run_address>0x1dd5</run_address>
         <size>0xd</size>
      </object_component>
      <object_component id="oc-58">
         <name>.debug_frame</name>
         <load_address>0x0</load_address>
         <run_address>0x0</run_address>
         <size>0x1aa</size>
         <input_file_ref idref="fl-5"/>
      </object_component>
      <object_component id="oc-5c">
         <name>.debug_frame</name>
         <load_address>0x1aa</load_address>
         <run_address>0x1aa</run_address>
         <size>0xbe</size>
         <input_file_ref idref="fl-6"/>
      </object_component>
      <object_component id="oc-60">
         <name>.debug_frame</name>
         <load_address>0x268</load_address>
         <run_address>0x268</run_address>
         <size>0xee</size>
         <input_file_ref idref="fl-7"/>
      </object_component>
      <object_component id="oc-65">
         <name>.debug_frame</name>
         <load_address>0x356</load_address>
         <run_address>0x356</run_address>
         <size>0xac</size>
         <input_file_ref idref="fl-8"/>
      </object_component>
      <object_component id="oc-69">
         <name>.debug_frame</name>
         <load_address>0x402</load_address>
         <run_address>0x402</run_address>
         <size>0xbe</size>
         <input_file_ref idref="fl-9"/>
      </object_component>
      <object_component id="oc-6d">
         <name>.debug_frame</name>
         <load_address>0x4c0</load_address>
         <run_address>0x4c0</run_address>
         <size>0xbe</size>
         <input_file_ref idref="fl-a"/>
      </object_component>
      <object_component id="oc-71">
         <name>.debug_frame</name>
         <load_address>0x57e</load_address>
         <run_address>0x57e</run_address>
         <size>0x8e</size>
         <input_file_ref idref="fl-b"/>
      </object_component>
      <object_component id="oc-75">
         <name>.debug_frame</name>
         <load_address>0x60c</load_address>
         <run_address>0x60c</run_address>
         <size>0x8e</size>
         <input_file_ref idref="fl-c"/>
      </object_component>
      <object_component id="oc-b4">
         <name>.debug_frame</name>
         <load_address>0x69a</load_address>
         <run_address>0x69a</run_address>
         <size>0x1ae</size>
         <input_file_ref idref="fl-e"/>
      </object_component>
      <object_component id="oc-b8">
         <name>.debug_frame</name>
         <load_address>0x848</load_address>
         <run_address>0x848</run_address>
         <size>0x106</size>
         <input_file_ref idref="fl-f"/>
      </object_component>
      <object_component id="oc-bd">
         <name>.debug_frame</name>
         <load_address>0x94e</load_address>
         <run_address>0x94e</run_address>
         <size>0xf06</size>
         <input_file_ref idref="fl-10"/>
      </object_component>
      <object_component id="oc-c2">
         <name>.debug_frame</name>
         <load_address>0x1854</load_address>
         <run_address>0x1854</run_address>
         <size>0xc4</size>
         <input_file_ref idref="fl-11"/>
      </object_component>
      <object_component id="oc-ca">
         <name>.debug_frame</name>
         <load_address>0x1918</load_address>
         <run_address>0x1918</run_address>
         <size>0x14a</size>
         <input_file_ref idref="fl-13"/>
      </object_component>
      <object_component id="oc-ce">
         <name>.debug_frame</name>
         <load_address>0x1a62</load_address>
         <run_address>0x1a62</run_address>
         <size>0xcd</size>
         <input_file_ref idref="fl-14"/>
      </object_component>
      <object_component id="oc-d2">
         <name>.debug_frame</name>
         <load_address>0x1b2f</load_address>
         <run_address>0x1b2f</run_address>
         <size>0x125</size>
         <input_file_ref idref="fl-15"/>
      </object_component>
      <object_component id="oc-d7">
         <name>.debug_frame</name>
         <load_address>0x1c54</load_address>
         <run_address>0x1c54</run_address>
         <size>0x124</size>
         <input_file_ref idref="fl-16"/>
      </object_component>
      <object_component id="oc-db">
         <name>.debug_frame</name>
         <load_address>0x1d78</load_address>
         <run_address>0x1d78</run_address>
         <size>0xe6</size>
         <input_file_ref idref="fl-17"/>
      </object_component>
      <object_component id="oc-e0">
         <name>.debug_frame</name>
         <load_address>0x1e5e</load_address>
         <run_address>0x1e5e</run_address>
         <size>0x10d</size>
         <input_file_ref idref="fl-18"/>
      </object_component>
      <object_component id="oc-e4">
         <name>.debug_frame</name>
         <load_address>0x1f6b</load_address>
         <run_address>0x1f6b</run_address>
         <size>0x8e</size>
         <input_file_ref idref="fl-19"/>
      </object_component>
      <object_component id="oc-e9">
         <name>.debug_frame</name>
         <load_address>0x1ff9</load_address>
         <run_address>0x1ff9</run_address>
         <size>0x11f</size>
         <input_file_ref idref="fl-1a"/>
      </object_component>
      <object_component id="oc-ee">
         <name>.debug_frame</name>
         <load_address>0x2118</load_address>
         <run_address>0x2118</run_address>
         <size>0x161</size>
         <input_file_ref idref="fl-1b"/>
      </object_component>
      <object_component id="oc-f4">
         <name>.debug_frame</name>
         <load_address>0x2279</load_address>
         <run_address>0x2279</run_address>
         <size>0x17e</size>
         <input_file_ref idref="fl-1c"/>
      </object_component>
      <object_component id="oc-fc">
         <name>.debug_frame</name>
         <load_address>0x23f7</load_address>
         <run_address>0x23f7</run_address>
         <size>0xa6</size>
         <input_file_ref idref="fl-1e"/>
      </object_component>
      <object_component id="oc-11f">
         <name>.debug_frame</name>
         <load_address>0x249d</load_address>
         <run_address>0x249d</run_address>
         <size>0xa6</size>
         <input_file_ref idref="fl-2b"/>
      </object_component>
      <object_component id="oc-129">
         <name>.debug_frame</name>
         <load_address>0x2543</load_address>
         <run_address>0x2543</run_address>
         <size>0xc7</size>
         <input_file_ref idref="fl-2d"/>
      </object_component>
      <object_component id="oc-12f">
         <name>.debug_frame</name>
         <load_address>0x260a</load_address>
         <run_address>0x260a</run_address>
         <size>0xd6</size>
         <input_file_ref idref="fl-2e"/>
      </object_component>
      <object_component id="oc-13b">
         <name>.debug_frame</name>
         <load_address>0x26e0</load_address>
         <run_address>0x26e0</run_address>
         <size>0xa6</size>
         <input_file_ref idref="fl-31"/>
      </object_component>
      <object_component id="oc-13f">
         <name>.debug_frame</name>
         <load_address>0x2786</load_address>
         <run_address>0x2786</run_address>
         <size>0xad</size>
         <input_file_ref idref="fl-32"/>
      </object_component>
   </object_component_list>
   <logical_group_list>
      <logical_group id="lg-2" display="no" color="cyan">
         <name>.cinit</name>
         <load_address>0x3f5a76</load_address>
         <run_address>0x3f5a76</run_address>
         <size>0x282</size>
         <contents>
            <object_component_ref idref="oc-f8"/>
            <object_component_ref idref="oc-12d"/>
            <object_component_ref idref="oc-127"/>
         </contents>
      </logical_group>
      <logical_group id="lg-3" display="no" color="cyan">
         <name>.pinit</name>
         <run_address>0x0</run_address>
         <size>0x0</size>
         <contents>
         </contents>
      </logical_group>
      <logical_group id="lg-4" display="no" color="cyan">
         <name>.text</name>
         <load_address>0x3f4000</load_address>
         <run_address>0x3f4000</run_address>
         <size>0x1a76</size>
         <contents>
            <object_component_ref idref="oc-157"/>
            <object_component_ref idref="oc-bc"/>
            <object_component_ref idref="oc-142"/>
            <object_component_ref idref="oc-148"/>
            <object_component_ref idref="oc-155"/>
            <object_component_ref idref="oc-149"/>
            <object_component_ref idref="oc-10b"/>
            <object_component_ref idref="oc-14d"/>
            <object_component_ref idref="oc-153"/>
            <object_component_ref idref="oc-df"/>
            <object_component_ref idref="oc-151"/>
            <object_component_ref idref="oc-ed"/>
            <object_component_ref idref="oc-f2"/>
            <object_component_ref idref="oc-146"/>
            <object_component_ref idref="oc-d6"/>
            <object_component_ref idref="oc-152"/>
            <object_component_ref idref="oc-e8"/>
            <object_component_ref idref="oc-113"/>
            <object_component_ref idref="oc-118"/>
            <object_component_ref idref="oc-14e"/>
            <object_component_ref idref="oc-122"/>
            <object_component_ref idref="oc-132"/>
            <object_component_ref idref="oc-14b"/>
            <object_component_ref idref="oc-14c"/>
            <object_component_ref idref="oc-107"/>
            <object_component_ref idref="oc-14f"/>
            <object_component_ref idref="oc-150"/>
            <object_component_ref idref="oc-154"/>
            <object_component_ref idref="oc-103"/>
            <object_component_ref idref="oc-136"/>
            <object_component_ref idref="oc-143"/>
            <object_component_ref idref="oc-144"/>
            <object_component_ref idref="oc-ff"/>
            <object_component_ref idref="oc-14a"/>
            <object_component_ref idref="oc-156"/>
            <object_component_ref idref="oc-147"/>
            <object_component_ref idref="oc-10f"/>
            <object_component_ref idref="oc-145"/>
            <object_component_ref idref="oc-158"/>
            <object_component_ref idref="oc-c5"/>
            <object_component_ref idref="oc-53"/>
         </contents>
      </logical_group>
      <logical_group id="lg-5" display="no" color="cyan">
         <name>codestart</name>
         <load_address>0x3f7ff6</load_address>
         <run_address>0x3f7ff6</run_address>
         <size>0x2</size>
         <contents>
            <object_component_ref idref="oc-52"/>
         </contents>
      </logical_group>
      <logical_group id="lg-6" display="no" color="cyan">
         <name>ramfuncs</name>
         <run_address>0x8000</run_address>
         <size>0x0</size>
         <contents>
         </contents>
      </logical_group>
[...]
         <value>0x8dc0</value>
         <object_component_ref idref="oc-f9"/>
      </symbol>
      <symbol id="sm-3fc">
         <name>_i2c_Reg_Addr</name>
         <value>0x8c00</value>
         <object_component_ref idref="oc-f9"/>
      </symbol>
      <symbol id="sm-3fd">
         <name>_pitch_Au</name>
         <value>0x8c1e</value>
         <object_component_ref idref="oc-f9"/>
      </symbol>
      <symbol id="sm-3fe">
         <name>_speed_roll_lp</name>
         <value>0x8c40</value>
         <object_component_ref idref="oc-f9"/>
      </symbol>
      <symbol id="sm-3ff">
         <name>_height_ultrasonic_lp</name>
         <value>0x8c4e</value>
         <object_component_ref idref="oc-f9"/>
      </symbol>
      <symbol id="sm-400">
         <name>_Gkz</name>
         <value>0x8c60</value>
         <object_component_ref idref="oc-f9"/>
      </symbol>
      <symbol id="sm-401">
         <name>_Gky</name>
         <value>0x8c54</value>
         <object_component_ref idref="oc-f9"/>
      </symbol>
      <symbol id="sm-402">
         <name>_Gkx</name>
         <value>0x8c56</value>
         <object_component_ref idref="oc-f9"/>
      </symbol>
      <symbol id="sm-403">
         <name>_i2c_Send_Data</name>
         <value>0x8c06</value>
         <object_component_ref idref="oc-f9"/>
      </symbol>
      <symbol id="sm-404">
         <name>_sBusReadDataCopied</name>
         <value>0x8c11</value>
         <object_component_ref idref="oc-f9"/>
      </symbol>
      <symbol id="sm-405">
         <name>_cpuTime</name>
         <value>0x8c09</value>
         <object_component_ref idref="oc-f9"/>
      </symbol>
      <symbol id="sm-406">
         <name>_pulse_temp</name>
         <value>0x8c48</value>
         <object_component_ref idref="oc-f9"/>
      </symbol>
      <symbol id="sm-407">
         <name>_pitch_Gy</name>
         <value>0x8c1a</value>
         <object_component_ref idref="oc-f9"/>
      </symbol>
      <symbol id="sm-408">
         <name>_posture_adjust</name>
         <value>0x8c90</value>
         <object_component_ref idref="oc-f9"/>
      </symbol>
      <symbol id="sm-409">
         <name>_sciBReadBufferPointer</name>
         <value>0x8c0f</value>
         <object_component_ref idref="oc-f9"/>
      </symbol>
      <symbol id="sm-40a">
         <name>_spiAReadData</name>
         <value>0x8ce0</value>
         <object_component_ref idref="oc-f9"/>
      </symbol>
      <symbol id="sm-40b">
         <name>_speed_yaw_lp</name>
         <value>0x8c36</value>
         <object_component_ref idref="oc-f9"/>
      </symbol>
      <symbol id="sm-40c">
         <name>_MPU6050Data</name>
         <value>0x8ca8</value>
         <object_component_ref idref="oc-f9"/>
      </symbol>
      <symbol id="sm-40d">
         <name>_doSBusDecode</name>
         <value>0x8c0a</value>
         <object_component_ref idref="oc-f9"/>
      </symbol>
      <symbol id="sm-40e">
         <name>_ROL_A</name>
         <value>0x8c30</value>
         <object_component_ref idref="oc-f9"/>
      </symbol>
      <symbol id="sm-40f">
         <name>_ROL_D</name>
         <value>0x8c68</value>
         <object_component_ref idref="oc-f9"/>
      </symbol>
      <symbol id="sm-410">
         <name>_ROL_K</name>
         <value>0x8c26</value>
         <object_component_ref idref="oc-f9"/>
      </symbol>
      <symbol id="sm-411">
         <name>_ROL_I</name>
         <value>0x8c72</value>
         <object_component_ref idref="oc-f9"/>
      </symbol>
      <symbol id="sm-412">
         <name>_height_ultrasonic</name>
         <value>0x8c4a</value>
         <object_component_ref idref="oc-f9"/>
      </symbol>
      <symbol id="sm-413">
         <name>_ROL_P</name>
         <value>0x8c66</value>
         <object_component_ref idref="oc-f9"/>
      </symbol>
      <symbol id="sm-414">
         <name>_ROL_V</name>
         <value>0x8c2a</value>
         <object_component_ref idref="oc-f9"/>
      </symbol>
      <symbol id="sm-415">
         <name>_i2cStatus</name>
         <value>0x8c05</value>
         <object_component_ref idref="oc-f9"/>
      </symbol>
      <symbol id="sm-416">
         <name>_sciBSendBufferPointer</name>
         <value>0x8c14</value>
         <object_component_ref idref="oc-f9"/>
      </symbol>
      <symbol id="sm-417">
         <name>_doSCI</name>
         <value>0x8c0b</value>
         <object_component_ref idref="oc-f9"/>
      </symbol>
      <symbol id="sm-418">
         <name>_gyroZDrift</name>
         <value>0x8c50</value>
         <object_component_ref idref="oc-f9"/>
      </symbol>
      <symbol id="sm-419">
         <name>_gyroYDrift</name>
         <value>0x8c52</value>
         <object_component_ref idref="oc-f9"/>
      </symbol>
      <symbol id="sm-41a">
         <name>_gyroXDrift</name>
         <value>0x8c5c</value>
         <object_component_ref idref="oc-f9"/>
      </symbol>
      <symbol id="sm-41b">
         <name>_sciAReadBufferPointer</name>
         <value>0x8c15</value>
         <object_component_ref idref="oc-f9"/>
      </symbol>
      <symbol id="sm-41c">
         <name>_channelsData1000</name>
         <value>0x8d80</value>
         <object_component_ref idref="oc-f9"/>
      </symbol>
      <symbol id="sm-41d">
         <name>_digitalChannel2</name>
         <value>0x8c16</value>
         <object_component_ref idref="oc-f9"/>
      </symbol>
      <symbol id="sm-41e">
         <name>_digitalChannel1</name>
         <value>0x8c10</value>
         <object_component_ref idref="oc-f9"/>
      </symbol>
      <symbol id="sm-41f">
         <name>_MOTOR1_PULSE</name>
         <value>0x8c1c</value>
         <object_component_ref idref="oc-f9"/>
      </symbol>
      <symbol id="sm-420">
         <name>_i2cRegAddr</name>
         <value>0x8da0</value>
         <object_component_ref idref="oc-f9"/>
      </symbol>
      <symbol id="sm-421">
         <name>_wireLessLost</name>
         <value>0x8c17</value>
         <object_component_ref idref="oc-f9"/>
      </symbol>
      <symbol id="sm-422">
         <name>_channelsData4</name>
         <value>0x8cc0</value>
         <object_component_ref idref="oc-f9"/>
      </symbol>
      <symbol id="sm-423">
         <name>_MOTOR4_PULSE</name>
         <value>0x8c38</value>
         <object_component_ref idref="oc-f9"/>
      </symbol>
      <symbol id="sm-424">
         <name>_spiASendData</name>
         <value>0x8d00</value>
         <object_component_ref idref="oc-f9"/>
      </symbol>
      <symbol id="sm-425">
         <name>_sciASendBufferPointer</name>
         <value>0x8c12</value>
         <object_component_ref idref="oc-f9"/>
      </symbol>
      <symbol id="sm-426">
         <name>_YAW_D</name>
         <value>0x8c28</value>
         <object_component_ref idref="oc-f9"/>
      </symbol>
      <symbol id="sm-427">
         <name>_YAW_K</name>
         <value>0x8c2e</value>
         <object_component_ref idref="oc-f9"/>
      </symbol>
      <symbol id="sm-428">
         <name>_YAW_I</name>
         <value>0x8c2c</value>
         <object_component_ref idref="oc-f9"/>
      </symbol>
      <symbol id="sm-429">
         <name>_YAW_P</name>
         <value>0x8c32</value>
         <object_component_ref idref="oc-f9"/>
      </symbol>
      <symbol id="sm-42a">
         <name>_posture_now</name>
         <value>0x8c80</value>
         <object_component_ref idref="oc-f9"/>
      </symbol>
      <symbol id="sm-42b">
         <name>_delay</name>
         <value>0x8c22</value>
         <object_component_ref idref="oc-f9"/>
      </symbol>
      <symbol id="sm-42c">
         <name>_speed_pitch_lp</name>
         <value>0x8c3a</value>
         <object_component_ref idref="oc-f9"/>
      </symbol>
      <symbol id="sm-42d">
         <name>_posture_expected</name>
         <value>0x8c74</value>
         <object_component_ref idref="oc-f9"/>
      </symbol>
      <symbol id="sm-42e">
         <name>_posture_speed</name>
         <value>0x8ca0</value>
         <object_component_ref idref="oc-f9"/>
      </symbol>
      <symbol id="sm-42f">
         <name>_sciAReadBuffer</name>
         <value>0x8f40</value>
         <object_component_ref idref="oc-f9"/>
      </symbol>
      <symbol id="sm-430">
         <name>_i2cSlaves</name>
         <value>0x8d40</value>
         <object_component_ref idref="oc-f9"/>
      </symbol>
      <symbol id="sm-431">
         <name>_AcceZK</name>
         <value>0x8c5e</value>
         <object_component_ref idref="oc-f9"/>
      </symbol>
      <symbol id="sm-432">
         <name>_sciBReadBuffer</name>
         <value>0x8e40</value>
         <object_component_ref idref="oc-f9"/>
      </symbol>
      <symbol id="sm-433">
         <name>_AcceYK</name>
         <value>0x8c58</value>
         <object_component_ref idref="oc-f9"/>
      </symbol>
      <symbol id="sm-434">
         <name>_fly_enable</name>
         <value>0x8c0d</value>
         <object_component_ref idref="oc-f9"/>
      </symbol>
      <symbol id="sm-435">
         <name>_i2c_Send_Complete</name>
         <value>0x8c04</value>
         <object_component_ref idref="oc-f9"/>
      </symbol>
      <symbol id="sm-436">
         <name>_sciBReadAByte</name>
         <value>0x8c0e</value>
         <object_component_ref idref="oc-f9"/>
      </symbol>
      <symbol id="sm-437">
         <name>_AcceXK</name>
         <value>0x8c5a</value>
         <object_component_ref idref="oc-f9"/>
      </symbol>
      <symbol id="sm-438">
         <name>_i2cDataPointer</name>
         <value>0x8c03</value>
         <object_component_ref idref="oc-f9"/>
      </symbol>
      <symbol id="sm-439">
         <name>_dy</name>
         <value>0x8c3c</value>
         <object_component_ref idref="oc-f9"/>
      </symbol>
      <symbol id="sm-43a">
         <name>_posture_before</name>
         <value>0x8c88</value>
         <object_component_ref idref="oc-f9"/>
      </symbol>
      <symbol id="sm-43b">
         <name>_dr</name>
         <value>0x8c44</value>
         <object_component_ref idref="oc-f9"/>
      </symbol>
      <symbol id="sm-43c">
         <name>_dp</name>
         <value>0x8c42</value>
         <object_component_ref idref="oc-f9"/>
      </symbol>
      <symbol id="sm-43d">
         <name>_channelsData2048</name>
         <value>0x8cd0</value>
         <object_component_ref idref="oc-f9"/>
      </symbol>
      <symbol id="sm-43e">
         <name>_doCalulate</name>
         <value>0x8c02</value>
         <object_component_ref idref="oc-f9"/>
      </symbol>
      <symbol id="sm-43f">
         <name>_posture_error</name>
         <value>0x8c98</value>
         <object_component_ref idref="oc-f9"/>
      </symbol>
      <symbol id="sm-440">
         <name>_spiPointer</name>
         <value>0x8c13</value>
         <object_component_ref idref="oc-f9"/>
      </symbol>
      <symbol id="sm-441">
         <name>_G_pos_p</name>
         <value>0x8c18</value>
         <object_component_ref idref="oc-f9"/>
      </symbol>
      <symbol id="sm-442">
         <name>_G_pos_r</name>
         <value>0x8c24</value>
         <object_component_ref idref="oc-f9"/>
      </symbol>
      <symbol id="sm-443">
         <name>_roll_Av</name>
         <value>0x8c20</value>
         <object_component_ref idref="oc-f9"/>
      </symbol>
      <symbol id="sm-444">
         <name>_acceZDrift</name>
         <value>0x8c0c</value>
         <object_component_ref idref="oc-f9"/>
      </symbol>
      <symbol id="sm-445">
         <name>_acceYDrift</name>
         <value>0x8c07</value>
         <object_component_ref idref="oc-f9"/>
      </symbol>
      <symbol id="sm-446">
         <name>_acceXDrift</name>
         <value>0x8c08</value>
         <object_component_ref idref="oc-f9"/>
      </symbol>
      <symbol id="sm-447">
         <name>_MOTOR3_PULSE</name>
         <value>0x8c34</value>
         <object_component_ref idref="oc-f9"/>
      </symbol>
      <symbol id="sm-448">
         <name>_spiAStop</name>
         <value>0x8d14</value>
         <object_component_ref idref="oc-f9"/>
      </symbol>
      <symbol id="sm-449">
         <name>_i2cData</name>
         <value>0x8d60</value>
         <object_component_ref idref="oc-f9"/>
      </symbol>
      <symbol id="sm-44a">
         <name>_PIT_A</name>
         <value>0x8c64</value>
         <object_component_ref idref="oc-f9"/>
      </symbol>
      <symbol id="sm-44b">
         <name>_PIT_D</name>
         <value>0x8c6c</value>
         <object_component_ref idref="oc-f9"/>
      </symbol>
      <symbol id="sm-44c">
         <name>_PIT_K</name>
         <value>0x8c62</value>
         <object_component_ref idref="oc-f9"/>
      </symbol>
      <symbol id="sm-44d">
         <name>_PIT_I</name>
         <value>0x8c70</value>
         <object_component_ref idref="oc-f9"/>
      </symbol>
      <symbol id="sm-44e">
         <name>_PIT_P</name>
         <value>0x8c6a</value>
         <object_component_ref idref="oc-f9"/>
      </symbol>
      <symbol id="sm-44f">
         <name>_PIT_V</name>
         <value>0x8c6e</value>
         <object_component_ref idref="oc-f9"/>
      </symbol>
      <symbol id="sm-450">
         <name>_roll_Gx</name>
         <value>0x8c46</value>
         <object_component_ref idref="oc-f9"/>
      </symbol>
      <symbol id="sm-451">
         <name>_sciASendBuffer</name>
         <value>0x8ec0</value>
         <object_component_ref idref="oc-f9"/>
      </symbol>
      <symbol id="sm-452">
         <name>_i2c_Slave_Addr</name>
         <value>0x8c01</value>
         <object_component_ref idref="oc-f9"/>
      </symbol>
      <symbol id="sm-45d">
         <name>_main</name>
         <value>0x3f5a40</value>
         <object_component_ref idref="oc-147"/>
      </symbol>
      <symbol id="sm-465">
         <name>FS$$DIV</name>
         <value>0x3f59fc</value>
         <object_component_ref idref="oc-ff"/>
      </symbol>
      <symbol id="sm-46f">
         <name>I$$MOD</name>
         <value>0x3f5998</value>
         <object_component_ref idref="oc-103"/>
      </symbol>
      <symbol id="sm-470">
         <name>I$$DIV</name>
         <value>0x3f5987</value>
         <object_component_ref idref="oc-103"/>
      </symbol>
      <symbol id="sm-478">
         <name>UL$$MOD</name>
         <value>0x3f5910</value>
         <object_component_ref idref="oc-107"/>
      </symbol>
      <symbol id="sm-479">
         <name>L$$MOD</name>
         <value>0x3f58fb</value>
         <object_component_ref idref="oc-107"/>
      </symbol>
      <symbol id="sm-47a">
         <name>L$$DIV</name>
         <value>0x3f58ec</value>
         <object_component_ref idref="oc-107"/>
      </symbol>
      <symbol id="sm-47b">
         <name>UL$$DIV</name>
         <value>0x3f5909</value>
         <object_component_ref idref="oc-107"/>
      </symbol>
      <symbol id="sm-4a2">
         <name>ULL$$MOD</name>
         <value>0x3f521d</value>
         <object_component_ref idref="oc-10b"/>
      </symbol>
      <symbol id="sm-4a3">
         <name>ULL$$DIV</name>
         <value>0x3f51ee</value>
         <object_component_ref idref="oc-10b"/>
      </symbol>
      <symbol id="sm-4a4">
         <name>LL$$MOD</name>
         <value>0x3f51b4</value>
         <object_component_ref idref="oc-10b"/>
      </symbol>
      <symbol id="sm-4a5">
         <name>LL$$DIV</name>
         <value>0x3f5178</value>
         <object_component_ref idref="oc-10b"/>
      </symbol>
      <symbol id="sm-4ad">
         <name>U$$MOD</name>
         <value>0x3f5a52</value>
         <object_component_ref idref="oc-10f"/>
      </symbol>
      <symbol id="sm-4ae">
         <name>U$$DIV</name>
         <value>0x3f5a4d</value>
         <object_component_ref idref="oc-10f"/>
      </symbol>
      <symbol id="sm-4b6">
         <name>_atan</name>
         <value>0x3f5752</value>
         <object_component_ref idref="oc-113"/>
      </symbol>
      <symbol id="sm-4be">
         <name>_FPUcosTableEnd</name>
         <value>0x3fdd62</value>
         <object_component_ref idref="oc-117"/>
      </symbol>
      <symbol id="sm-4bf">
         <name>_FPUatan2TableEnd</name>
         <value>0x3fdeec</value>
         <object_component_ref idref="oc-117"/>
      </symbol>
      <symbol id="sm-4c0">
         <name>_FPUatan2Table</name>
         <value>0x3fdd66</value>
         <object_component_ref idref="oc-117"/>
      </symbol>
      <symbol id="sm-4c1">
         <name>_FPUsinTable</name>
         <value>0x3fd860</value>
         <object_component_ref idref="oc-117"/>
      </symbol>
      <symbol id="sm-4c2">
         <name>_FPUcosTable</name>
         <value>0x3fd960</value>
         <object_component_ref idref="oc-117"/>
      </symbol>
      <symbol id="sm-4c3">
         <name>_FPUatan2HalfPITable</name>
         <value>0x3fdd62</value>
         <object_component_ref idref="oc-117"/>
      </symbol>
      <symbol id="sm-4c4">
         <name>_FPUsinTableEnd</name>
         <value>0x3fdc60</value>
         <object_component_ref idref="oc-117"/>
      </symbol>
      <symbol id="sm-4d8">
         <name>_c_int00</name>
         <value>0x3f579c</value>
         <object_component_ref idref="oc-118"/>
      </symbol>
      <symbol id="sm-4d9">
         <name>__stack</name>
         <value>0x50</value>
         <object_component_ref idref="oc-119"/>
      </symbol>
      <symbol id="sm-4e5">
         <name>__args_main</name>
         <value>0x3f59ca</value>
         <object_component_ref idref="oc-143"/>
      </symbol>
      <symbol id="sm-4e6">
         <name>__TI_args_main</name>
         <value>0x1</value>
      </symbol>
      <symbol id="sm-4ee">
         <name>_cos</name>
         <value>0x3f5826</value>
         <object_component_ref idref="oc-122"/>
      </symbol>
      <symbol id="sm-4ff">
         <name>C$$EXIT</name>
         <value>0x3f59e3</value>
         <object_component_ref idref="oc-144"/>
      </symbol>
      <symbol id="sm-500">
         <name>_exit</name>
         <value>0x3f59e5</value>
         <object_component_ref idref="oc-144"/>
      </symbol>
      <symbol id="sm-501">
         <name>___TI_cleanup_ptr</name>
         <value>0x8fdc</value>
         <object_component_ref idref="oc-128"/>
      </symbol>
      <symbol id="sm-502">
         <name>_abort</name>
         <value>0x3f59e3</value>
         <object_component_ref idref="oc-144"/>
      </symbol>
      <symbol id="sm-503">
         <name>___TI_dtors_ptr</name>
         <value>0x8fde</value>
         <object_component_ref idref="oc-128"/>
      </symbol>
      <symbol id="sm-511">
         <name>__unlock</name>
         <value>0x8fd8</value>
         <object_component_ref idref="oc-12e"/>
      </symbol>
      <symbol id="sm-512">
         <name>__lock</name>
         <value>0x8fda</value>
         <object_component_ref idref="oc-12e"/>
      </symbol>
      <symbol id="sm-513">
         <name>__register_lock</name>
         <value>0x3f5a5c</value>
         <object_component_ref idref="oc-145"/>
      </symbol>
      <symbol id="sm-514">
         <name>__nop</name>
         <value>0x3f5a60</value>
         <object_component_ref idref="oc-145"/>
      </symbol>
      <symbol id="sm-515">
         <name>__register_unlock</name>
         <value>0x3f5a58</value>
         <object_component_ref idref="oc-145"/>
      </symbol>
      <symbol id="sm-51d">
         <name>_sin</name>
         <value>0x3f585a</value>
         <object_component_ref idref="oc-132"/>
      </symbol>
      <symbol id="sm-525">
         <name>_sqrt</name>
         <value>0x3f59a9</value>
         <object_component_ref idref="oc-136"/>
      </symbol>
      <symbol id="sm-532">
         <name>_strcat</name>
         <value>0x3f5a61</value>
         <object_component_ref idref="oc-158"/>
      </symbol>
      <symbol id="sm-53f">
         <name>_tan</name>
         <value>0x3f55ee</value>
         <object_component_ref idref="oc-146"/>
      </symbol>
   </symbol_table>
   <title>Link successful</title>
</link_info>
