******************************************************************************
             TMS320C2000 Linker PC v6.2.6                      
******************************************************************************
>> Linked Wed Jul 30 15:46:56 2014

OUTPUT FILE NAME:   <Example_2806xEPwmDeadBand.out>
ENTRY POINT SYMBOL: "code_start"  address: 00000000


MEMORY CONFIGURATION

         name            origin    length      used     unused   attr    fill
----------------------  --------  ---------  --------  --------  ----  --------
PAGE 0:
  BEGIN                 00000000   00000002  00000002  00000000  RWIX
  RAMM0                 00000050   000003b0  0000026b  00000145  RWIX
  RAML0_L3              00008000   00002000  00001bcb  00000435  RWIX
  FPUTABLES             003fd860   000006a0  000006a0  00000000  RWIX
  IQTABLES              003fdf00   00000b50  00000000  00000b50  RWIX
  IQTABLES2             003fea50   0000008c  00000000  0000008c  RWIX
  IQTABLES3             003feadc   000000aa  00000000  000000aa  RWIX
  BOOTROM               003ff3b0   00000c10  00000000  00000c10  RWIX
  RESET                 003fffc0   00000002  00000000  00000002  RWIX

PAGE 1:
  BOOT_RSVD             00000002   0000004e  00000000  0000004e  RWIX
  RAMM1                 00000400   00000400  00000200  00000200  RWIX
  DEV_EMU               00000880   00000105  00000004  00000101  RWIX
  SYS_PWR_CTL           00000985   00000003  00000003  00000000  RWIX
  FLASH_REGS            00000a80   00000060  00000008  00000058  RWIX
  CSM                   00000ae0   00000020  00000010  00000010  RWIX
  ADC_RESULT            00000b00   00000020  00000010  00000010  RWIX
  CPU_TIMER0            00000c00   00000008  00000008  00000000  RWIX
  CPU_TIMER1            00000c08   00000008  00000008  00000000  RWIX
  CPU_TIMER2            00000c10   00000008  00000008  00000000  RWIX
  PIE_CTRL              00000ce0   00000020  0000001a  00000006  RWIX
  PIE_VECT              00000d00   00000100  00000100  00000000  RWIX
  DMA                   00001000   00000200  000000e0  00000120  RWIX
  CLA1                  00001400   00000080  00000040  00000040  RWIX
  USB0                  00004000   00001000  00000454  00000bac  RWIX
  McBSPA                00005000   00000040  00000024  0000001c  RWIX
  ECANA                 00006000   00000040  00000034  0000000c  RWIX
  ECANA_LAM             00006040   00000040  00000040  00000000  RWIX
  ECANA_MOTS            00006080   00000040  00000040  00000000  RWIX
  ECANA_MOTO            000060c0   00000040  00000040  00000000  RWIX
  ECANA_MBOX            00006100   00000100  00000100  00000000  RWIX
  COMP1                 00006400   00000020  00000014  0000000c  RWIX
  COMP2                 00006420   00000020  00000014  0000000c  RWIX
  COMP3                 00006440   00000020  00000014  0000000c  RWIX
  EPWM1                 00006800   00000040  00000040  00000000  RWIX
  EPWM2                 00006840   00000040  00000040  00000000  RWIX
  EPWM3                 00006880   00000040  00000040  00000000  RWIX
  EPWM4                 000068c0   00000040  00000040  00000000  RWIX
  EPWM5                 00006900   00000040  00000040  00000000  RWIX
  EPWM6                 00006940   00000040  00000040  00000000  RWIX
  EPWM7                 00006980   00000040  00000040  00000000  RWIX
  EPWM8                 000069c0   00000040  00000040  00000000  RWIX
  ECAP1                 00006a00   00000020  00000020  00000000  RWIX
  ECAP2                 00006a20   00000020  00000020  00000000  RWIX
  ECAP3                 00006a40   00000020  00000020  00000000  RWIX
  HRCAP1                00006ac0   00000020  00000020  00000000  RWIX
  HRCAP2                00006ae0   00000020  00000020  00000000  RWIX
  EQEP1                 00006b00   00000040  00000022  0000001e  RWIX
  EQEP2                 00006b40   00000040  00000022  0000001e  RWIX
  HRCAP3                00006c80   00000020  00000020  00000000  RWIX
  HRCAP4                00006ca0   00000020  00000020  00000000  RWIX
  GPIOCTRL              00006f80   00000040  00000040  00000000  RWIX
  GPIODAT               00006fc0   00000020  00000020  00000000  RWIX
  GPIOINT               00006fe0   00000020  00000020  00000000  RWIX
  SYSTEM                00007010   00000030  00000030  00000000  RWIX
  SPIA                  00007040   00000010  00000010  00000000  RWIX
  SCIA                  00007050   00000010  00000010  00000000  RWIX
  NMIINTRUPT            00007060   00000010  00000010  00000000  RWIX
  XINTRUPT              00007070   00000010  00000010  00000000  RWIX
  ADC                   00007100   00000080  00000050  00000030  RWIX
  SPIB                  00007740   00000010  00000010  00000000  RWIX
  SCIB                  00007750   00000010  00000010  00000000  RWIX
  I2CA                  00007900   00000040  00000022  0000001e  RWIX
  RAML4                 0000a000   00002000  000004e3  00001b1d  RWIX
  RAML5                 0000c000   00002000  00000000  00002000  RWIX
  RAML6                 0000e000   00002000  00000000  00002000  RWIX
  RAML7                 00010000   00002000  00000000  00002000  RWIX
  RAML8                 00012000   00002000  00000000  00002000  RWIX
  USB_RAM               00040000   00000800  00000000  00000800  RWIX
  PARTID                003d7e80   00000001  00000001  00000000  RWIX
  CSM_PWL               003f7ff8   00000008  00000008  00000000  RWIX


SECTION ALLOCATION MAP

 output                                  attributes/
section   page    origin      length       input sections
--------  ----  ----------  ----------   ----------------
codestart 
*          0    00000000    00000002     
                  00000000    00000002     F2806x_CodeStartBranch.obj (codestart)

.pinit     0    00000050    00000000     UNINITIALIZED

.cinit     0    00000050    0000026b     
                  00000050    00000255     mhc_GlobalVariables.obj (.cinit)
                  000002a5    0000000a     rts2800_fpu32.lib : _lock.obj (.cinit)
                  000002af    0000000a                       : exit.obj (.cinit)
                  000002b9    00000002     --HOLE-- [fill = 0]

.text      0    00008000    00001bcb     
                  00008000    0000056c     num2string.obj (.text)
                  0000856c    0000039f     F2806x_DefaultIsr.obj (.text:retain)
                  0000890b    00000316     mhc_doData.obj (.text)
                  00008c21    00000244     mhc_initDSP.obj (.text)
                  00008e65    000001a0     mhc_ePWM.obj (.text)
                  00009005    00000183     F2806x_SysCtrl.obj (.text)
                  00009188    00000107     rts2800_fpu32.lib : ll_div.obj (.text)
                  0000928f    000000e6     mhc_I2C.obj (.text)
                  00009375    000000d8     F2806x_EPwm.obj (.text)
                  0000944d    000000d6     mhc_SCIB_S_BUS.obj (.text)
                  00009523    000000a5     mhc_I2C.obj (.text:retain)
                  000095c8    00000079     mhc_cpuTimer.obj (.text:retain)
                  00009641    00000077     F2806x_CpuTimers.obj (.text)
                  000096b8    0000006c     mhc_SCIB_S_BUS.obj (.text:retain)
                  00009724    00000065     mhc_SCIA.obj (.text:retain)
                  00009789    00000061     rts2800_fpu32.lib : tan.obj (.text)
                  000097ea    0000005a     mhc_eCap.obj (.text:retain)
                  00009844    00000055     mhc_SCIA.obj (.text)
                  00009899    0000004a     rts2800_fpu32_fast_supplement.lib : atan_f32.obj (.text)
                  000098e3    00000046     rts2800_fpu32.lib : boot.obj (.text)
                  00009929    00000044     F2806x_Spi.obj (.text)
                  0000996d    00000034     rts2800_fpu32_fast_supplement.lib : cos_f32.obj (.text)
                  000099a1    00000034                                       : sin_f32.obj (.text)
                  000099d5    00000032     F2806x_ECap.obj (.text)
                  00009a07    0000002c     F2806x_Sci.obj (.text)
                  00009a33    0000002a     rts2800_fpu32.lib : l_div.obj (.text)
                  00009a5d    00000028     F2806x_PieCtrl.obj (.text)
                  00009a85    00000025     F2806x_PieVect.obj (.text)
                  00009aaa    00000024     mhc_eCap.obj (.text)
                  00009ace    00000022     rts2800_fpu32.lib : i_div.obj (.text)
                  00009af0    00000021     rts2800_fpu32_fast_supplement.lib : sqrt_f32.obj (.text)
                  00009b11    00000019     rts2800_fpu32.lib : args_main.obj (.text)
                  00009b2a    00000019                       : exit.obj (.text)
                  00009b43    00000019     rts2800_fpu32_fast_supplement.lib : div_f32.obj (.text)
                  00009b5c    00000017     F2806x_I2C.obj (.text)
                  00009b73    00000015     mhc_SPI.obj (.text)
                  00009b88    00000015     mhc_SPI.obj (.text:retain)
                  00009b9d    0000000b     rts2800_fpu32.lib : u_div.obj (.text)
                  00009ba8    00000009                       : _lock.obj (.text)
                  00009bb1    00000009                       : strcat.obj (.text)
                  00009bba    00000008     F2806x_CodeStartBranch.obj (.text)
                  00009bc2    00000005     main.obj (.text)
                  00009bc7    00000004     F2806x_usDelay.obj (.text)

FPUmathTables 
*          0    003fd860    000006a0     NOLOAD SECTION
                  003fd860    000006a0     rts2800_fpu32_fast_supplement.lib : FPUmathTables.obj (FPUmathTables)

.reset     0    003fffc0    00000002     DSECT
                  003fffc0    00000002     rts2800_fpu32.lib : boot.obj (.reset)

.stack     1    00000400    00000200     UNINITIALIZED
                  00000400    00000200     --HOLE--

DevEmuRegsFile 
*          1    00000880    00000004     UNINITIALIZED
                  00000880    00000004     F2806x_GlobalVariableDefs.obj (DevEmuRegsFile)

SysPwrCtrlRegsFile 
*          1    00000985    00000003     UNINITIALIZED
                  00000985    00000003     F2806x_GlobalVariableDefs.obj (SysPwrCtrlRegsFile)

FlashRegsFile 
*          1    00000a80    00000008     UNINITIALIZED
                  00000a80    00000008     F2806x_GlobalVariableDefs.obj (FlashRegsFile)

CsmRegsFile 
*          1    00000ae0    00000010     UNINITIALIZED
                  00000ae0    00000010     F2806x_GlobalVariableDefs.obj (CsmRegsFile)

AdcResultFile 
*          1    00000b00    00000010     UNINITIALIZED
                  00000b00    00000010     F2806x_GlobalVariableDefs.obj (AdcResultFile)

CpuTimer0RegsFile 
*          1    00000c00    00000008     UNINITIALIZED
                  00000c00    00000008     F2806x_GlobalVariableDefs.obj (CpuTimer0RegsFile)

CpuTimer1RegsFile 
*          1    00000c08    00000008     UNINITIALIZED
                  00000c08    00000008     F2806x_GlobalVariableDefs.obj (CpuTimer1RegsFile)

CpuTimer2RegsFile 
*          1    00000c10    00000008     UNINITIALIZED
                  00000c10    00000008     F2806x_GlobalVariableDefs.obj (CpuTimer2RegsFile)

PieCtrlRegsFile 
*          1    00000ce0    0000001a     UNINITIALIZED
                  00000ce0    0000001a     F2806x_GlobalVariableDefs.obj (PieCtrlRegsFile)

PieVectTableFile 
*          1    00000d00    00000100     UNINITIALIZED
                  00000d00    00000100     F2806x_GlobalVariableDefs.obj (PieVectTableFile)

EmuKeyVar 
*          1    00000d00    00000001     UNINITIALIZED
                  00000d00    00000001     F2806x_GlobalVariableDefs.obj (EmuKeyVar)

EmuBModeVar 
*          1    00000d01    00000001     UNINITIALIZED
                  00000d01    00000001     F2806x_GlobalVariableDefs.obj (EmuBModeVar)

FlashCallbackVar 
*          1    00000d02    00000002     UNINITIALIZED
                  00000d02    00000002     F2806x_GlobalVariableDefs.obj (FlashCallbackVar)

FlashScalingVar 
*          1    00000d04    00000002     UNINITIALIZED
                  00000d04    00000002     F2806x_GlobalVariableDefs.obj (FlashScalingVar)

DmaRegsFile 
*          1    00001000    000000e0     UNINITIALIZED
                  00001000    000000e0     F2806x_GlobalVariableDefs.obj (DmaRegsFile)

Cla1RegsFile 
*          1    00001400    00000040     UNINITIALIZED
                  00001400    00000040     F2806x_GlobalVariableDefs.obj (Cla1RegsFile)

Usb0RegsFile 
*          1    00004000    00000454     UNINITIALIZED
                  00004000    00000454     F2806x_GlobalVariableDefs.obj (Usb0RegsFile)

McbspaRegsFile 
*          1    00005000    00000024     UNINITIALIZED
                  00005000    00000024     F2806x_GlobalVariableDefs.obj (McbspaRegsFile)

ECanaRegsFile 
*          1    00006000    00000034     UNINITIALIZED
                  00006000    00000034     F2806x_GlobalVariableDefs.obj (ECanaRegsFile)

ECanaLAMRegsFile 
*          1    00006040    00000040     UNINITIALIZED
                  00006040    00000040     F2806x_GlobalVariableDefs.obj (ECanaLAMRegsFile)

ECanaMOTSRegsFile 
*          1    00006080    00000040     UNINITIALIZED
                  00006080    00000040     F2806x_GlobalVariableDefs.obj (ECanaMOTSRegsFile)

ECanaMOTORegsFile 
*          1    000060c0    00000040     UNINITIALIZED
                  000060c0    00000040     F2806x_GlobalVariableDefs.obj (ECanaMOTORegsFile)

ECanaMboxesFile 
*          1    00006100    00000100     UNINITIALIZED
                  00006100    00000100     F2806x_GlobalVariableDefs.obj (ECanaMboxesFile)

Comp1RegsFile 
*          1    00006400    00000014     UNINITIALIZED
                  00006400    00000014     F2806x_GlobalVariableDefs.obj (Comp1RegsFile)

Comp2RegsFile 
*          1    00006420    00000014     UNINITIALIZED
                  00006420    00000014     F2806x_GlobalVariableDefs.obj (Comp2RegsFile)

Comp3RegsFile 
*          1    00006440    00000014     UNINITIALIZED
                  00006440    00000014     F2806x_GlobalVariableDefs.obj (Comp3RegsFile)

EPwm1RegsFile 
*          1    00006800    00000040     UNINITIALIZED
                  00006800    00000040     F2806x_GlobalVariableDefs.obj (EPwm1RegsFile)

EPwm2RegsFile 
*          1    00006840    00000040     UNINITIALIZED
                  00006840    00000040     F2806x_GlobalVariableDefs.obj (EPwm2RegsFile)

EPwm3RegsFile 
*          1    00006880    00000040     UNINITIALIZED
                  00006880    00000040     F2806x_GlobalVariableDefs.obj (EPwm3RegsFile)

EPwm4RegsFile 
*          1    000068c0    00000040     UNINITIALIZED
                  000068c0    00000040     F2806x_GlobalVariableDefs.obj (EPwm4RegsFile)

EPwm5RegsFile 
*          1    00006900    00000040     UNINITIALIZED
                  00006900    00000040     F2806x_GlobalVariableDefs.obj (EPwm5RegsFile)

EPwm6RegsFile 
*          1    00006940    00000040     UNINITIALIZED
                  00006940    00000040     F2806x_GlobalVariableDefs.obj (EPwm6RegsFile)

EPwm7RegsFile 
*          1    00006980    00000040     UNINITIALIZED
                  00006980    00000040     F2806x_GlobalVariableDefs.obj (EPwm7RegsFile)

EPwm8RegsFile 
*          1    000069c0    00000040     UNINITIALIZED
                  000069c0    00000040     F2806x_GlobalVariableDefs.obj (EPwm8RegsFile)

ECap1RegsFile 
*          1    00006a00    00000020     UNINITIALIZED
                  00006a00    00000020     F2806x_GlobalVariableDefs.obj (ECap1RegsFile)

ECap2RegsFile 
*          1    00006a20    00000020     UNINITIALIZED
                  00006a20    00000020     F2806x_GlobalVariableDefs.obj (ECap2RegsFile)

ECap3RegsFile 
*          1    00006a40    00000020     UNINITIALIZED
                  00006a40    00000020     F2806x_GlobalVariableDefs.obj (ECap3RegsFile)

HRCap1RegsFile 
*          1    00006ac0    00000020     UNINITIALIZED
                  00006ac0    00000020     F2806x_GlobalVariableDefs.obj (HRCap1RegsFile)

HRCap2RegsFile 
*          1    00006ae0    00000020     UNINITIALIZED
                  00006ae0    00000020     F2806x_GlobalVariableDefs.obj (HRCap2RegsFile)

EQep1RegsFile 
*          1    00006b00    00000022     UNINITIALIZED
                  00006b00    00000022     F2806x_GlobalVariableDefs.obj (EQep1RegsFile)

EQep2RegsFile 
*          1    00006b40    00000022     UNINITIALIZED
                  00006b40    00000022     F2806x_GlobalVariableDefs.obj (EQep2RegsFile)

HRCap3RegsFile 
*          1    00006c80    00000020     UNINITIALIZED
                  00006c80    00000020     F2806x_GlobalVariableDefs.obj (HRCap3RegsFile)

HRCap4RegsFile 
*          1    00006ca0    00000020     UNINITIALIZED
                  00006ca0    00000020     F2806x_GlobalVariableDefs.obj (HRCap4RegsFile)

GpioCtrlRegsFile 
*          1    00006f80    00000040     UNINITIALIZED
                  00006f80    00000040     F2806x_GlobalVariableDefs.obj (GpioCtrlRegsFile)

GpioDataRegsFile 
*          1    00006fc0    00000020     UNINITIALIZED
                  00006fc0    00000020     F2806x_GlobalVariableDefs.obj (GpioDataRegsFile)

GpioIntRegsFile 
*          1    00006fe0    00000020     UNINITIALIZED
                  00006fe0    00000020     F2806x_GlobalVariableDefs.obj (GpioIntRegsFile)

SysCtrlRegsFile 
*          1    00007010    00000030     UNINITIALIZED
                  00007010    00000030     F2806x_GlobalVariableDefs.obj (SysCtrlRegsFile)

SpiaRegsFile 
*          1    00007040    00000010     UNINITIALIZED
                  00007040    00000010     F2806x_GlobalVariableDefs.obj (SpiaRegsFile)

SciaRegsFile 
*          1    00007050    00000010     UNINITIALIZED
                  00007050    00000010     F2806x_GlobalVariableDefs.obj (SciaRegsFile)

NmiIntruptRegsFile 
*          1    00007060    00000010     UNINITIALIZED
                  00007060    00000010     F2806x_GlobalVariableDefs.obj (NmiIntruptRegsFile)

XIntruptRegsFile 
*          1    00007070    00000010     UNINITIALIZED
                  00007070    00000010     F2806x_GlobalVariableDefs.obj (XIntruptRegsFile)

AdcRegsFile 
*          1    00007100    00000050     UNINITIALIZED
                  00007100    00000050     F2806x_GlobalVariableDefs.obj (AdcRegsFile)

SpibRegsFile 
*          1    00007740    00000010     UNINITIALIZED
                  00007740    00000010     F2806x_GlobalVariableDefs.obj (SpibRegsFile)

ScibRegsFile 
*          1    00007750    00000010     UNINITIALIZED
                  00007750    00000010     F2806x_GlobalVariableDefs.obj (ScibRegsFile)

I2caRegsFile 
*          1    00007900    00000022     UNINITIALIZED
                  00007900    00000022     F2806x_GlobalVariableDefs.obj (I2caRegsFile)

.ebss      1    0000a000    000003e0     UNINITIALIZED
                  0000a000    000003c0     mhc_GlobalVariables.obj (.ebss)
                  0000a3c0    00000018     F2806x_CpuTimers.obj (.ebss)
                  0000a3d8    00000004     rts2800_fpu32.lib : _lock.obj (.ebss)
                  0000a3dc    00000004                       : exit.obj (.ebss)

.econst    1    0000a3e0    00000103     
                  0000a3e0    00000100     F2806x_PieVect.obj (.econst)
                  0000a4e0    00000003     mhc_SCIA.obj (.econst:.string)

PartIdRegsFile 
*          1    003d7e80    00000001     UNINITIALIZED
                  003d7e80    00000001     F2806x_GlobalVariableDefs.obj (PartIdRegsFile)

CsmPwlFile 
*          1    003f7ff8    00000008     UNINITIALIZED
                  003f7ff8    00000008     F2806x_GlobalVariableDefs.obj (CsmPwlFile)


GLOBAL DATA SYMBOLS: SORTED BY DATA PAGE

address     data page           name
--------    ----------------    ----
00000400      10 (00000400)     __stack

00000880      22 (00000880)     _DevEmuRegs

00000985      26 (00000980)     _SysPwrCtrlRegs

00000a80      2a (00000a80)     _FlashRegs

00000ae0      2b (00000ac0)     _CsmRegs

00000b00      2c (00000b00)     _AdcResult

00000c00      30 (00000c00)     _CpuTimer0Regs
00000c08      30 (00000c00)     _CpuTimer1Regs
00000c10      30 (00000c00)     _CpuTimer2Regs

00000ce0      33 (00000cc0)     _PieCtrlRegs

00000d00      34 (00000d00)     _EmuKey
00000d00      34 (00000d00)     _PieVectTable
00000d01      34 (00000d00)     _EmuBMode
00000d02      34 (00000d00)     _Flash_CallbackPtr
00000d04      34 (00000d00)     _Flash_CPUScaleFactor

00001000      40 (00001000)     _DmaRegs

00001400      50 (00001400)     _Cla1Regs

00004000     100 (00004000)     _Usb0Regs

00005000     140 (00005000)     _McbspaRegs

00006000     180 (00006000)     _ECanaRegs

00006040     181 (00006040)     _ECanaLAMRegs

00006080     182 (00006080)     _ECanaMOTSRegs

000060c0     183 (000060c0)     _ECanaMOTORegs

00006100     184 (00006100)     _ECanaMboxes

00006400     190 (00006400)     _Comp1Regs
00006420     190 (00006400)     _Comp2Regs

00006440     191 (00006440)     _Comp3Regs

00006800     1a0 (00006800)     _EPwm1Regs

00006840     1a1 (00006840)     _EPwm2Regs

00006880     1a2 (00006880)     _EPwm3Regs

000068c0     1a3 (000068c0)     _EPwm4Regs

00006900     1a4 (00006900)     _EPwm5Regs

00006940     1a5 (00006940)     _EPwm6Regs

00006980     1a6 (00006980)     _EPwm7Regs

000069c0     1a7 (000069c0)     _EPwm8Regs

00006a00     1a8 (00006a00)     _ECap1Regs
00006a20     1a8 (00006a00)     _ECap2Regs

00006a40     1a9 (00006a40)     _ECap3Regs

00006ac0     1ab (00006ac0)     _HRCap1Regs
00006ae0     1ab (00006ac0)     _HRCap2Regs

00006b00     1ac (00006b00)     _EQep1Regs

00006b40     1ad (00006b40)     _EQep2Regs

00006c80     1b2 (00006c80)     _HRCap3Regs
00006ca0     1b2 (00006c80)     _HRCap4Regs

00006f80     1be (00006f80)     _GpioCtrlRegs

00006fc0     1bf (00006fc0)     _GpioDataRegs
00006fe0     1bf (00006fc0)     _GpioIntRegs

00007010     1c0 (00007000)     _SysCtrlRegs

00007040     1c1 (00007040)     _SpiaRegs
00007050     1c1 (00007040)     _SciaRegs
00007060     1c1 (00007040)     _NmiIntruptRegs
00007070     1c1 (00007040)     _XIntruptRegs

00007100     1c4 (00007100)     _AdcRegs

00007740     1dd (00007740)     _SpibRegs
00007750     1dd (00007740)     _ScibRegs

00007900     1e4 (00007900)     _I2caRegs

0000a000     280 (0000a000)     _i2c_Reg_Addr
0000a001     280 (0000a000)     _i2c_Slave_Addr
0000a002     280 (0000a000)     _doCalulate
0000a003     280 (0000a000)     _i2cDataPointer
0000a004     280 (0000a000)     _i2c_Send_Complete
0000a005     280 (0000a000)     _i2cStatus
0000a006     280 (0000a000)     _i2c_Send_Data
0000a007     280 (0000a000)     _acceYDrift
0000a008     280 (0000a000)     _acceXDrift
0000a009     280 (0000a000)     _cpuTime
0000a00a     280 (0000a000)     _doSBusDecode
0000a00b     280 (0000a000)     _doSCI
0000a00c     280 (0000a000)     _acceZDrift
0000a00d     280 (0000a000)     _fly_enable
0000a00e     280 (0000a000)     _sciBReadAByte
0000a00f     280 (0000a000)     _sciBReadBufferPointer
0000a010     280 (0000a000)     _digitalChannel1
0000a011     280 (0000a000)     _sBusReadDataCopied
0000a012     280 (0000a000)     _sciASendBufferPointer
0000a013     280 (0000a000)     _spiPointer
0000a014     280 (0000a000)     _sciBSendBufferPointer
0000a015     280 (0000a000)     _sciAReadBufferPointer
0000a016     280 (0000a000)     _digitalChannel2
0000a017     280 (0000a000)     _wireLessLost
0000a018     280 (0000a000)     _G_pos_p
0000a01a     280 (0000a000)     _pitch_Gy
0000a01c     280 (0000a000)     _MOTOR1_PULSE
0000a01e     280 (0000a000)     _pitch_Au
0000a020     280 (0000a000)     _roll_Av
0000a022     280 (0000a000)     _delay
0000a024     280 (0000a000)     _G_pos_r
0000a026     280 (0000a000)     _ROL_K
0000a028     280 (0000a000)     _YAW_D
0000a02a     280 (0000a000)     _ROL_V
0000a02c     280 (0000a000)     _YAW_I
0000a02e     280 (0000a000)     _YAW_K
0000a030     280 (0000a000)     _ROL_A
0000a032     280 (0000a000)     _YAW_P
0000a034     280 (0000a000)     _MOTOR3_PULSE
0000a036     280 (0000a000)     _speed_yaw_lp
0000a038     280 (0000a000)     _MOTOR4_PULSE
0000a03a     280 (0000a000)     _speed_pitch_lp
0000a03c     280 (0000a000)     _dy
0000a03e     280 (0000a000)     _MOTOR2_PULSE

0000a040     281 (0000a040)     _speed_roll_lp
0000a042     281 (0000a040)     _dp
0000a044     281 (0000a040)     _dr
0000a046     281 (0000a040)     _roll_Gx
0000a048     281 (0000a040)     _pulse_temp
0000a04a     281 (0000a040)     _height_ultrasonic
0000a04c     281 (0000a040)     _yaw_Gz
0000a04e     281 (0000a040)     _height_ultrasonic_lp
0000a050     281 (0000a040)     _gyroZDrift
0000a052     281 (0000a040)     _gyroYDrift
0000a054     281 (0000a040)     _Gky
0000a056     281 (0000a040)     _Gkx
0000a058     281 (0000a040)     _AcceYK
0000a05a     281 (0000a040)     _AcceXK
0000a05c     281 (0000a040)     _gyroXDrift
0000a05e     281 (0000a040)     _AcceZK
0000a060     281 (0000a040)     _Gkz
0000a062     281 (0000a040)     _PIT_K
0000a064     281 (0000a040)     _PIT_A
0000a066     281 (0000a040)     _ROL_P
0000a068     281 (0000a040)     _ROL_D
0000a06a     281 (0000a040)     _PIT_P
0000a06c     281 (0000a040)     _PIT_D
0000a06e     281 (0000a040)     _PIT_V
0000a070     281 (0000a040)     _PIT_I
0000a072     281 (0000a040)     _ROL_I
0000a074     281 (0000a040)     _posture_expected

0000a080     282 (0000a080)     _posture_now
0000a088     282 (0000a080)     _posture_before
0000a090     282 (0000a080)     _posture_adjust
0000a098     282 (0000a080)     _posture_error
0000a0a0     282 (0000a080)     _posture_speed
0000a0a8     282 (0000a080)     _MPU6050Data

0000a0c0     283 (0000a0c0)     _channelsData4
0000a0d0     283 (0000a0c0)     _channelsData2048
0000a0e0     283 (0000a0c0)     _spiASendData

0000a100     284 (0000a100)     _spiAReadData
0000a114     284 (0000a100)     _sBusReadData

0000a140     285 (0000a140)     _i2cRegAddr
0000a160     285 (0000a140)     _i2cSlaves

0000a180     286 (0000a180)     _channelsData1000
0000a1a0     286 (0000a180)     _i2cData

0000a1c0     287 (0000a1c0)     _sciASendBuffer

0000a240     289 (0000a240)     _sciBSendBuffer

0000a2c0     28b (0000a2c0)     _sciAReadBuffer

0000a340     28d (0000a340)     _sciBReadBuffer

0000a3c0     28f (0000a3c0)     _CpuTimer1
0000a3c8     28f (0000a3c0)     _CpuTimer2
0000a3d0     28f (0000a3c0)     _CpuTimer0
0000a3d8     28f (0000a3c0)     __unlock
0000a3da     28f (0000a3c0)     __lock
0000a3dc     28f (0000a3c0)     ___TI_cleanup_ptr
0000a3de     28f (0000a3c0)     ___TI_dtors_ptr
0000a3e0     28f (0000a3c0)     _PieVectTableInit

003d7e80    f5fa (003d7e80)     _PartIdRegs

003f7ff8    fdff (003f7fc0)     _CsmPwl

003fd860    ff61 (003fd840)     _FPUsinTable

003fd960    ff65 (003fd940)     _FPUcosTable

003fdc60    ff71 (003fdc40)     _FPUsinTableEnd

003fdd62    ff75 (003fdd40)     _FPUatan2HalfPITable
003fdd62    ff75 (003fdd40)     _FPUcosTableEnd
003fdd66    ff75 (003fdd40)     _FPUatan2Table

003fdeec    ff7b (003fdec0)     _FPUatan2TableEnd


GLOBAL SYMBOLS: SORTED ALPHABETICALLY BY Name 

address    name
--------   ----
00008000   .text
00009b2a   C$$EXIT
00009b43   FS$$DIV
00009ace   I$$DIV
00009adf   I$$MOD
00009a33   L$$DIV
00009a42   L$$MOD
00009188   LL$$DIV
000091c4   LL$$MOD
00009b9d   U$$DIV
00009ba2   U$$MOD
00009a50   UL$$DIV
00009a57   UL$$MOD
000091fe   ULL$$DIV
0000922d   ULL$$MOD
0000862e   _ADCINT1_ISR
00008638   _ADCINT2_ISR
00008840   _ADCINT3_ISR
0000884a   _ADCINT4_ISR
00008854   _ADCINT5_ISR
0000885e   _ADCINT6_ISR
00008868   _ADCINT7_ISR
00008872   _ADCINT8_ISR
00008656   _ADCINT9_ISR
0000a05a   _AcceXK
0000a058   _AcceYK
0000a05e   _AcceZK
00007100   _AdcRegs
00000b00   _AdcResult
0000887c   _CLA1_INT1_ISR
00008886   _CLA1_INT2_ISR
00008890   _CLA1_INT3_ISR
0000889a   _CLA1_INT4_ISR
000088a4   _CLA1_INT5_ISR
000088ae   _CLA1_INT6_ISR
000088b8   _CLA1_INT7_ISR
000088c2   _CLA1_INT8_ISR
00001400   _Cla1Regs
00006400   _Comp1Regs
00006420   _Comp2Regs
00006440   _Comp3Regs
0000967c   _ConfigCpuTimer
0000a3d0   _CpuTimer0
00000c00   _CpuTimer0Regs
0000a3c0   _CpuTimer1
00000c08   _CpuTimer1Regs
0000a3c8   _CpuTimer2
00000c10   _CpuTimer2Regs
003f7ff8   _CsmPwl
00000ae0   _CsmRegs
00009109   _CsmUnlock
00008580   _DATALOG_ISR
000087b4   _DINTCH1_ISR
000087be   _DINTCH2_ISR
000087c8   _DINTCH3_ISR
000087d2   _DINTCH4_ISR
000087dc   _DINTCH5_ISR
000087e6   _DINTCH6_ISR
00009bc7   _DSP28x_usDelay
00000880   _DevEmuRegs
00009029   _DisableDog
00001000   _DmaRegs
0000882c   _ECAN0INTA_ISR
00008836   _ECAN1INTA_ISR
00008714   _ECAP1_INT_ISR
0000871e   _ECAP2_INT_ISR
00008728   _ECAP3_INT_ISR
00006040   _ECanaLAMRegs
000060c0   _ECanaMOTORegs
00006080   _ECanaMOTSRegs
00006100   _ECanaMboxes
00006000   _ECanaRegs
00006a00   _ECap1Regs
00006a20   _ECap2Regs
00006a40   _ECap3Regs
000088ea   _EMPTY_ISR
00008594   _EMUINT_ISR
000086c4   _EPWM1_INT_ISR
00008674   _EPWM1_TZINT_ISR
000086ce   _EPWM2_INT_ISR
0000867e   _EPWM2_TZINT_ISR
000086d8   _EPWM3_INT_ISR
00008688   _EPWM3_TZINT_ISR
000086e2   _EPWM4_INT_ISR
00008692   _EPWM4_TZINT_ISR
000086ec   _EPWM5_INT_ISR
0000869c   _EPWM5_TZINT_ISR
000086f6   _EPWM6_INT_ISR
000086a6   _EPWM6_TZINT_ISR
00008700   _EPWM7_INT_ISR
000086b0   _EPWM7_TZINT_ISR
0000870a   _EPWM8_INT_ISR
000086ba   _EPWM8_TZINT_ISR
00006800   _EPwm1Regs
00006840   _EPwm2Regs
00006880   _EPwm3Regs
000068c0   _EPwm4Regs
00006900   _EPwm5Regs
00006940   _EPwm6Regs
00006980   _EPwm7Regs
000069c0   _EPwm8Regs
00008746   _EQEP1_INT_ISR
00008750   _EQEP2_INT_ISR
00006b00   _EQep1Regs
00006b40   _EQep2Regs
00000d01   _EmuBMode
00000d00   _EmuKey
00009a7c   _EnableInterrupts
00009172   _ExtOscSel
003fdd62   _FPUatan2HalfPITable
003fdd66   _FPUatan2Table
003fdeec   _FPUatan2TableEnd
003fd960   _FPUcosTable
003fdd62   _FPUcosTableEnd
003fd860   _FPUsinTable
003fdc60   _FPUsinTableEnd
00000a80   _FlashRegs
00000d04   _Flash_CPUScaleFactor
00000d02   _Flash_CallbackPtr
0000a018   _G_pos_p
0000a024   _G_pos_r
0000a056   _Gkx
0000a054   _Gky
0000a060   _Gkz
00006f80   _GpioCtrlRegs
00006fc0   _GpioDataRegs
00006fe0   _GpioIntRegs
00008732   _HRCAP1_INT_ISR
0000873c   _HRCAP2_INT_ISR
0000875a   _HRCAP3_INT_ISR
00008764   _HRCAP4_INT_ISR
00006ac0   _HRCap1Regs
00006ae0   _HRCap2Regs
00006c80   _HRCap3Regs
00006ca0   _HRCap4Regs
0000930a   _I2CA_Init
000087f0   _I2CINT1A_ISR
000087fa   _I2CINT2A_ISR
00007900   _I2caRegs
000085a8   _ILLEGAL_ISR
0000856c   _INT13_ISR
00008576   _INT14_ISR
00009641   _InitCpuTimers
000099d5   _InitECap
000099dd   _InitECap1Gpio
000099eb   _InitECap2Gpio
000099f9   _InitECap3Gpio
000099d6   _InitECapGpio
00009aaa   _InitECapture
00009375   _InitEPwm
00008e65   _InitEPwm1Example
00009387   _InitEPwm1Gpio
00008e9c   _InitEPwm2Example
00009399   _InitEPwm2Gpio
00008ed3   _InitEPwm3Example
000093ab   _InitEPwm3Gpio
00008f0a   _InitEPwm4Example
000093bf   _InitEPwm4Gpio
00008f41   _InitEPwm5Example
000093d3   _InitEPwm5Gpio
000093e5   _InitEPwm6Gpio
000093f7   _InitEPwm7Gpio
00009409   _InitEPwm8Gpio
00009376   _InitEPwmGpio
0000941b   _InitEPwmSyncGpio
00009b5c   _InitI2C
00009b5d   _InitI2CGpio
000090b3   _InitPeripheralClocks
00009a5d   _InitPieCtrl
00009a85   _InitPieVectTable
00009031   _InitPll
00009085   _InitPll2
00009a07   _InitSci
00009a08   _InitSciGpio
00009a0d   _InitSciaGpio
00009a23   _InitScibGpio
00009929   _InitSpiaGpio
0000994f   _InitSpibGpio
00009005   _InitSysCtrl
0000942c   _InitTzGpio
0000913a   _IntOsc1Sel
0000914a   _IntOsc2Sel
000088e0   _LUF_ISR
000088d6   _LVF_ISR
0000a01c   _MOTOR1_PULSE
0000a03e   _MOTOR2_PULSE
0000a034   _MOTOR3_PULSE
0000a038   _MOTOR4_PULSE
0000a0a8   _MPU6050Data
000087a0   _MRINTA_ISR
000087aa   _MXINTA_ISR
00005000   _McbspaRegs
0000859e   _NMI_ISR
00007060   _NmiIntruptRegs
000088f7   _PIE_RESERVED
0000a064   _PIT_A
0000a06c   _PIT_D
0000a070   _PIT_I
0000a062   _PIT_K
0000a06a   _PIT_P
0000a06e   _PIT_V
003d7e80   _PartIdRegs
00000ce0   _PieCtrlRegs
00000d00   _PieVectTable
0000a3e0   _PieVectTableInit
00008a32   _Posture_calculate
0000a030   _ROL_A
0000a068   _ROL_D
0000a072   _ROL_I
0000a026   _ROL_K
0000a066   _ROL_P
0000a02a   _ROL_V
0000858a   _RTOSINT_ISR
00008804   _SCIRXINTA_ISR
00008818   _SCIRXINTB_ISR
0000880e   _SCITXINTA_ISR
00008822   _SCITXINTB_ISR
00008778   _SPIRXINTA_ISR
0000878c   _SPIRXINTB_ISR
00008782   _SPITXINTA_ISR
00008796   _SPITXINTB_ISR
00007050   _SciaRegs
00007750   _ScibRegs
0000901f   _ServiceDog
00007040   _SpiaRegs
00007740   _SpibRegs
00007010   _SysCtrlRegs
00000985   _SysPwrCtrlRegs
00008660   _TINT0_ISR
0000876e   _USB0_INT_ISR
00008610   _USER10_ISR
0000861a   _USER11_ISR
00008624   _USER12_ISR
000085b6   _USER1_ISR
000085c0   _USER2_ISR
000085ca   _USER3_ISR
000085d4   _USER4_ISR
000085de   _USER5_ISR
000085e8   _USER6_ISR
000085f2   _USER7_ISR
000085fc   _USER8_ISR
00008606   _USER9_ISR
00004000   _Usb0Regs
0000866a   _WAKEINT_ISR
00008642   _XINT1_ISR
0000864c   _XINT2_ISR
000088cc   _XINT3_ISR
00007070   _XIntruptRegs
0000915e   _XtalOscSel
0000a028   _YAW_D
0000a02c   _YAW_I
0000a02e   _YAW_K
0000a032   _YAW_P
00000600   __STACK_END
00000200   __STACK_SIZE
00000001   __TI_args_main
0000a3dc   ___TI_cleanup_ptr
0000a3de   ___TI_dtors_ptr
ffffffff   ___binit__
ffffffff   ___c_args__
00000050   ___cinit__
00009bcb   ___etext__
ffffffff   ___pinit__
00008000   ___text__
00009b11   __args_main
0000a3da   __lock
00009bb0   __nop
00009bac   __register_lock
00009ba8   __register_unlock
00000400   __stack
0000a3d8   __unlock
00009b2a   _abort
0000a008   _acceXDrift
0000a007   _acceYDrift
0000a00c   _acceZDrift
00009899   _atan
000098e3   _c_int00
0000a180   _channelsData1000
0000a0d0   _channelsData2048
0000a0c0   _channelsData4
0000996d   _cos
0000a009   _cpuTime
000095c8   _cpu_timer0_isr
0000890b   _dataConverse
0000a022   _delay
0000a010   _digitalChannel1
0000a016   _digitalChannel2
0000a002   _doCalulate
0000a00a   _doSBusDecode
0000a00b   _doSCI
000081cb   _double_to_string
0000832a   _double_to_string3
0000a042   _dp
0000a044   _dr
0000a03c   _dy
000097ea   _ecap1_isr
00009b2c   _exit
0000a00d   _fly_enable
0000a05c   _gyroXDrift
0000a052   _gyroYDrift
0000a050   _gyroZDrift
0000a04a   _height_ultrasonic
0000a04e   _height_ultrasonic_lp
0000a1a0   _i2cData
0000a003   _i2cDataPointer
0000a140   _i2cRegAddr
0000a160   _i2cSlaves
0000a005   _i2cStatus
0000a000   _i2c_Reg_Addr
0000a004   _i2c_Send_Complete
0000a006   _i2c_Send_Data
0000a001   _i2c_Slave_Addr
00009523   _i2c_int1a_isr
000092f5   _iiC_broken
00009349   _iicStartRead
0000931d   _iicWriteByte
00008c21   _initDSP
00008d07   _initGlobalVariables
00009b73   _initSPI
0000928f   _init_I2C_devices
000092b3   _init_I2C_devices_flying
00008000   _int16_to_string
00008a10   _low_pass
00009bc2   _main
0000a01e   _pitch_Au
0000a01a   _pitch_Gy
0000a090   _posture_adjust
0000a088   _posture_before
0000a098   _posture_error
0000a074   _posture_expected
0000a080   _posture_now
0000a0a0   _posture_speed
0000a048   _pulse_temp
0000a020   _roll_Av
0000a046   _roll_Gx
00008901   _rsvd_ISR
0000a114   _sBusReadData
0000a011   _sBusReadDataCopied
00009468   _sbusDecode
0000a2c0   _sciAReadBuffer
0000a015   _sciAReadBufferPointer
0000a1c0   _sciASendBuffer
0000a012   _sciASendBufferPointer
0000986d   _sciASendData
0000a00e   _sciBReadAByte
0000a340   _sciBReadBuffer
0000a00f   _sciBReadBufferPointer
0000a240   _sciBSendBuffer
0000a014   _sciBSendBufferPointer
0000975f   _sciaRxFifoIsr
00009724   _sciaTxFifoIsr
00009844   _scia_mhc_init
000096f3   _scibRxFifoIsr
000096b8   _scibTxFifoIsr
0000944d   _scib_mhc_init
00008f78   _setPwm
000099a1   _sin
0000a03a   _speed_pitch_lp
0000a040   _speed_roll_lp
0000a036   _speed_yaw_lp
0000a100   _spiAReadData
0000a0e0   _spiASendData
0000a013   _spiPointer
00009b88   _spiaRxIsr
00009af0   _sqrt
00009bb1   _strcat
000084b5   _string_to_one_double
0000852b   _string_to_one_int32
00009789   _tan
0000985f   _uint16strcpy
00008089   _uint32_to_string
0000a017   _wireLessLost
0000a04c   _yaw_Gz
ffffffff   binit
00000050   cinit
00000000   code_start
00009bcb   etext
ffffffff   pinit


GLOBAL SYMBOLS: SORTED BY Symbol Address 

address    name
--------   ----
00000000   code_start
00000001   __TI_args_main
00000050   ___cinit__
00000050   cinit
00000200   __STACK_SIZE
00000400   __stack
00000600   __STACK_END
00000880   _DevEmuRegs
00000985   _SysPwrCtrlRegs
00000a80   _FlashRegs
00000ae0   _CsmRegs
00000b00   _AdcResult
00000c00   _CpuTimer0Regs
00000c08   _CpuTimer1Regs
00000c10   _CpuTimer2Regs
00000ce0   _PieCtrlRegs
00000d00   _EmuKey
00000d00   _PieVectTable
00000d01   _EmuBMode
00000d02   _Flash_CallbackPtr
00000d04   _Flash_CPUScaleFactor
00001000   _DmaRegs
00001400   _Cla1Regs
00004000   _Usb0Regs
00005000   _McbspaRegs
00006000   _ECanaRegs
00006040   _ECanaLAMRegs
00006080   _ECanaMOTSRegs
000060c0   _ECanaMOTORegs
00006100   _ECanaMboxes
00006400   _Comp1Regs
00006420   _Comp2Regs
00006440   _Comp3Regs
00006800   _EPwm1Regs
00006840   _EPwm2Regs
00006880   _EPwm3Regs
000068c0   _EPwm4Regs
00006900   _EPwm5Regs
00006940   _EPwm6Regs
00006980   _EPwm7Regs
000069c0   _EPwm8Regs
00006a00   _ECap1Regs
00006a20   _ECap2Regs
00006a40   _ECap3Regs
00006ac0   _HRCap1Regs
00006ae0   _HRCap2Regs
00006b00   _EQep1Regs
00006b40   _EQep2Regs
00006c80   _HRCap3Regs
00006ca0   _HRCap4Regs
00006f80   _GpioCtrlRegs
00006fc0   _GpioDataRegs
00006fe0   _GpioIntRegs
00007010   _SysCtrlRegs
00007040   _SpiaRegs
00007050   _SciaRegs
00007060   _NmiIntruptRegs
00007070   _XIntruptRegs
00007100   _AdcRegs
00007740   _SpibRegs
00007750   _ScibRegs
00007900   _I2caRegs
00008000   .text
00008000   ___text__
00008000   _int16_to_string
00008089   _uint32_to_string
000081cb   _double_to_string
0000832a   _double_to_string3
000084b5   _string_to_one_double
0000852b   _string_to_one_int32
0000856c   _INT13_ISR
00008576   _INT14_ISR
00008580   _DATALOG_ISR
0000858a   _RTOSINT_ISR
00008594   _EMUINT_ISR
0000859e   _NMI_ISR
000085a8   _ILLEGAL_ISR
000085b6   _USER1_ISR
000085c0   _USER2_ISR
000085ca   _USER3_ISR
000085d4   _USER4_ISR
000085de   _USER5_ISR
000085e8   _USER6_ISR
000085f2   _USER7_ISR
000085fc   _USER8_ISR
00008606   _USER9_ISR
00008610   _USER10_ISR
0000861a   _USER11_ISR
00008624   _USER12_ISR
0000862e   _ADCINT1_ISR
00008638   _ADCINT2_ISR
00008642   _XINT1_ISR
0000864c   _XINT2_ISR
00008656   _ADCINT9_ISR
00008660   _TINT0_ISR
0000866a   _WAKEINT_ISR
00008674   _EPWM1_TZINT_ISR
0000867e   _EPWM2_TZINT_ISR
00008688   _EPWM3_TZINT_ISR
00008692   _EPWM4_TZINT_ISR
0000869c   _EPWM5_TZINT_ISR
000086a6   _EPWM6_TZINT_ISR
000086b0   _EPWM7_TZINT_ISR
000086ba   _EPWM8_TZINT_ISR
000086c4   _EPWM1_INT_ISR
000086ce   _EPWM2_INT_ISR
000086d8   _EPWM3_INT_ISR
000086e2   _EPWM4_INT_ISR
000086ec   _EPWM5_INT_ISR
000086f6   _EPWM6_INT_ISR
00008700   _EPWM7_INT_ISR
0000870a   _EPWM8_INT_ISR
00008714   _ECAP1_INT_ISR
0000871e   _ECAP2_INT_ISR
00008728   _ECAP3_INT_ISR
00008732   _HRCAP1_INT_ISR
0000873c   _HRCAP2_INT_ISR
00008746   _EQEP1_INT_ISR
00008750   _EQEP2_INT_ISR
0000875a   _HRCAP3_INT_ISR
00008764   _HRCAP4_INT_ISR
0000876e   _USB0_INT_ISR
00008778   _SPIRXINTA_ISR
00008782   _SPITXINTA_ISR
0000878c   _SPIRXINTB_ISR
00008796   _SPITXINTB_ISR
000087a0   _MRINTA_ISR
000087aa   _MXINTA_ISR
000087b4   _DINTCH1_ISR
000087be   _DINTCH2_ISR
000087c8   _DINTCH3_ISR
000087d2   _DINTCH4_ISR
000087dc   _DINTCH5_ISR
000087e6   _DINTCH6_ISR
000087f0   _I2CINT1A_ISR
000087fa   _I2CINT2A_ISR
00008804   _SCIRXINTA_ISR
0000880e   _SCITXINTA_ISR
00008818   _SCIRXINTB_ISR
00008822   _SCITXINTB_ISR
0000882c   _ECAN0INTA_ISR
00008836   _ECAN1INTA_ISR
00008840   _ADCINT3_ISR
0000884a   _ADCINT4_ISR
00008854   _ADCINT5_ISR
0000885e   _ADCINT6_ISR
00008868   _ADCINT7_ISR
00008872   _ADCINT8_ISR
0000887c   _CLA1_INT1_ISR
00008886   _CLA1_INT2_ISR
00008890   _CLA1_INT3_ISR
0000889a   _CLA1_INT4_ISR
000088a4   _CLA1_INT5_ISR
000088ae   _CLA1_INT6_ISR
000088b8   _CLA1_INT7_ISR
000088c2   _CLA1_INT8_ISR
000088cc   _XINT3_ISR
000088d6   _LVF_ISR
000088e0   _LUF_ISR
000088ea   _EMPTY_ISR
000088f7   _PIE_RESERVED
00008901   _rsvd_ISR
0000890b   _dataConverse
00008a10   _low_pass
00008a32   _Posture_calculate
00008c21   _initDSP
00008d07   _initGlobalVariables
00008e65   _InitEPwm1Example
00008e9c   _InitEPwm2Example
00008ed3   _InitEPwm3Example
00008f0a   _InitEPwm4Example
00008f41   _InitEPwm5Example
00008f78   _setPwm
00009005   _InitSysCtrl
0000901f   _ServiceDog
00009029   _DisableDog
00009031   _InitPll
00009085   _InitPll2
000090b3   _InitPeripheralClocks
00009109   _CsmUnlock
0000913a   _IntOsc1Sel
0000914a   _IntOsc2Sel
0000915e   _XtalOscSel
00009172   _ExtOscSel
00009188   LL$$DIV
000091c4   LL$$MOD
000091fe   ULL$$DIV
0000922d   ULL$$MOD
0000928f   _init_I2C_devices
000092b3   _init_I2C_devices_flying
000092f5   _iiC_broken
0000930a   _I2CA_Init
0000931d   _iicWriteByte
00009349   _iicStartRead
00009375   _InitEPwm
00009376   _InitEPwmGpio
00009387   _InitEPwm1Gpio
00009399   _InitEPwm2Gpio
000093ab   _InitEPwm3Gpio
000093bf   _InitEPwm4Gpio
000093d3   _InitEPwm5Gpio
000093e5   _InitEPwm6Gpio
000093f7   _InitEPwm7Gpio
00009409   _InitEPwm8Gpio
0000941b   _InitEPwmSyncGpio
0000942c   _InitTzGpio
0000944d   _scib_mhc_init
00009468   _sbusDecode
00009523   _i2c_int1a_isr
000095c8   _cpu_timer0_isr
00009641   _InitCpuTimers
0000967c   _ConfigCpuTimer
000096b8   _scibTxFifoIsr
000096f3   _scibRxFifoIsr
00009724   _sciaTxFifoIsr
0000975f   _sciaRxFifoIsr
00009789   _tan
000097ea   _ecap1_isr
00009844   _scia_mhc_init
0000985f   _uint16strcpy
0000986d   _sciASendData
00009899   _atan
000098e3   _c_int00
00009929   _InitSpiaGpio
0000994f   _InitSpibGpio
0000996d   _cos
000099a1   _sin
000099d5   _InitECap
000099d6   _InitECapGpio
000099dd   _InitECap1Gpio
000099eb   _InitECap2Gpio
000099f9   _InitECap3Gpio
00009a07   _InitSci
00009a08   _InitSciGpio
00009a0d   _InitSciaGpio
00009a23   _InitScibGpio
00009a33   L$$DIV
00009a42   L$$MOD
00009a50   UL$$DIV
00009a57   UL$$MOD
00009a5d   _InitPieCtrl
00009a7c   _EnableInterrupts
00009a85   _InitPieVectTable
00009aaa   _InitECapture
00009ace   I$$DIV
00009adf   I$$MOD
00009af0   _sqrt
00009b11   __args_main
00009b2a   C$$EXIT
00009b2a   _abort
00009b2c   _exit
00009b43   FS$$DIV
00009b5c   _InitI2C
00009b5d   _InitI2CGpio
00009b73   _initSPI
00009b88   _spiaRxIsr
00009b9d   U$$DIV
00009ba2   U$$MOD
00009ba8   __register_unlock
00009bac   __register_lock
00009bb0   __nop
00009bb1   _strcat
00009bc2   _main
00009bc7   _DSP28x_usDelay
00009bcb   ___etext__
00009bcb   etext
0000a000   _i2c_Reg_Addr
0000a001   _i2c_Slave_Addr
0000a002   _doCalulate
0000a003   _i2cDataPointer
0000a004   _i2c_Send_Complete
0000a005   _i2cStatus
0000a006   _i2c_Send_Data
0000a007   _acceYDrift
0000a008   _acceXDrift
0000a009   _cpuTime
0000a00a   _doSBusDecode
0000a00b   _doSCI
0000a00c   _acceZDrift
0000a00d   _fly_enable
0000a00e   _sciBReadAByte
0000a00f   _sciBReadBufferPointer
0000a010   _digitalChannel1
0000a011   _sBusReadDataCopied
0000a012   _sciASendBufferPointer
0000a013   _spiPointer
0000a014   _sciBSendBufferPointer
0000a015   _sciAReadBufferPointer
0000a016   _digitalChannel2
0000a017   _wireLessLost
0000a018   _G_pos_p
0000a01a   _pitch_Gy
0000a01c   _MOTOR1_PULSE
0000a01e   _pitch_Au
0000a020   _roll_Av
0000a022   _delay
0000a024   _G_pos_r
0000a026   _ROL_K
0000a028   _YAW_D
0000a02a   _ROL_V
0000a02c   _YAW_I
0000a02e   _YAW_K
0000a030   _ROL_A
0000a032   _YAW_P
0000a034   _MOTOR3_PULSE
0000a036   _speed_yaw_lp
0000a038   _MOTOR4_PULSE
0000a03a   _speed_pitch_lp
0000a03c   _dy
0000a03e   _MOTOR2_PULSE
0000a040   _speed_roll_lp
0000a042   _dp
0000a044   _dr
0000a046   _roll_Gx
0000a048   _pulse_temp
0000a04a   _height_ultrasonic
0000a04c   _yaw_Gz
0000a04e   _height_ultrasonic_lp
0000a050   _gyroZDrift
0000a052   _gyroYDrift
0000a054   _Gky
0000a056   _Gkx
0000a058   _AcceYK
0000a05a   _AcceXK
0000a05c   _gyroXDrift
0000a05e   _AcceZK
0000a060   _Gkz
0000a062   _PIT_K
0000a064   _PIT_A
0000a066   _ROL_P
0000a068   _ROL_D
0000a06a   _PIT_P
0000a06c   _PIT_D
0000a06e   _PIT_V
0000a070   _PIT_I
0000a072   _ROL_I
0000a074   _posture_expected
0000a080   _posture_now
0000a088   _posture_before
0000a090   _posture_adjust
0000a098   _posture_error
0000a0a0   _posture_speed
0000a0a8   _MPU6050Data
0000a0c0   _channelsData4
0000a0d0   _channelsData2048
0000a0e0   _spiASendData
0000a100   _spiAReadData
0000a114   _sBusReadData
0000a140   _i2cRegAddr
0000a160   _i2cSlaves
0000a180   _channelsData1000
0000a1a0   _i2cData
0000a1c0   _sciASendBuffer
0000a240   _sciBSendBuffer
0000a2c0   _sciAReadBuffer
0000a340   _sciBReadBuffer
0000a3c0   _CpuTimer1
0000a3c8   _CpuTimer2
0000a3d0   _CpuTimer0
0000a3d8   __unlock
0000a3da   __lock
0000a3dc   ___TI_cleanup_ptr
0000a3de   ___TI_dtors_ptr
0000a3e0   _PieVectTableInit
003d7e80   _PartIdRegs
003f7ff8   _CsmPwl
003fd860   _FPUsinTable
003fd960   _FPUcosTable
003fdc60   _FPUsinTableEnd
003fdd62   _FPUatan2HalfPITable
003fdd62   _FPUcosTableEnd
003fdd66   _FPUatan2Table
003fdeec   _FPUatan2TableEnd
ffffffff   ___binit__
ffffffff   ___c_args__
ffffffff   ___pinit__
ffffffff   binit
ffffffff   pinit

[378 symbols]
