<?xml version="1.0"?>
<link_info>
   <banner>TMS320C2000 Linker PC v6.2.6</banner>
   <copyright>Copyright (c) 1996-2014 Texas Instruments Incorporated</copyright>
   <link_time>0x53d8a2f0</link_time>
   <link_errors>0x0</link_errors>
   <output_file>Example_2806xEPwmDeadBand.out</output_file>
   <entry_point>
      <name>code_start</name>
      <address>0x0</address>
   </entry_point>
   <input_file_list>
      <input_file id="fl-4">
         <path>.\TiFiles\</path>
         <kind>object</kind>
         <file>F2806x_usDelay.obj</file>
         <name>F2806x_usDelay.obj</name>
      </input_file>
      <input_file id="fl-5">
         <path>.\TiFiles\</path>
         <kind>object</kind>
         <file>F2806x_SysCtrl.obj</file>
         <name>F2806x_SysCtrl.obj</name>
      </input_file>
      <input_file id="fl-6">
         <path>.\TiFiles\</path>
         <kind>object</kind>
         <file>F2806x_Spi.obj</file>
         <name>F2806x_Spi.obj</name>
      </input_file>
      <input_file id="fl-7">
         <path>.\TiFiles\</path>
         <kind>object</kind>
         <file>F2806x_Sci.obj</file>
         <name>F2806x_Sci.obj</name>
      </input_file>
      <input_file id="fl-8">
         <path>.\TiFiles\</path>
         <kind>object</kind>
         <file>F2806x_PieVect.obj</file>
         <name>F2806x_PieVect.obj</name>
      </input_file>
      <input_file id="fl-9">
         <path>.\TiFiles\</path>
         <kind>object</kind>
         <file>F2806x_PieCtrl.obj</file>
         <name>F2806x_PieCtrl.obj</name>
      </input_file>
      <input_file id="fl-a">
         <path>.\TiFiles\</path>
         <kind>object</kind>
         <file>F2806x_I2C.obj</file>
         <name>F2806x_I2C.obj</name>
      </input_file>
      <input_file id="fl-b">
         <path>.\TiFiles\</path>
         <kind>object</kind>
         <file>F2806x_HRCap.obj</file>
         <name>F2806x_HRCap.obj</name>
      </input_file>
      <input_file id="fl-c">
         <path>.\TiFiles\</path>
         <kind>object</kind>
         <file>F2806x_Gpio.obj</file>
         <name>F2806x_Gpio.obj</name>
      </input_file>
      <input_file id="fl-d">
         <path>.\TiFiles\</path>
         <kind>object</kind>
         <file>F2806x_GlobalVariableDefs.obj</file>
         <name>F2806x_GlobalVariableDefs.obj</name>
      </input_file>
      <input_file id="fl-e">
         <path>.\TiFiles\</path>
         <kind>object</kind>
         <file>F2806x_EPwm.obj</file>
         <name>F2806x_EPwm.obj</name>
      </input_file>
      <input_file id="fl-f">
         <path>.\TiFiles\</path>
         <kind>object</kind>
         <file>F2806x_ECap.obj</file>
         <name>F2806x_ECap.obj</name>
      </input_file>
      <input_file id="fl-10">
         <path>.\TiFiles\</path>
         <kind>object</kind>
         <file>F2806x_DefaultIsr.obj</file>
         <name>F2806x_DefaultIsr.obj</name>
      </input_file>
      <input_file id="fl-11">
         <path>.\TiFiles\</path>
         <kind>object</kind>
         <file>F2806x_CpuTimers.obj</file>
         <name>F2806x_CpuTimers.obj</name>
      </input_file>
      <input_file id="fl-12">
         <path>.\TiFiles\</path>
         <kind>object</kind>
         <file>F2806x_CodeStartBranch.obj</file>
         <name>F2806x_CodeStartBranch.obj</name>
      </input_file>
      <input_file id="fl-13">
         <path>.\mhcFiles\</path>
         <kind>object</kind>
         <file>num2string.obj</file>
         <name>num2string.obj</name>
      </input_file>
      <input_file id="fl-14">
         <path>.\mhcFiles\</path>
         <kind>object</kind>
         <file>mhc_initDSP.obj</file>
         <name>mhc_initDSP.obj</name>
      </input_file>
      <input_file id="fl-15">
         <path>.\mhcFiles\</path>
         <kind>object</kind>
         <file>mhc_ePWM.obj</file>
         <name>mhc_ePWM.obj</name>
      </input_file>
      <input_file id="fl-16">
         <path>.\mhcFiles\</path>
         <kind>object</kind>
         <file>mhc_eCap.obj</file>
         <name>mhc_eCap.obj</name>
      </input_file>
      <input_file id="fl-17">
         <path>.\mhcFiles\</path>
         <kind>object</kind>
         <file>mhc_doData.obj</file>
         <name>mhc_doData.obj</name>
      </input_file>
      <input_file id="fl-18">
         <path>.\mhcFiles\</path>
         <kind>object</kind>
         <file>mhc_cpuTimer.obj</file>
         <name>mhc_cpuTimer.obj</name>
      </input_file>
      <input_file id="fl-19">
         <path>.\mhcFiles\</path>
         <kind>object</kind>
         <file>mhc_control.obj</file>
         <name>mhc_control.obj</name>
      </input_file>
      <input_file id="fl-1a">
         <path>.\mhcFiles\</path>
         <kind>object</kind>
         <file>mhc_SPI.obj</file>
         <name>mhc_SPI.obj</name>
      </input_file>
      <input_file id="fl-1b">
         <path>.\mhcFiles\</path>
         <kind>object</kind>
         <file>mhc_SCIB_S_BUS.obj</file>
         <name>mhc_SCIB_S_BUS.obj</name>
      </input_file>
      <input_file id="fl-1c">
         <path>.\mhcFiles\</path>
         <kind>object</kind>
         <file>mhc_SCIA.obj</file>
         <name>mhc_SCIA.obj</name>
      </input_file>
      <input_file id="fl-1d">
         <path>.\mhcFiles\</path>
         <kind>object</kind>
         <file>mhc_I2C.obj</file>
         <name>mhc_I2C.obj</name>
      </input_file>
      <input_file id="fl-1e">
         <path>.\mhcFiles\</path>
         <kind>object</kind>
         <file>mhc_GlobalVariables.obj</file>
         <name>mhc_GlobalVariables.obj</name>
      </input_file>
      <input_file id="fl-1f">
         <path>.\mhcFiles\</path>
         <kind>object</kind>
         <file>main.obj</file>
         <name>main.obj</name>
      </input_file>
      <input_file id="fl-24">
         <path>D:\ti\controlSUITE\libs\math\FPUfastRTS\V100\lib\</path>
         <kind>archive</kind>
         <file>rts2800_fpu32_fast_supplement.lib</file>
         <name>div_f32.obj</name>
      </input_file>
      <input_file id="fl-25">
         <path>D:\ti\ccs6\ccsv6\tools\compiler\c2000_6.2.6\lib\</path>
         <kind>archive</kind>
         <file>rts2800_fpu32.lib</file>
         <name>i_div.obj</name>
      </input_file>
      <input_file id="fl-26">
         <path>D:\ti\ccs6\ccsv6\tools\compiler\c2000_6.2.6\lib\</path>
         <kind>archive</kind>
         <file>rts2800_fpu32.lib</file>
         <name>l_div.obj</name>
      </input_file>
      <input_file id="fl-27">
         <path>D:\ti\ccs6\ccsv6\tools\compiler\c2000_6.2.6\lib\</path>
         <kind>archive</kind>
         <file>rts2800_fpu32.lib</file>
         <name>ll_div.obj</name>
      </input_file>
      <input_file id="fl-28">
         <path>D:\ti\ccs6\ccsv6\tools\compiler\c2000_6.2.6\lib\</path>
         <kind>archive</kind>
         <file>rts2800_fpu32.lib</file>
         <name>u_div.obj</name>
      </input_file>
      <input_file id="fl-29">
         <path>D:\ti\controlSUITE\libs\math\FPUfastRTS\V100\lib\</path>
         <kind>archive</kind>
         <file>rts2800_fpu32_fast_supplement.lib</file>
         <name>atan_f32.obj</name>
      </input_file>
      <input_file id="fl-2a">
         <path>D:\ti\controlSUITE\libs\math\FPUfastRTS\V100\lib\</path>
         <kind>archive</kind>
         <file>rts2800_fpu32_fast_supplement.lib</file>
         <name>FPUmathTables.obj</name>
      </input_file>
      <input_file id="fl-2b">
         <path>D:\ti\ccs6\ccsv6\tools\compiler\c2000_6.2.6\lib\</path>
         <kind>archive</kind>
         <file>rts2800_fpu32.lib</file>
         <name>boot.obj</name>
      </input_file>
      <input_file id="fl-2c">
         <path>D:\ti\ccs6\ccsv6\tools\compiler\c2000_6.2.6\lib\</path>
         <kind>archive</kind>
         <file>rts2800_fpu32.lib</file>
         <name>args_main.obj</name>
      </input_file>
      <input_file id="fl-2d">
         <path>D:\ti\controlSUITE\libs\math\FPUfastRTS\V100\lib\</path>
         <kind>archive</kind>
         <file>rts2800_fpu32_fast_supplement.lib</file>
         <name>cos_f32.obj</name>
      </input_file>
      <input_file id="fl-2e">
         <path>D:\ti\ccs6\ccsv6\tools\compiler\c2000_6.2.6\lib\</path>
         <kind>archive</kind>
         <file>rts2800_fpu32.lib</file>
         <name>exit.obj</name>
      </input_file>
      <input_file id="fl-2f">
         <path>D:\ti\ccs6\ccsv6\tools\compiler\c2000_6.2.6\lib\</path>
         <kind>archive</kind>
         <file>rts2800_fpu32.lib</file>
         <name>_lock.obj</name>
      </input_file>
      <input_file id="fl-30">
         <path>D:\ti\controlSUITE\libs\math\FPUfastRTS\V100\lib\</path>
         <kind>archive</kind>
         <file>rts2800_fpu32_fast_supplement.lib</file>
         <name>sin_f32.obj</name>
      </input_file>
      <input_file id="fl-31">
         <path>D:\ti\controlSUITE\libs\math\FPUfastRTS\V100\lib\</path>
         <kind>archive</kind>
         <file>rts2800_fpu32_fast_supplement.lib</file>
         <name>sqrt_f32.obj</name>
      </input_file>
      <input_file id="fl-32">
         <path>D:\ti\ccs6\ccsv6\tools\compiler\c2000_6.2.6\lib\</path>
         <kind>archive</kind>
         <file>rts2800_fpu32.lib</file>
         <name>strcat.obj</name>
      </input_file>
      <input_file id="fl-33">
         <path>D:\ti\ccs6\ccsv6\tools\compiler\c2000_6.2.6\lib\</path>
         <kind>archive</kind>
         <file>rts2800_fpu32.lib</file>
         <name>tan.obj</name>
      </input_file>
   </input_file_list>
   <object_component_list>
      <object_component id="oc-4f">
         <name>codestart</name>
         <load_address>0x0</load_address>
         <run_address>0x0</run_address>
         <size>0x2</size>
         <input_file_ref idref="fl-12"/>
      </object_component>
      <object_component id="oc-15a">
         <name>.text</name>
         <load_address>0x8000</load_address>
         <run_address>0x8000</run_address>
         <size>0x56c</size>
         <input_file_ref idref="fl-13"/>
      </object_component>
      <object_component id="oc-b9">
         <name>.text:retain</name>
         <load_address>0x856c</load_address>
         <run_address>0x856c</run_address>
         <size>0x39f</size>
         <input_file_ref idref="fl-10"/>
      </object_component>
      <object_component id="oc-144">
         <name>.text</name>
         <load_address>0x890b</load_address>
         <run_address>0x890b</run_address>
         <size>0x316</size>
         <input_file_ref idref="fl-17"/>
      </object_component>
      <object_component id="oc-14c">
         <name>.text</name>
         <load_address>0x8c21</load_address>
         <run_address>0x8c21</run_address>
         <size>0x244</size>
         <input_file_ref idref="fl-14"/>
      </object_component>
      <object_component id="oc-14a">
         <name>.text</name>
         <load_address>0x8e65</load_address>
         <run_address>0x8e65</run_address>
         <size>0x1a0</size>
         <input_file_ref idref="fl-15"/>
      </object_component>
      <object_component id="oc-14d">
         <name>.text</name>
         <load_address>0x9005</load_address>
         <run_address>0x9005</run_address>
         <size>0x183</size>
         <input_file_ref idref="fl-5"/>
      </object_component>
      <object_component id="oc-10d">
         <name>.text</name>
         <load_address>0x9188</load_address>
         <run_address>0x9188</run_address>
         <size>0x107</size>
         <input_file_ref idref="fl-27"/>
      </object_component>
      <object_component id="oc-145">
         <name>.text</name>
         <load_address>0x928f</load_address>
         <run_address>0x928f</run_address>
         <size>0xe6</size>
         <input_file_ref idref="fl-1d"/>
      </object_component>
      <object_component id="oc-151">
         <name>.text</name>
         <load_address>0x9375</load_address>
         <run_address>0x9375</run_address>
         <size>0xd8</size>
         <input_file_ref idref="fl-e"/>
      </object_component>
      <object_component id="oc-157">
         <name>.text</name>
         <load_address>0x944d</load_address>
         <run_address>0x944d</run_address>
         <size>0xd6</size>
         <input_file_ref idref="fl-1b"/>
      </object_component>
      <object_component id="oc-f5">
         <name>.text:retain</name>
         <load_address>0x9523</load_address>
         <run_address>0x9523</run_address>
         <size>0xa5</size>
         <input_file_ref idref="fl-1d"/>
      </object_component>
      <object_component id="oc-dc">
         <name>.text:retain</name>
         <load_address>0x95c8</load_address>
         <run_address>0x95c8</run_address>
         <size>0x79</size>
         <input_file_ref idref="fl-18"/>
      </object_component>
      <object_component id="oc-155">
         <name>.text</name>
         <load_address>0x9641</load_address>
         <run_address>0x9641</run_address>
         <size>0x77</size>
         <input_file_ref idref="fl-11"/>
      </object_component>
      <object_component id="oc-ea">
         <name>.text:retain</name>
         <load_address>0x96b8</load_address>
         <run_address>0x96b8</run_address>
         <size>0x6c</size>
         <input_file_ref idref="fl-1b"/>
      </object_component>
      <object_component id="oc-ef">
         <name>.text:retain</name>
         <load_address>0x9724</load_address>
         <run_address>0x9724</run_address>
         <size>0x65</size>
         <input_file_ref idref="fl-1c"/>
      </object_component>
      <object_component id="oc-149">
         <name>.text</name>
         <load_address>0x9789</load_address>
         <run_address>0x9789</run_address>
         <size>0x61</size>
         <input_file_ref idref="fl-33"/>
      </object_component>
      <object_component id="oc-d3">
         <name>.text:retain</name>
         <load_address>0x97ea</load_address>
         <run_address>0x97ea</run_address>
         <size>0x5a</size>
         <input_file_ref idref="fl-16"/>
      </object_component>
      <object_component id="oc-156">
         <name>.text</name>
         <load_address>0x9844</load_address>
         <run_address>0x9844</run_address>
         <size>0x55</size>
         <input_file_ref idref="fl-1c"/>
      </object_component>
      <object_component id="oc-115">
         <name>.text</name>
         <load_address>0x9899</load_address>
         <run_address>0x9899</run_address>
         <size>0x4a</size>
         <input_file_ref idref="fl-29"/>
      </object_component>
      <object_component id="oc-11a">
         <name>.text</name>
         <load_address>0x98e3</load_address>
         <run_address>0x98e3</run_address>
         <size>0x46</size>
         <input_file_ref idref="fl-2b"/>
      </object_component>
      <object_component id="oc-152">
         <name>.text</name>
         <load_address>0x9929</load_address>
         <run_address>0x9929</run_address>
         <size>0x44</size>
         <input_file_ref idref="fl-6"/>
      </object_component>
      <object_component id="oc-124">
         <name>.text</name>
         <load_address>0x996d</load_address>
         <run_address>0x996d</run_address>
         <size>0x34</size>
         <input_file_ref idref="fl-2d"/>
      </object_component>
      <object_component id="oc-134">
         <name>.text</name>
         <load_address>0x99a1</load_address>
         <run_address>0x99a1</run_address>
         <size>0x34</size>
         <input_file_ref idref="fl-30"/>
      </object_component>
      <object_component id="oc-14f">
         <name>.text</name>
         <load_address>0x99d5</load_address>
         <run_address>0x99d5</run_address>
         <size>0x32</size>
         <input_file_ref idref="fl-f"/>
      </object_component>
      <object_component id="oc-150">
         <name>.text</name>
         <load_address>0x9a07</load_address>
         <run_address>0x9a07</run_address>
         <size>0x2c</size>
         <input_file_ref idref="fl-7"/>
      </object_component>
      <object_component id="oc-109">
         <name>.text</name>
         <load_address>0x9a33</load_address>
         <run_address>0x9a33</run_address>
         <size>0x2a</size>
         <input_file_ref idref="fl-26"/>
      </object_component>
      <object_component id="oc-153">
         <name>.text</name>
         <load_address>0x9a5d</load_address>
         <run_address>0x9a5d</run_address>
         <size>0x28</size>
         <input_file_ref idref="fl-9"/>
      </object_component>
      <object_component id="oc-154">
         <name>.text</name>
         <load_address>0x9a85</load_address>
         <run_address>0x9a85</run_address>
         <size>0x25</size>
         <input_file_ref idref="fl-8"/>
      </object_component>
      <object_component id="oc-158">
         <name>.text</name>
         <load_address>0x9aaa</load_address>
         <run_address>0x9aaa</run_address>
         <size>0x24</size>
         <input_file_ref idref="fl-16"/>
      </object_component>
      <object_component id="oc-105">
         <name>.text</name>
         <load_address>0x9ace</load_address>
         <run_address>0x9ace</run_address>
         <size>0x22</size>
         <input_file_ref idref="fl-25"/>
      </object_component>
      <object_component id="oc-138">
         <name>.text</name>
         <load_address>0x9af0</load_address>
         <run_address>0x9af0</run_address>
         <size>0x21</size>
         <input_file_ref idref="fl-31"/>
      </object_component>
      <object_component id="oc-146">
         <name>.text</name>
         <load_address>0x9b11</load_address>
         <run_address>0x9b11</run_address>
         <size>0x19</size>
         <input_file_ref idref="fl-2c"/>
      </object_component>
      <object_component id="oc-147">
         <name>.text</name>
         <load_address>0x9b2a</load_address>
         <run_address>0x9b2a</run_address>
         <size>0x19</size>
         <input_file_ref idref="fl-2e"/>
      </object_component>
      <object_component id="oc-101">
         <name>.text</name>
         <load_address>0x9b43</load_address>
         <run_address>0x9b43</run_address>
         <size>0x19</size>
         <input_file_ref idref="fl-24"/>
      </object_component>
      <object_component id="oc-14e">
         <name>.text</name>
         <load_address>0x9b5c</load_address>
         <run_address>0x9b5c</run_address>
         <size>0x17</size>
         <input_file_ref idref="fl-a"/>
      </object_component>
      <object_component id="oc-159">
         <name>.text</name>
         <load_address>0x9b73</load_address>
         <run_address>0x9b73</run_address>
         <size>0x15</size>
         <input_file_ref idref="fl-1a"/>
      </object_component>
      <object_component id="oc-e5">
         <name>.text:retain</name>
         <load_address>0x9b88</load_address>
         <run_address>0x9b88</run_address>
         <size>0x15</size>
         <input_file_ref idref="fl-1a"/>
      </object_component>
      <object_component id="oc-111">
         <name>.text</name>
         <load_address>0x9b9d</load_address>
         <run_address>0x9b9d</run_address>
         <size>0xb</size>
         <input_file_ref idref="fl-28"/>
      </object_component>
      <object_component id="oc-148">
         <name>.text</name>
         <load_address>0x9ba8</load_address>
         <run_address>0x9ba8</run_address>
         <size>0x9</size>
         <input_file_ref idref="fl-2f"/>
      </object_component>
      <object_component id="oc-15b">
         <name>.text</name>
         <load_address>0x9bb1</load_address>
         <run_address>0x9bb1</run_address>
         <size>0x9</size>
         <input_file_ref idref="fl-32"/>
      </object_component>
      <object_component id="oc-c2">
         <name>.text</name>
         <load_address>0x9bba</load_address>
         <run_address>0x9bba</run_address>
         <size>0x8</size>
         <input_file_ref idref="fl-12"/>
      </object_component>
      <object_component id="oc-14b">
         <name>.text</name>
         <load_address>0x9bc2</load_address>
         <run_address>0x9bc2</run_address>
         <size>0x5</size>
         <input_file_ref idref="fl-1f"/>
      </object_component>
      <object_component id="oc-50">
         <name>.text</name>
         <load_address>0x9bc7</load_address>
         <run_address>0x9bc7</run_address>
         <size>0x4</size>
         <input_file_ref idref="fl-4"/>
      </object_component>
      <object_component id="oc-fa">
         <name>.cinit</name>
         <load_address>0x50</load_address>
         <run_address>0x50</run_address>
         <size>0x255</size>
         <input_file_ref idref="fl-1e"/>
      </object_component>
      <object_component id="oc-12f">
         <name>.cinit</name>
         <load_address>0x2a5</load_address>
         <run_address>0x2a5</run_address>
         <size>0xa</size>
         <input_file_ref idref="fl-2f"/>
      </object_component>
      <object_component id="oc-129">
         <name>.cinit</name>
         <load_address>0x2af</load_address>
         <run_address>0x2af</run_address>
         <size>0xa</size>
         <input_file_ref idref="fl-2e"/>
      </object_component>
      <object_component id="oc-11c">
         <name>.reset</name>
         <load_address>0x3fffc0</load_address>
         <run_address>0x3fffc0</run_address>
         <size>0x2</size>
         <input_file_ref idref="fl-2b"/>
      </object_component>
      <object_component id="oc-11b">
         <name>.stack</name>
         <uninitialized>true</uninitialized>
         <run_address>0x400</run_address>
         <size>0x0</size>
         <input_file_ref idref="fl-2b"/>
      </object_component>
      <object_component id="oc-1b0">
         <name>.stack</name>
         <uninitialized>true</uninitialized>
         <run_address>0x400</run_address>
         <size>0x0</size>
      </object_component>
      <object_component id="oc-be">
         <name>.ebss</name>
         <uninitialized>true</uninitialized>
         <run_address>0xa3c0</run_address>
         <size>0x18</size>
         <input_file_ref idref="fl-11"/>
      </object_component>
      <object_component id="oc-fb">
         <name>.ebss</name>
         <uninitialized>true</uninitialized>
         <run_address>0xa000</run_address>
         <size>0x3c0</size>
         <input_file_ref idref="fl-1e"/>
      </object_component>
      <object_component id="oc-12a">
         <name>.ebss</name>
         <uninitialized>true</uninitialized>
         <run_address>0xa3dc</run_address>
         <size>0x4</size>
         <input_file_ref idref="fl-2e"/>
      </object_component>
      <object_component id="oc-130">
         <name>.ebss</name>
         <uninitialized>true</uninitialized>
         <run_address>0xa3d8</run_address>
         <size>0x4</size>
         <input_file_ref idref="fl-2f"/>
      </object_component>
      <object_component id="oc-61">
         <name>.econst</name>
         <load_address>0xa3e0</load_address>
         <run_address>0xa3e0</run_address>
         <size>0x100</size>
         <input_file_ref idref="fl-8"/>
      </object_component>
      <object_component id="oc-f0">
         <name>.econst:.string</name>
         <load_address>0xa4e0</load_address>
         <run_address>0xa4e0</run_address>
         <size>0x3</size>
         <input_file_ref idref="fl-1c"/>
      </object_component>
      <object_component id="oc-119">
         <name>FPUmathTables</name>
         <load_address>0x3fd860</load_address>
         <run_address>0x3fd860</run_address>
         <size>0x6a0</size>
         <input_file_ref idref="fl-2a"/>
      </object_component>
      <object_component id="oc-ac">
         <name>PieVectTableFile</name>
         <uninitialized>true</uninitialized>
         <run_address>0xd00</run_address>
         <size>0x100</size>
         <input_file_ref idref="fl-d"/>
      </object_component>
      <object_component id="oc-77">
         <name>EmuKeyVar</name>
         <uninitialized>true</uninitialized>
         <run_address>0xd00</run_address>
         <size>0x1</size>
         <input_file_ref idref="fl-d"/>
      </object_component>
      <object_component id="oc-78">
         <name>EmuBModeVar</name>
         <uninitialized>true</uninitialized>
         <run_address>0xd01</run_address>
         <size>0x1</size>
         <input_file_ref idref="fl-d"/>
      </object_component>
      <object_component id="oc-79">
         <name>FlashCallbackVar</name>
         <uninitialized>true</uninitialized>
         <run_address>0xd02</run_address>
         <size>0x2</size>
         <input_file_ref idref="fl-d"/>
      </object_component>
      <object_component id="oc-7a">
         <name>FlashScalingVar</name>
         <uninitialized>true</uninitialized>
         <run_address>0xd04</run_address>
         <size>0x2</size>
         <input_file_ref idref="fl-d"/>
      </object_component>
      <object_component id="oc-7c">
         <name>DevEmuRegsFile</name>
         <uninitialized>true</uninitialized>
         <run_address>0x880</run_address>
         <size>0x4</size>
         <input_file_ref idref="fl-d"/>
      </object_component>
      <object_component id="oc-7b">
         <name>SysPwrCtrlRegsFile</name>
         <uninitialized>true</uninitialized>
         <run_address>0x985</run_address>
         <size>0x3</size>
         <input_file_ref idref="fl-d"/>
      </object_component>
      <object_component id="oc-7d">
         <name>FlashRegsFile</name>
         <uninitialized>true</uninitialized>
         <run_address>0xa80</run_address>
         <size>0x8</size>
         <input_file_ref idref="fl-d"/>
      </object_component>
      <object_component id="oc-87">
         <name>CsmRegsFile</name>
         <uninitialized>true</uninitialized>
         <run_address>0xae0</run_address>
         <size>0x10</size>
         <input_file_ref idref="fl-d"/>
      </object_component>
      <object_component id="oc-84">
         <name>AdcResultFile</name>
         <uninitialized>true</uninitialized>
         <run_address>0xb00</run_address>
         <size>0x10</size>
         <input_file_ref idref="fl-d"/>
      </object_component>
      <object_component id="oc-7e">
         <name>CpuTimer0RegsFile</name>
         <uninitialized>true</uninitialized>
         <run_address>0xc00</run_address>
         <size>0x8</size>
         <input_file_ref idref="fl-d"/>
      </object_component>
      <object_component id="oc-81">
         <name>CpuTimer1RegsFile</name>
         <uninitialized>true</uninitialized>
         <run_address>0xc08</run_address>
         <size>0x8</size>
         <input_file_ref idref="fl-d"/>
      </object_component>
      <object_component id="oc-7f">
         <name>CpuTimer2RegsFile</name>
         <uninitialized>true</uninitialized>
         <run_address>0xc10</run_address>
         <size>0x8</size>
         <input_file_ref idref="fl-d"/>
      </object_component>
      <object_component id="oc-8d">
         <name>PieCtrlRegsFile</name>
         <uninitialized>true</uninitialized>
         <run_address>0xce0</run_address>
         <size>0x1a</size>
         <input_file_ref idref="fl-d"/>
      </object_component>
      <object_component id="oc-a2">
         <name>Cla1RegsFile</name>
         <uninitialized>true</uninitialized>
         <run_address>0x1400</run_address>
         <size>0x40</size>
         <input_file_ref idref="fl-d"/>
      </object_component>
      <object_component id="oc-ab">
         <name>DmaRegsFile</name>
         <uninitialized>true</uninitialized>
         <run_address>0x1000</run_address>
         <size>0xe0</size>
         <input_file_ref idref="fl-d"/>
      </object_component>
      <object_component id="oc-9c">
         <name>ECanaRegsFile</name>
         <uninitialized>true</uninitialized>
         <run_address>0x6000</run_address>
         <size>0x34</size>
         <input_file_ref idref="fl-d"/>
      </object_component>
      <object_component id="oc-a0">
         <name>ECanaLAMRegsFile</name>
         <uninitialized>true</uninitialized>
         <run_address>0x6040</run_address>
         <size>0x40</size>
         <input_file_ref idref="fl-d"/>
      </object_component>
      <object_component id="oc-ad">
         <name>ECanaMboxesFile</name>
         <uninitialized>true</uninitialized>
         <run_address>0x6100</run_address>
         <size>0x100</size>
         <input_file_ref idref="fl-d"/>
      </object_component>
      <object_component id="oc-a1">
         <name>ECanaMOTSRegsFile</name>
         <uninitialized>true</uninitialized>
         <run_address>0x6080</run_address>
         <size>0x40</size>
         <input_file_ref idref="fl-d"/>
      </object_component>
      <object_component id="oc-9d">
         <name>ECanaMOTORegsFile</name>
         <uninitialized>true</uninitialized>
         <run_address>0x60c0</run_address>
         <size>0x40</size>
         <input_file_ref idref="fl-d"/>
      </object_component>
      <object_component id="oc-95">
         <name>ECap1RegsFile</name>
         <uninitialized>true</uninitialized>
         <run_address>0x6a00</run_address>
         <size>0x20</size>
         <input_file_ref idref="fl-d"/>
      </object_component>
      <object_component id="oc-94">
         <name>ECap2RegsFile</name>
         <uninitialized>true</uninitialized>
         <run_address>0x6a20</run_address>
         <size>0x20</size>
         <input_file_ref idref="fl-d"/>
      </object_component>
      <object_component id="oc-96">
         <name>ECap3RegsFile</name>
         <uninitialized>true</uninitialized>
         <run_address>0x6a40</run_address>
         <size>0x20</size>
         <input_file_ref idref="fl-d"/>
      </object_component>
      <object_component id="oc-99">
         <name>EQep1RegsFile</name>
         <uninitialized>true</uninitialized>
         <run_address>0x6b00</run_address>
         <size>0x22</size>
         <input_file_ref idref="fl-d"/>
      </object_component>
      <object_component id="oc-97">
         <name>EQep2RegsFile</name>
         <uninitialized>true</uninitialized>
         <run_address>0x6b40</run_address>
         <size>0x22</size>
         <input_file_ref idref="fl-d"/>
      </object_component>
      <object_component id="oc-a5">
         <name>GpioCtrlRegsFile</name>
         <uninitialized>true</uninitialized>
         <run_address>0x6f80</run_address>
         <size>0x40</size>
         <input_file_ref idref="fl-d"/>
      </object_component>
      <object_component id="oc-8f">
         <name>GpioDataRegsFile</name>
         <uninitialized>true</uninitialized>
         <run_address>0x6fc0</run_address>
         <size>0x20</size>
         <input_file_ref idref="fl-d"/>
      </object_component>
      <object_component id="oc-8e">
         <name>GpioIntRegsFile</name>
         <uninitialized>true</uninitialized>
         <run_address>0x6fe0</run_address>
         <size>0x20</size>
         <input_file_ref idref="fl-d"/>
      </object_component>
      <object_component id="oc-92">
         <name>HRCap1RegsFile</name>
         <uninitialized>true</uninitialized>
         <run_address>0x6ac0</run_address>
         <size>0x20</size>
         <input_file_ref idref="fl-d"/>
      </object_component>
      <object_component id="oc-93">
         <name>HRCap2RegsFile</name>
         <uninitialized>true</uninitialized>
         <run_address>0x6ae0</run_address>
         <size>0x20</size>
         <input_file_ref idref="fl-d"/>
      </object_component>
      <object_component id="oc-90">
         <name>HRCap3RegsFile</name>
         <uninitialized>true</uninitialized>
         <run_address>0x6c80</run_address>
         <size>0x20</size>
         <input_file_ref idref="fl-d"/>
      </object_component>
      <object_component id="oc-91">
         <name>HRCap4RegsFile</name>
         <uninitialized>true</uninitialized>
         <run_address>0x6ca0</run_address>
         <size>0x20</size>
         <input_file_ref idref="fl-d"/>
      </object_component>
      <object_component id="oc-9b">
         <name>SysCtrlRegsFile</name>
         <uninitialized>true</uninitialized>
         <run_address>0x7010</run_address>
         <size>0x30</size>
         <input_file_ref idref="fl-d"/>
      </object_component>
      <object_component id="oc-83">
         <name>SpiaRegsFile</name>
         <uninitialized>true</uninitialized>
         <run_address>0x7040</run_address>
         <size>0x10</size>
         <input_file_ref idref="fl-d"/>
      </object_component>
      <object_component id="oc-88">
         <name>SpibRegsFile</name>
         <uninitialized>true</uninitialized>
         <run_address>0x7740</run_address>
         <size>0x10</size>
         <input_file_ref idref="fl-d"/>
      </object_component>
      <object_component id="oc-85">
         <name>SciaRegsFile</name>
         <uninitialized>true</uninitialized>
         <run_address>0x7050</run_address>
         <size>0x10</size>
         <input_file_ref idref="fl-d"/>
      </object_component>
      <object_component id="oc-82">
         <name>ScibRegsFile</name>
         <uninitialized>true</uninitialized>
         <run_address>0x7750</run_address>
         <size>0x10</size>
         <input_file_ref idref="fl-d"/>
      </object_component>
      <object_component id="oc-86">
         <name>NmiIntruptRegsFile</name>
         <uninitialized>true</uninitialized>
         <run_address>0x7060</run_address>
         <size>0x10</size>
         <input_file_ref idref="fl-d"/>
      </object_component>
      <object_component id="oc-89">
         <name>XIntruptRegsFile</name>
         <uninitialized>true</uninitialized>
         <run_address>0x7070</run_address>
         <size>0x10</size>
         <input_file_ref idref="fl-d"/>
      </object_component>
      <object_component id="oc-aa">
         <name>AdcRegsFile</name>
         <uninitialized>true</uninitialized>
         <run_address>0x7100</run_address>
         <size>0x50</size>
         <input_file_ref idref="fl-d"/>
      </object_component>
      <object_component id="oc-98">
         <name>I2caRegsFile</name>
         <uninitialized>true</uninitialized>
         <run_address>0x7900</run_address>
         <size>0x22</size>
         <input_file_ref idref="fl-d"/>
      </object_component>
      <object_component id="oc-8b">
         <name>Comp1RegsFile</name>
         <uninitialized>true</uninitialized>
         <run_address>0x6400</run_address>
         <size>0x14</size>
         <input_file_ref idref="fl-d"/>
      </object_component>
      <object_component id="oc-8a">
         <name>Comp2RegsFile</name>
         <uninitialized>true</uninitialized>
         <run_address>0x6420</run_address>
         <size>0x14</size>
         <input_file_ref idref="fl-d"/>
      </object_component>
      <object_component id="oc-8c">
         <name>Comp3RegsFile</name>
         <uninitialized>true</uninitialized>
         <run_address>0x6440</run_address>
         <size>0x14</size>
         <input_file_ref idref="fl-d"/>
      </object_component>
      <object_component id="oc-9f">
         <name>EPwm1RegsFile</name>
         <uninitialized>true</uninitialized>
         <run_address>0x6800</run_address>
         <size>0x40</size>
         <input_file_ref idref="fl-d"/>
      </object_component>
      <object_component id="oc-9e">
         <name>EPwm2RegsFile</name>
         <uninitialized>true</uninitialized>
         <run_address>0x6840</run_address>
         <size>0x40</size>
         <input_file_ref idref="fl-d"/>
      </object_component>
      <object_component id="oc-a9">
         <name>EPwm3RegsFile</name>
         <uninitialized>true</uninitialized>
         <run_address>0x6880</run_address>
         <size>0x40</size>
         <input_file_ref idref="fl-d"/>
      </object_component>
      <object_component id="oc-a7">
         <name>EPwm4RegsFile</name>
         <uninitialized>true</uninitialized>
         <run_address>0x68c0</run_address>
         <size>0x40</size>
         <input_file_ref idref="fl-d"/>
      </object_component>
      <object_component id="oc-a8">
         <name>EPwm5RegsFile</name>
         <uninitialized>true</uninitialized>
         <run_address>0x6900</run_address>
         <size>0x40</size>
         <input_file_ref idref="fl-d"/>
      </object_component>
      <object_component id="oc-a4">
         <name>EPwm6RegsFile</name>
         <uninitialized>true</uninitialized>
         <run_address>0x6940</run_address>
         <size>0x40</size>
         <input_file_ref idref="fl-d"/>
      </object_component>
      <object_component id="oc-a3">
         <name>EPwm7RegsFile</name>
         <uninitialized>true</uninitialized>
         <run_address>0x6980</run_address>
         <size>0x40</size>
         <input_file_ref idref="fl-d"/>
      </object_component>
      <object_component id="oc-a6">
         <name>EPwm8RegsFile</name>
         <uninitialized>true</uninitialized>
         <run_address>0x69c0</run_address>
         <size>0x40</size>
         <input_file_ref idref="fl-d"/>
      </object_component>
      <object_component id="oc-9a">
         <name>McbspaRegsFile</name>
         <uninitialized>true</uninitialized>
         <run_address>0x5000</run_address>
         <size>0x24</size>
         <input_file_ref idref="fl-d"/>
      </object_component>
      <object_component id="oc-ae">
         <name>Usb0RegsFile</name>
         <uninitialized>true</uninitialized>
         <run_address>0x4000</run_address>
         <size>0x454</size>
         <input_file_ref idref="fl-d"/>
      </object_component>
      <object_component id="oc-80">
         <name>CsmPwlFile</name>
         <uninitialized>true</uninitialized>
         <run_address>0x3f7ff8</run_address>
         <size>0x8</size>
         <input_file_ref idref="fl-d"/>
      </object_component>
      <object_component id="oc-76">
         <name>PartIdRegsFile</name>
         <uninitialized>true</uninitialized>
         <run_address>0x3d7e80</run_address>
         <size>0x1</size>
         <input_file_ref idref="fl-d"/>
      </object_component>
      <object_component id="oc-51">
         <name>.debug_info</name>
         <load_address>0x0</load_address>
         <run_address>0x0</run_address>
         <size>0xe4</size>
         <input_file_ref idref="fl-4"/>
      </object_component>
      <object_component id="oc-54">
         <name>.debug_info</name>
         <load_address>0xe4</load_address>
         <run_address>0xe4</run_address>
         <size>0x2827</size>
         <input_file_ref idref="fl-5"/>
      </object_component>
      <object_component id="oc-58">
         <name>.debug_info</name>
         <load_address>0x290b</load_address>
         <run_address>0x290b</run_address>
         <size>0x18ef</size>
         <input_file_ref idref="fl-6"/>
      </object_component>
      <object_component id="oc-5c">
         <name>.debug_info</name>
         <load_address>0x41fa</load_address>
         <run_address>0x41fa</run_address>
         <size>0x19cd</size>
         <input_file_ref idref="fl-7"/>
      </object_component>
      <object_component id="oc-60">
         <name>.debug_info</name>
         <load_address>0x5bc7</load_address>
         <run_address>0x5bc7</run_address>
         <size>0x2458</size>
         <input_file_ref idref="fl-8"/>
      </object_component>
      <object_component id="oc-65">
         <name>.debug_info</name>
         <load_address>0x801f</load_address>
         <run_address>0x801f</run_address>
         <size>0xb32</size>
         <input_file_ref idref="fl-9"/>
      </object_component>
      <object_component id="oc-69">
         <name>.debug_info</name>
         <load_address>0x8b51</load_address>
         <run_address>0x8b51</run_address>
         <size>0x18e3</size>
         <input_file_ref idref="fl-a"/>
      </object_component>
      <object_component id="oc-6d">
         <name>.debug_info</name>
         <load_address>0xa434</load_address>
         <run_address>0xa434</run_address>
         <size>0x182f</size>
         <input_file_ref idref="fl-b"/>
      </object_component>
      <object_component id="oc-71">
         <name>.debug_info</name>
         <load_address>0xbc63</load_address>
         <run_address>0xbc63</run_address>
         <size>0x182e</size>
         <input_file_ref idref="fl-c"/>
      </object_component>
      <object_component id="oc-75">
         <name>.debug_info</name>
         <load_address>0xd491</load_address>
         <run_address>0xd491</run_address>
         <size>0x1a744</size>
         <input_file_ref idref="fl-d"/>
      </object_component>
      <object_component id="oc-b0">
         <name>.debug_info</name>
         <load_address>0x27bd5</load_address>
         <run_address>0x27bd5</run_address>
         <size>0x1d8b</size>
         <input_file_ref idref="fl-e"/>
      </object_component>
      <object_component id="oc-b4">
         <name>.debug_info</name>
         <load_address>0x29960</load_address>
         <run_address>0x29960</run_address>
         <size>0x1a5a</size>
         <input_file_ref idref="fl-f"/>
      </object_component>
      <object_component id="oc-b8">
         <name>.debug_info</name>
         <load_address>0x2b3ba</load_address>
         <run_address>0x2b3ba</run_address>
         <size>0x2969</size>
         <input_file_ref idref="fl-10"/>
      </object_component>
      <object_component id="oc-bd">
         <name>.debug_info</name>
         <load_address>0x2dd23</load_address>
         <run_address>0x2dd23</run_address>
         <size>0x98c</size>
         <input_file_ref idref="fl-11"/>
      </object_component>
      <object_component id="oc-c3">
         <name>.debug_info</name>
         <load_address>0x2e6af</load_address>
         <run_address>0x2e6af</run_address>
         <size>0x127</size>
         <input_file_ref idref="fl-12"/>
      </object_component>
      <object_component id="oc-c6">
         <name>.debug_info</name>
         <load_address>0x2e7d6</load_address>
         <run_address>0x2e7d6</run_address>
         <size>0xd31</size>
         <input_file_ref idref="fl-13"/>
      </object_component>
      <object_component id="oc-ca">
         <name>.debug_info</name>
         <load_address>0x2f507</load_address>
         <run_address>0x2f507</run_address>
         <size>0x409d</size>
         <input_file_ref idref="fl-14"/>
      </object_component>
      <object_component id="oc-ce">
         <name>.debug_info</name>
         <load_address>0x335a4</load_address>
         <run_address>0x335a4</run_address>
         <size>0x257c</size>
         <input_file_ref idref="fl-15"/>
      </object_component>
      <object_component id="oc-d2">
         <name>.debug_info</name>
         <load_address>0x35b20</load_address>
         <run_address>0x35b20</run_address>
         <size>0x1298</size>
         <input_file_ref idref="fl-16"/>
      </object_component>
      <object_component id="oc-d7">
         <name>.debug_info</name>
         <load_address>0x36db8</load_address>
         <run_address>0x36db8</run_address>
         <size>0x9f8</size>
         <input_file_ref idref="fl-17"/>
      </object_component>
      <object_component id="oc-db">
         <name>.debug_info</name>
         <load_address>0x377b0</load_address>
         <run_address>0x377b0</run_address>
         <size>0xc39</size>
         <input_file_ref idref="fl-18"/>
      </object_component>
      <object_component id="oc-e0">
         <name>.debug_info</name>
         <load_address>0x383e9</load_address>
         <run_address>0x383e9</run_address>
         <size>0x746</size>
         <input_file_ref idref="fl-19"/>
      </object_component>
      <object_component id="oc-e4">
         <name>.debug_info</name>
         <load_address>0x38b2f</load_address>
         <run_address>0x38b2f</run_address>
         <size>0x1330</size>
         <input_file_ref idref="fl-1a"/>
      </object_component>
      <object_component id="oc-e9">
         <name>.debug_info</name>
         <load_address>0x39e5f</load_address>
         <run_address>0x39e5f</run_address>
         <size>0x19a1</size>
         <input_file_ref idref="fl-1b"/>
      </object_component>
      <object_component id="oc-ee">
         <name>.debug_info</name>
         <load_address>0x3b800</load_address>
         <run_address>0x3b800</run_address>
         <size>0x18d3</size>
         <input_file_ref idref="fl-1c"/>
      </object_component>
      <object_component id="oc-f4">
         <name>.debug_info</name>
         <load_address>0x3d0d3</load_address>
         <run_address>0x3d0d3</run_address>
         <size>0x1940</size>
         <input_file_ref idref="fl-1d"/>
      </object_component>
      <object_component id="oc-f9">
         <name>.debug_info</name>
         <load_address>0x3ea13</load_address>
         <run_address>0x3ea13</run_address>
         <size>0x10ba</size>
         <input_file_ref idref="fl-1e"/>
      </object_component>
      <object_component id="oc-fd">
         <name>.debug_info</name>
         <load_address>0x3facd</load_address>
         <run_address>0x3facd</run_address>
         <size>0x3d8</size>
         <input_file_ref idref="fl-1f"/>
      </object_component>
      <object_component id="oc-102">
         <name>.debug_info</name>
         <load_address>0x3fea5</load_address>
         <run_address>0x3fea5</run_address>
         <size>0x142</size>
         <input_file_ref idref="fl-24"/>
      </object_component>
      <object_component id="oc-106">
         <name>.debug_info</name>
         <load_address>0x3ffe7</load_address>
         <run_address>0x3ffe7</run_address>
         <size>0xeb</size>
         <input_file_ref idref="fl-25"/>
      </object_component>
      <object_component id="oc-10a">
         <name>.debug_info</name>
         <load_address>0x400d2</load_address>
         <run_address>0x400d2</run_address>
         <size>0x14b</size>
         <input_file_ref idref="fl-26"/>
      </object_component>
      <object_component id="oc-10e">
         <name>.debug_info</name>
         <load_address>0x4021d</load_address>
         <run_address>0x4021d</run_address>
         <size>0x1c1</size>
         <input_file_ref idref="fl-27"/>
      </object_component>
      <object_component id="oc-112">
         <name>.debug_info</name>
         <load_address>0x403de</load_address>
         <run_address>0x403de</run_address>
         <size>0xeb</size>
         <input_file_ref idref="fl-28"/>
      </object_component>
      <object_component id="oc-116">
         <name>.debug_info</name>
         <load_address>0x404c9</load_address>
         <run_address>0x404c9</run_address>
         <size>0x145</size>
         <input_file_ref idref="fl-29"/>
      </object_component>
      <object_component id="oc-11d">
         <name>.debug_info</name>
         <load_address>0x4060e</load_address>
         <run_address>0x4060e</run_address>
         <size>0xde</size>
         <input_file_ref idref="fl-2b"/>
      </object_component>
      <object_component id="oc-120">
         <name>.debug_info</name>
         <load_address>0x406ec</load_address>
         <run_address>0x406ec</run_address>
         <size>0x46f</size>
         <input_file_ref idref="fl-2c"/>
      </object_component>
      <object_component id="oc-125">
         <name>.debug_info</name>
         <load_address>0x40b5b</load_address>
         <run_address>0x40b5b</run_address>
         <size>0x142</size>
         <input_file_ref idref="fl-2d"/>
      </object_component>
      <object_component id="oc-128">
         <name>.debug_info</name>
         <load_address>0x40c9d</load_address>
         <run_address>0x40c9d</run_address>
         <size>0x488</size>
         <input_file_ref idref="fl-2e"/>
      </object_component>
      <object_component id="oc-12e">
         <name>.debug_info</name>
         <load_address>0x41125</load_address>
         <run_address>0x41125</run_address>
         <size>0x4ae</size>
         <input_file_ref idref="fl-2f"/>
      </object_component>
      <object_component id="oc-135">
         <name>.debug_info</name>
         <load_address>0x415d3</load_address>
         <run_address>0x415d3</run_address>
         <size>0x142</size>
         <input_file_ref idref="fl-30"/>
      </object_component>
      <object_component id="oc-139">
         <name>.debug_info</name>
         <load_address>0x41715</load_address>
         <run_address>0x41715</run_address>
         <size>0x144</size>
         <input_file_ref idref="fl-31"/>
      </object_component>
      <object_component id="oc-13c">
         <name>.debug_info</name>
         <load_address>0x41859</load_address>
         <run_address>0x41859</run_address>
         <size>0x453</size>
         <input_file_ref idref="fl-32"/>
      </object_component>
      <object_component id="oc-140">
         <name>.debug_info</name>
         <load_address>0x41cac</load_address>
         <run_address>0x41cac</run_address>
         <size>0x3d2</size>
         <input_file_ref idref="fl-33"/>
      </object_component>
      <object_component id="oc-1b1">
         <name>.debug_info</name>
         <load_address>0x4207e</load_address>
         <run_address>0x4207e</run_address>
         <size>0x6f</size>
      </object_component>
      <object_component id="oc-52">
         <name>.debug_line</name>
         <load_address>0x0</load_address>
         <run_address>0x0</run_address>
         <size>0x4b</size>
         <input_file_ref idref="fl-4"/>
      </object_component>
      <object_component id="oc-56">
         <name>.debug_line</name>
         <load_address>0x4b</load_address>
         <run_address>0x4b</run_address>
         <size>0x202</size>
         <input_file_ref idref="fl-5"/>
      </object_component>
      <object_component id="oc-5a">
         <name>.debug_line</name>
         <load_address>0x24d</load_address>
         <run_address>0x24d</run_address>
         <size>0x86</size>
         <input_file_ref idref="fl-6"/>
      </object_component>
      <object_component id="oc-5e">
         <name>.debug_line</name>
         <load_address>0x2d3</load_address>
         <run_address>0x2d3</run_address>
         <size>0xa4</size>
         <input_file_ref idref="fl-7"/>
      </object_component>
      <object_component id="oc-63">
         <name>.debug_line</name>
         <load_address>0x377</load_address>
         <run_address>0x377</run_address>
         <size>0x6d</size>
         <input_file_ref idref="fl-8"/>
      </object_component>
      <object_component id="oc-67">
         <name>.debug_line</name>
         <load_address>0x3e4</load_address>
         <run_address>0x3e4</run_address>
         <size>0x88</size>
         <input_file_ref idref="fl-9"/>
      </object_component>
      <object_component id="oc-6b">
         <name>.debug_line</name>
         <load_address>0x46c</load_address>
         <run_address>0x46c</run_address>
         <size>0x6f</size>
         <input_file_ref idref="fl-a"/>
      </object_component>
      <object_component id="oc-6f">
         <name>.debug_line</name>
         <load_address>0x4db</load_address>
         <run_address>0x4db</run_address>
         <size>0x37</size>
         <input_file_ref idref="fl-b"/>
      </object_component>
      <object_component id="oc-73">
         <name>.debug_line</name>
         <load_address>0x512</load_address>
         <run_address>0x512</run_address>
         <size>0x36</size>
         <input_file_ref idref="fl-c"/>
      </object_component>
      <object_component id="oc-b2">
         <name>.debug_line</name>
         <load_address>0x548</load_address>
         <run_address>0x548</run_address>
         <size>0x1a4</size>
         <input_file_ref idref="fl-e"/>
      </object_component>
      <object_component id="oc-b6">
         <name>.debug_line</name>
         <load_address>0x6ec</load_address>
         <run_address>0x6ec</run_address>
         <size>0xc1</size>
         <input_file_ref idref="fl-f"/>
      </object_component>
      <object_component id="oc-bb">
         <name>.debug_line</name>
         <load_address>0x7ad</load_address>
         <run_address>0x7ad</run_address>
         <size>0x92f</size>
         <input_file_ref idref="fl-10"/>
      </object_component>
      <object_component id="oc-c0">
         <name>.debug_line</name>
         <load_address>0x10dc</load_address>
         <run_address>0x10dc</run_address>
         <size>0x88</size>
         <input_file_ref idref="fl-11"/>
      </object_component>
      <object_component id="oc-c4">
         <name>.debug_line</name>
         <load_address>0x1164</load_address>
         <run_address>0x1164</run_address>
         <size>0x64</size>
         <input_file_ref idref="fl-12"/>
      </object_component>
      <object_component id="oc-c8">
         <name>.debug_line</name>
         <load_address>0x11c8</load_address>
         <run_address>0x11c8</run_address>
         <size>0x296</size>
         <input_file_ref idref="fl-13"/>
      </object_component>
      <object_component id="oc-cc">
         <name>.debug_line</name>
         <load_address>0x145e</load_address>
         <run_address>0x145e</run_address>
         <size>0x14c</size>
         <input_file_ref idref="fl-14"/>
      </object_component>
      <object_component id="oc-d0">
         <name>.debug_line</name>
         <load_address>0x15aa</load_address>
         <run_address>0x15aa</run_address>
         <size>0x140</size>
         <input_file_ref idref="fl-15"/>
      </object_component>
      <object_component id="oc-d5">
         <name>.debug_line</name>
         <load_address>0x16ea</load_address>
         <run_address>0x16ea</run_address>
         <size>0x88</size>
         <input_file_ref idref="fl-16"/>
      </object_component>
      <object_component id="oc-d9">
         <name>.debug_line</name>
         <load_address>0x1772</load_address>
         <run_address>0x1772</run_address>
         <size>0xe9</size>
         <input_file_ref idref="fl-17"/>
      </object_component>
      <object_component id="oc-de">
         <name>.debug_line</name>
         <load_address>0x185b</load_address>
         <run_address>0x185b</run_address>
         <size>0x87</size>
         <input_file_ref idref="fl-18"/>
      </object_component>
      <object_component id="oc-e2">
         <name>.debug_line</name>
         <load_address>0x18e2</load_address>
         <run_address>0x18e2</run_address>
         <size>0x37</size>
         <input_file_ref idref="fl-19"/>
      </object_component>
      <object_component id="oc-e7">
         <name>.debug_line</name>
         <load_address>0x1919</load_address>
         <run_address>0x1919</run_address>
         <size>0x6b</size>
         <input_file_ref idref="fl-1a"/>
      </object_component>
      <object_component id="oc-ec">
         <name>.debug_line</name>
         <load_address>0x1984</load_address>
         <run_address>0x1984</run_address>
         <size>0x13b</size>
         <input_file_ref idref="fl-1b"/>
      </object_component>
      <object_component id="oc-f2">
         <name>.debug_line</name>
         <load_address>0x1abf</load_address>
         <run_address>0x1abf</run_address>
         <size>0x100</size>
         <input_file_ref idref="fl-1c"/>
      </object_component>
      <object_component id="oc-f7">
         <name>.debug_line</name>
         <load_address>0x1bbf</load_address>
         <run_address>0x1bbf</run_address>
         <size>0x1c9</size>
         <input_file_ref idref="fl-1d"/>
      </object_component>
      <object_component id="oc-ff">
         <name>.debug_line</name>
         <load_address>0x1d88</load_address>
         <run_address>0x1d88</run_address>
         <size>0x47</size>
         <input_file_ref idref="fl-1f"/>
      </object_component>
      <object_component id="oc-103">
         <name>.debug_line</name>
         <load_address>0x1dcf</load_address>
         <run_address>0x1dcf</run_address>
         <size>0x7a</size>
         <input_file_ref idref="fl-24"/>
      </object_component>
      <object_component id="oc-107">
         <name>.debug_line</name>
         <load_address>0x1e49</load_address>
         <run_address>0x1e49</run_address>
         <size>0x66</size>
         <input_file_ref idref="fl-25"/>
      </object_component>
      <object_component id="oc-10b">
         <name>.debug_line</name>
         <load_address>0x1eaf</load_address>
         <run_address>0x1eaf</run_address>
         <size>0x8b</size>
         <input_file_ref idref="fl-26"/>
      </object_component>
      <object_component id="oc-10f">
         <name>.debug_line</name>
         <load_address>0x1f3a</load_address>
         <run_address>0x1f3a</run_address>
         <size>0x168</size>
         <input_file_ref idref="fl-27"/>
      </object_component>
      <object_component id="oc-113">
         <name>.debug_line</name>
         <load_address>0x20a2</load_address>
         <run_address>0x20a2</run_address>
         <size>0x4c</size>
         <input_file_ref idref="fl-28"/>
      </object_component>
      <object_component id="oc-117">
         <name>.debug_line</name>
         <load_address>0x20ee</load_address>
         <run_address>0x20ee</run_address>
         <size>0x96</size>
         <input_file_ref idref="fl-29"/>
      </object_component>
      <object_component id="oc-11e">
         <name>.debug_line</name>
         <load_address>0x2184</load_address>
         <run_address>0x2184</run_address>
         <size>0x71</size>
         <input_file_ref idref="fl-2b"/>
      </object_component>
      <object_component id="oc-122">
         <name>.debug_line</name>
         <load_address>0x21f5</load_address>
         <run_address>0x21f5</run_address>
         <size>0x50</size>
         <input_file_ref idref="fl-2c"/>
      </object_component>
      <object_component id="oc-126">
         <name>.debug_line</name>
         <load_address>0x2245</load_address>
         <run_address>0x2245</run_address>
         <size>0x88</size>
         <input_file_ref idref="fl-2d"/>
      </object_component>
      <object_component id="oc-12c">
         <name>.debug_line</name>
         <load_address>0x22cd</load_address>
         <run_address>0x22cd</run_address>
         <size>0x62</size>
         <input_file_ref idref="fl-2e"/>
      </object_component>
      <object_component id="oc-132">
         <name>.debug_line</name>
         <load_address>0x232f</load_address>
         <run_address>0x232f</run_address>
         <size>0x5b</size>
         <input_file_ref idref="fl-2f"/>
      </object_component>
      <object_component id="oc-136">
         <name>.debug_line</name>
         <load_address>0x238a</load_address>
         <run_address>0x238a</run_address>
         <size>0x88</size>
         <input_file_ref idref="fl-30"/>
      </object_component>
      <object_component id="oc-13a">
         <name>.debug_line</name>
         <load_address>0x2412</load_address>
         <run_address>0x2412</run_address>
         <size>0x80</size>
         <input_file_ref idref="fl-31"/>
      </object_component>
      <object_component id="oc-13e">
         <name>.debug_line</name>
         <load_address>0x2492</load_address>
         <run_address>0x2492</run_address>
         <size>0x5d</size>
         <input_file_ref idref="fl-32"/>
      </object_component>
      <object_component id="oc-142">
         <name>.debug_line</name>
         <load_address>0x24ef</load_address>
         <run_address>0x24ef</run_address>
         <size>0x5e</size>
         <input_file_ref idref="fl-33"/>
      </object_component>
      <object_component id="oc-53">
         <name>.debug_abbrev</name>
         <load_address>0x0</load_address>
         <run_address>0x0</run_address>
         <size>0x2c</size>
         <input_file_ref idref="fl-4"/>
      </object_component>
      <object_component id="oc-57">
         <name>.debug_abbrev</name>
         <load_address>0x2c</load_address>
         <run_address>0x2c</run_address>
         <size>0x18c</size>
         <input_file_ref idref="fl-5"/>
      </object_component>
      <object_component id="oc-5b">
         <name>.debug_abbrev</name>
         <load_address>0x1b8</load_address>
         <run_address>0x1b8</run_address>
         <size>0xcd</size>
         <input_file_ref idref="fl-6"/>
      </object_component>
      <object_component id="oc-5f">
         <name>.debug_abbrev</name>
         <load_address>0x285</load_address>
         <run_address>0x285</run_address>
         <size>0xdb</size>
         <input_file_ref idref="fl-7"/>
      </object_component>
      <object_component id="oc-64">
         <name>.debug_abbrev</name>
         <load_address>0x360</load_address>
         <run_address>0x360</run_address>
         <size>0x107</size>
         <input_file_ref idref="fl-8"/>
      </object_component>
      <object_component id="oc-68">
         <name>.debug_abbrev</name>
         <load_address>0x467</load_address>
         <run_address>0x467</run_address>
         <size>0xbb</size>
         <input_file_ref idref="fl-9"/>
      </object_component>
      <object_component id="oc-6c">
         <name>.debug_abbrev</name>
         <load_address>0x522</load_address>
         <run_address>0x522</run_address>
         <size>0xcd</size>
         <input_file_ref idref="fl-a"/>
      </object_component>
      <object_component id="oc-70">
         <name>.debug_abbrev</name>
         <load_address>0x5ef</load_address>
         <run_address>0x5ef</run_address>
         <size>0xdb</size>
         <input_file_ref idref="fl-b"/>
      </object_component>
      <object_component id="oc-74">
         <name>.debug_abbrev</name>
         <load_address>0x6ca</load_address>
         <run_address>0x6ca</run_address>
         <size>0xcd</size>
         <input_file_ref idref="fl-c"/>
      </object_component>
      <object_component id="oc-af">
         <name>.debug_abbrev</name>
         <load_address>0x797</load_address>
         <run_address>0x797</run_address>
         <size>0xbe</size>
         <input_file_ref idref="fl-d"/>
      </object_component>
      <object_component id="oc-b3">
         <name>.debug_abbrev</name>
         <load_address>0x855</load_address>
         <run_address>0x855</run_address>
         <size>0x125</size>
         <input_file_ref idref="fl-e"/>
      </object_component>
      <object_component id="oc-b7">
         <name>.debug_abbrev</name>
         <load_address>0x97a</load_address>
         <run_address>0x97a</run_address>
         <size>0xdb</size>
         <input_file_ref idref="fl-f"/>
      </object_component>
      <object_component id="oc-bc">
         <name>.debug_abbrev</name>
         <load_address>0xa55</load_address>
         <run_address>0xa55</run_address>
         <size>0xd5</size>
         <input_file_ref idref="fl-10"/>
      </object_component>
      <object_component id="oc-c1">
         <name>.debug_abbrev</name>
         <load_address>0xb2a</load_address>
         <run_address>0xb2a</run_address>
         <size>0xf0</size>
         <input_file_ref idref="fl-11"/>
      </object_component>
      <object_component id="oc-c5">
         <name>.debug_abbrev</name>
         <load_address>0xc1a</load_address>
         <run_address>0xc1a</run_address>
         <size>0x20</size>
         <input_file_ref idref="fl-12"/>
      </object_component>
      <object_component id="oc-c9">
         <name>.debug_abbrev</name>
         <load_address>0xc3a</load_address>
         <run_address>0xc3a</run_address>
         <size>0xf6</size>
         <input_file_ref idref="fl-13"/>
      </object_component>
      <object_component id="oc-cd">
         <name>.debug_abbrev</name>
         <load_address>0xd30</load_address>
         <run_address>0xd30</run_address>
         <size>0x14a</size>
         <input_file_ref idref="fl-14"/>
      </object_component>
      <object_component id="oc-d1">
         <name>.debug_abbrev</name>
         <load_address>0xe7a</load_address>
         <run_address>0xe7a</run_address>
         <size>0xe9</size>
         <input_file_ref idref="fl-15"/>
      </object_component>
      <object_component id="oc-d6">
         <name>.debug_abbrev</name>
         <load_address>0xf63</load_address>
         <run_address>0xf63</run_address>
         <size>0x12f</size>
         <input_file_ref idref="fl-16"/>
      </object_component>
      <object_component id="oc-da">
         <name>.debug_abbrev</name>
         <load_address>0x1092</load_address>
         <run_address>0x1092</run_address>
         <size>0xea</size>
         <input_file_ref idref="fl-17"/>
      </object_component>
      <object_component id="oc-df">
         <name>.debug_abbrev</name>
         <load_address>0x117c</load_address>
         <run_address>0x117c</run_address>
         <size>0xec</size>
         <input_file_ref idref="fl-18"/>
      </object_component>
      <object_component id="oc-e3">
         <name>.debug_abbrev</name>
         <load_address>0x1268</load_address>
         <run_address>0x1268</run_address>
         <size>0xda</size>
         <input_file_ref idref="fl-19"/>
      </object_component>
      <object_component id="oc-e8">
         <name>.debug_abbrev</name>
         <load_address>0x1342</load_address>
         <run_address>0x1342</run_address>
         <size>0xf5</size>
         <input_file_ref idref="fl-1a"/>
      </object_component>
      <object_component id="oc-ed">
         <name>.debug_abbrev</name>
         <load_address>0x1437</load_address>
         <run_address>0x1437</run_address>
         <size>0x11a</size>
         <input_file_ref idref="fl-1b"/>
      </object_component>
      <object_component id="oc-f3">
         <name>.debug_abbrev</name>
         <load_address>0x1551</load_address>
         <run_address>0x1551</run_address>
         <size>0x154</size>
         <input_file_ref idref="fl-1c"/>
      </object_component>
      <object_component id="oc-f8">
         <name>.debug_abbrev</name>
         <load_address>0x16a5</load_address>
         <run_address>0x16a5</run_address>
         <size>0x15b</size>
         <input_file_ref idref="fl-1d"/>
      </object_component>
      <object_component id="oc-fc">
         <name>.debug_abbrev</name>
         <load_address>0x1800</load_address>
         <run_address>0x1800</run_address>
         <size>0x6d</size>
         <input_file_ref idref="fl-1e"/>
      </object_component>
      <object_component id="oc-100">
         <name>.debug_abbrev</name>
         <load_address>0x186d</load_address>
         <run_address>0x186d</run_address>
         <size>0x6a</size>
         <input_file_ref idref="fl-1f"/>
      </object_component>
      <object_component id="oc-104">
         <name>.debug_abbrev</name>
         <load_address>0x18d7</load_address>
         <run_address>0x18d7</run_address>
         <size>0x2c</size>
         <input_file_ref idref="fl-24"/>
      </object_component>
      <object_component id="oc-108">
         <name>.debug_abbrev</name>
         <load_address>0x1903</load_address>
         <run_address>0x1903</run_address>
         <size>0x35</size>
         <input_file_ref idref="fl-25"/>
      </object_component>
      <object_component id="oc-10c">
         <name>.debug_abbrev</name>
         <load_address>0x1938</load_address>
         <run_address>0x1938</run_address>
         <size>0x35</size>
         <input_file_ref idref="fl-26"/>
      </object_component>
      <object_component id="oc-110">
         <name>.debug_abbrev</name>
         <load_address>0x196d</load_address>
         <run_address>0x196d</run_address>
         <size>0x59</size>
         <input_file_ref idref="fl-27"/>
      </object_component>
      <object_component id="oc-114">
         <name>.debug_abbrev</name>
         <load_address>0x19c6</load_address>
         <run_address>0x19c6</run_address>
         <size>0x35</size>
         <input_file_ref idref="fl-28"/>
      </object_component>
      <object_component id="oc-118">
         <name>.debug_abbrev</name>
         <load_address>0x19fb</load_address>
         <run_address>0x19fb</run_address>
         <size>0x2c</size>
         <input_file_ref idref="fl-29"/>
      </object_component>
      <object_component id="oc-11f">
         <name>.debug_abbrev</name>
         <load_address>0x1a27</load_address>
         <run_address>0x1a27</run_address>
         <size>0x43</size>
         <input_file_ref idref="fl-2b"/>
      </object_component>
      <object_component id="oc-123">
         <name>.debug_abbrev</name>
         <load_address>0x1a6a</load_address>
         <run_address>0x1a6a</run_address>
         <size>0xed</size>
         <input_file_ref idref="fl-2c"/>
      </object_component>
      <object_component id="oc-127">
         <name>.debug_abbrev</name>
         <load_address>0x1b57</load_address>
         <run_address>0x1b57</run_address>
         <size>0x2c</size>
         <input_file_ref idref="fl-2d"/>
      </object_component>
      <object_component id="oc-12d">
         <name>.debug_abbrev</name>
         <load_address>0x1b83</load_address>
         <run_address>0x1b83</run_address>
         <size>0x10c</size>
         <input_file_ref idref="fl-2e"/>
      </object_component>
      <object_component id="oc-133">
         <name>.debug_abbrev</name>
         <load_address>0x1c8f</load_address>
         <run_address>0x1c8f</run_address>
         <size>0xa9</size>
         <input_file_ref idref="fl-2f"/>
      </object_component>
      <object_component id="oc-137">
         <name>.debug_abbrev</name>
         <load_address>0x1d38</load_address>
         <run_address>0x1d38</run_address>
         <size>0x2c</size>
         <input_file_ref idref="fl-30"/>
      </object_component>
      <object_component id="oc-13b">
         <name>.debug_abbrev</name>
         <load_address>0x1d64</load_address>
         <run_address>0x1d64</run_address>
         <size>0x2c</size>
         <input_file_ref idref="fl-31"/>
      </object_component>
      <object_component id="oc-13f">
         <name>.debug_abbrev</name>
         <load_address>0x1d90</load_address>
         <run_address>0x1d90</run_address>
         <size>0x94</size>
         <input_file_ref idref="fl-32"/>
      </object_component>
      <object_component id="oc-143">
         <name>.debug_abbrev</name>
         <load_address>0x1e24</load_address>
         <run_address>0x1e24</run_address>
         <size>0x99</size>
         <input_file_ref idref="fl-33"/>
      </object_component>
      <object_component id="oc-1b2">
         <name>.debug_abbrev</name>
         <load_address>0x1ebd</load_address>
         <run_address>0x1ebd</run_address>
         <size>0xd</size>
      </object_component>
      <object_component id="oc-55">
         <name>.debug_frame</name>
         <load_address>0x0</load_address>
         <run_address>0x0</run_address>
         <size>0x1aa</size>
         <input_file_ref idref="fl-5"/>
      </object_component>
      <object_component id="oc-59">
         <name>.debug_frame</name>
         <load_address>0x1aa</load_address>
         <run_address>0x1aa</run_address>
         <size>0xbe</size>
         <input_file_ref idref="fl-6"/>
      </object_component>
      <object_component id="oc-5d">
         <name>.debug_frame</name>
         <load_address>0x268</load_address>
         <run_address>0x268</run_address>
         <size>0xee</size>
         <input_file_ref idref="fl-7"/>
      </object_component>
      <object_component id="oc-62">
         <name>.debug_frame</name>
         <load_address>0x356</load_address>
         <run_address>0x356</run_address>
         <size>0xac</size>
         <input_file_ref idref="fl-8"/>
      </object_component>
      <object_component id="oc-66">
         <name>.debug_frame</name>
         <load_address>0x402</load_address>
         <run_address>0x402</run_address>
         <size>0xbe</size>
         <input_file_ref idref="fl-9"/>
      </object_component>
      <object_component id="oc-6a">
         <name>.debug_frame</name>
         <load_address>0x4c0</load_address>
         <run_address>0x4c0</run_address>
         <size>0xbe</size>
         <input_file_ref idref="fl-a"/>
      </object_component>
      <object_component id="oc-6e">
         <name>.debug_frame</name>
         <load_address>0x57e</load_address>
         <run_address>0x57e</run_address>
         <size>0x8e</size>
         <input_file_ref idref="fl-b"/>
      </object_component>
      <object_component id="oc-72">
         <name>.debug_frame</name>
         <load_address>0x60c</load_address>
         <run_address>0x60c</run_address>
         <size>0x8e</size>
         <input_file_ref idref="fl-c"/>
      </object_component>
      <object_component id="oc-b1">
         <name>.debug_frame</name>
         <load_address>0x69a</load_address>
         <run_address>0x69a</run_address>
         <size>0x1ae</size>
         <input_file_ref idref="fl-e"/>
      </object_component>
      <object_component id="oc-b5">
         <name>.debug_frame</name>
         <load_address>0x848</load_address>
         <run_address>0x848</run_address>
         <size>0x106</size>
         <input_file_ref idref="fl-f"/>
      </object_component>
      <object_component id="oc-ba">
         <name>.debug_frame</name>
         <load_address>0x94e</load_address>
         <run_address>0x94e</run_address>
         <size>0xf06</size>
         <input_file_ref idref="fl-10"/>
      </object_component>
      <object_component id="oc-bf">
         <name>.debug_frame</name>
         <load_address>0x1854</load_address>
         <run_address>0x1854</run_address>
         <size>0xc4</size>
         <input_file_ref idref="fl-11"/>
      </object_component>
      <object_component id="oc-c7">
         <name>.debug_frame</name>
         <load_address>0x1918</load_address>
         <run_address>0x1918</run_address>
         <size>0x14a</size>
         <input_file_ref idref="fl-13"/>
      </object_component>
      <object_component id="oc-cb">
         <name>.debug_frame</name>
         <load_address>0x1a62</load_address>
         <run_address>0x1a62</run_address>
         <size>0xcd</size>
         <input_file_ref idref="fl-14"/>
      </object_component>
      <object_component id="oc-cf">
         <name>.debug_frame</name>
         <load_address>0x1b2f</load_address>
         <run_address>0x1b2f</run_address>
         <size>0x125</size>
         <input_file_ref idref="fl-15"/>
      </object_component>
      <object_component id="oc-d4">
         <name>.debug_frame</name>
         <load_address>0x1c54</load_address>
         <run_address>0x1c54</run_address>
         <size>0x124</size>
         <input_file_ref idref="fl-16"/>
      </object_component>
      <object_component id="oc-d8">
         <name>.debug_frame</name>
         <load_address>0x1d78</load_address>
         <run_address>0x1d78</run_address>
         <size>0xe6</size>
         <input_file_ref idref="fl-17"/>
      </object_component>
      <object_component id="oc-dd">
         <name>.debug_frame</name>
         <load_address>0x1e5e</load_address>
         <run_address>0x1e5e</run_address>
         <size>0x10d</size>
         <input_file_ref idref="fl-18"/>
      </object_component>
      <object_component id="oc-e1">
         <name>.debug_frame</name>
         <load_address>0x1f6b</load_address>
         <run_address>0x1f6b</run_address>
         <size>0x8e</size>
         <input_file_ref idref="fl-19"/>
      </object_component>
      <object_component id="oc-e6">
         <name>.debug_frame</name>
         <load_address>0x1ff9</load_address>
         <run_address>0x1ff9</run_address>
         <size>0xda</size>
         <input_file_ref idref="fl-1a"/>
      </object_component>
      <object_component id="oc-eb">
         <name>.debug_frame</name>
         <load_address>0x20d3</load_address>
         <run_address>0x20d3</run_address>
         <size>0x161</size>
         <input_file_ref idref="fl-1b"/>
      </object_component>
      <object_component id="oc-f1">
         <name>.debug_frame</name>
         <load_address>0x2234</load_address>
         <run_address>0x2234</run_address>
         <size>0x17e</size>
         <input_file_ref idref="fl-1c"/>
      </object_component>
      <object_component id="oc-f6">
         <name>.debug_frame</name>
         <load_address>0x23b2</load_address>
         <run_address>0x23b2</run_address>
         <size>0x1a4</size>
         <input_file_ref idref="fl-1d"/>
      </object_component>
      <object_component id="oc-fe">
         <name>.debug_frame</name>
         <load_address>0x2556</load_address>
         <run_address>0x2556</run_address>
         <size>0xa6</size>
         <input_file_ref idref="fl-1f"/>
      </object_component>
      <object_component id="oc-121">
         <name>.debug_frame</name>
         <load_address>0x25fc</load_address>
         <run_address>0x25fc</run_address>
         <size>0xa6</size>
         <input_file_ref idref="fl-2c"/>
      </object_component>
      <object_component id="oc-12b">
         <name>.debug_frame</name>
         <load_address>0x26a2</load_address>
         <run_address>0x26a2</run_address>
         <size>0xc7</size>
         <input_file_ref idref="fl-2e"/>
      </object_component>
      <object_component id="oc-131">
         <name>.debug_frame</name>
         <load_address>0x2769</load_address>
         <run_address>0x2769</run_address>
         <size>0xd6</size>
         <input_file_ref idref="fl-2f"/>
      </object_component>
      <object_component id="oc-13d">
         <name>.debug_frame</name>
         <load_address>0x283f</load_address>
         <run_address>0x283f</run_address>
         <size>0xa6</size>
         <input_file_ref idref="fl-32"/>
      </object_component>
      <object_component id="oc-141">
         <name>.debug_frame</name>
         <load_address>0x28e5</load_address>
         <run_address>0x28e5</run_address>
         <size>0xad</size>
         <input_file_ref idref="fl-33"/>
      </object_component>
   </object_component_list>
   <logical_group_list>
      <logical_group id="lg-2" display="no" color="cyan">
         <name>codestart</name>
         <load_address>0x0</load_address>
         <run_address>0x0</run_address>
         <size>0x2</size>
         <contents>
            <object_component_ref idref="oc-4f"/>
         </contents>
      </logical_group>
      <logical_group id="lg-3" display="no" color="cyan">
         <name>ramfuncs</name>
         <run_address>0x0</run_address>
         <size>0x0</size>
         <contents>
         </contents>
      </logical_group>
      <logical_group id="lg-4" display="no" color="cyan">
         <name>.text</name>
         <load_address>0x8000</load_address>
         <run_address>0x8000</run_address>
         <size>0x1bcb</size>
         <contents>
            <object_component_ref idref="oc-15a"/>
            <object_component_ref idref="oc-b9"/>
            <object_component_ref idref="oc-144"/>
            <object_component_ref idref="oc-14c"/>
            <object_component_ref idref="oc-14a"/>
            <object_component_ref idref="oc-14d"/>
            <object_component_ref idref="oc-10d"/>
            <object_component_ref idref="oc-145"/>
            <object_component_ref idref="oc-151"/>
            <object_component_ref idref="oc-157"/>
            <object_component_ref idref="oc-f5"/>
            <object_component_ref idref="oc-dc"/>
            <object_component_ref idref="oc-155"/>
            <object_component_ref idref="oc-ea"/>
            <object_component_ref idref="oc-ef"/>
            <object_component_ref idref="oc-149"/>
            <object_component_ref idref="oc-d3"/>
            <object_component_ref idref="oc-156"/>
            <object_component_ref idref="oc-115"/>
            <object_component_ref idref="oc-11a"/>
            <object_component_ref idref="oc-152"/>
            <object_component_ref idref="oc-124"/>
            <object_component_ref idref="oc-134"/>
            <object_component_ref idref="oc-14f"/>
            <object_component_ref idref="oc-150"/>
[...]
      <symbol id="sm-422">
         <name>_sBusReadData</name>
         <value>0xa114</value>
         <object_component_ref idref="oc-fb"/>
      </symbol>
      <symbol id="sm-423">
         <name>_sciBSendBuffer</name>
         <value>0xa240</value>
         <object_component_ref idref="oc-fb"/>
      </symbol>
      <symbol id="sm-424">
         <name>_i2c_Reg_Addr</name>
         <value>0xa000</value>
         <object_component_ref idref="oc-fb"/>
      </symbol>
      <symbol id="sm-425">
         <name>_pitch_Au</name>
         <value>0xa01e</value>
         <object_component_ref idref="oc-fb"/>
      </symbol>
      <symbol id="sm-426">
         <name>_speed_roll_lp</name>
         <value>0xa040</value>
         <object_component_ref idref="oc-fb"/>
      </symbol>
      <symbol id="sm-427">
         <name>_height_ultrasonic_lp</name>
         <value>0xa04e</value>
         <object_component_ref idref="oc-fb"/>
      </symbol>
      <symbol id="sm-428">
         <name>_Gkz</name>
         <value>0xa060</value>
         <object_component_ref idref="oc-fb"/>
      </symbol>
      <symbol id="sm-429">
         <name>_Gky</name>
         <value>0xa054</value>
         <object_component_ref idref="oc-fb"/>
      </symbol>
      <symbol id="sm-42a">
         <name>_Gkx</name>
         <value>0xa056</value>
         <object_component_ref idref="oc-fb"/>
      </symbol>
      <symbol id="sm-42b">
         <name>_i2c_Send_Data</name>
         <value>0xa006</value>
         <object_component_ref idref="oc-fb"/>
      </symbol>
      <symbol id="sm-42c">
         <name>_sBusReadDataCopied</name>
         <value>0xa011</value>
         <object_component_ref idref="oc-fb"/>
      </symbol>
      <symbol id="sm-42d">
         <name>_cpuTime</name>
         <value>0xa009</value>
         <object_component_ref idref="oc-fb"/>
      </symbol>
      <symbol id="sm-42e">
         <name>_pulse_temp</name>
         <value>0xa048</value>
         <object_component_ref idref="oc-fb"/>
      </symbol>
      <symbol id="sm-42f">
         <name>_pitch_Gy</name>
         <value>0xa01a</value>
         <object_component_ref idref="oc-fb"/>
      </symbol>
      <symbol id="sm-430">
         <name>_posture_adjust</name>
         <value>0xa090</value>
         <object_component_ref idref="oc-fb"/>
      </symbol>
      <symbol id="sm-431">
         <name>_sciBReadBufferPointer</name>
         <value>0xa00f</value>
         <object_component_ref idref="oc-fb"/>
      </symbol>
      <symbol id="sm-432">
         <name>_spiAReadData</name>
         <value>0xa100</value>
         <object_component_ref idref="oc-fb"/>
      </symbol>
      <symbol id="sm-433">
         <name>_speed_yaw_lp</name>
         <value>0xa036</value>
         <object_component_ref idref="oc-fb"/>
      </symbol>
      <symbol id="sm-434">
         <name>_MPU6050Data</name>
         <value>0xa0a8</value>
         <object_component_ref idref="oc-fb"/>
      </symbol>
      <symbol id="sm-435">
         <name>_doSBusDecode</name>
         <value>0xa00a</value>
         <object_component_ref idref="oc-fb"/>
      </symbol>
      <symbol id="sm-436">
         <name>_ROL_A</name>
         <value>0xa030</value>
         <object_component_ref idref="oc-fb"/>
      </symbol>
      <symbol id="sm-437">
         <name>_ROL_D</name>
         <value>0xa068</value>
         <object_component_ref idref="oc-fb"/>
      </symbol>
      <symbol id="sm-438">
         <name>_ROL_K</name>
         <value>0xa026</value>
         <object_component_ref idref="oc-fb"/>
      </symbol>
      <symbol id="sm-439">
         <name>_ROL_I</name>
         <value>0xa072</value>
         <object_component_ref idref="oc-fb"/>
      </symbol>
      <symbol id="sm-43a">
         <name>_height_ultrasonic</name>
         <value>0xa04a</value>
         <object_component_ref idref="oc-fb"/>
      </symbol>
      <symbol id="sm-43b">
         <name>_ROL_P</name>
         <value>0xa066</value>
         <object_component_ref idref="oc-fb"/>
      </symbol>
      <symbol id="sm-43c">
         <name>_ROL_V</name>
         <value>0xa02a</value>
         <object_component_ref idref="oc-fb"/>
      </symbol>
      <symbol id="sm-43d">
         <name>_i2cStatus</name>
         <value>0xa005</value>
         <object_component_ref idref="oc-fb"/>
      </symbol>
      <symbol id="sm-43e">
         <name>_sciBSendBufferPointer</name>
         <value>0xa014</value>
         <object_component_ref idref="oc-fb"/>
      </symbol>
      <symbol id="sm-43f">
         <name>_doSCI</name>
         <value>0xa00b</value>
         <object_component_ref idref="oc-fb"/>
      </symbol>
      <symbol id="sm-440">
         <name>_gyroZDrift</name>
         <value>0xa050</value>
         <object_component_ref idref="oc-fb"/>
      </symbol>
      <symbol id="sm-441">
         <name>_gyroYDrift</name>
         <value>0xa052</value>
         <object_component_ref idref="oc-fb"/>
      </symbol>
      <symbol id="sm-442">
         <name>_gyroXDrift</name>
         <value>0xa05c</value>
         <object_component_ref idref="oc-fb"/>
      </symbol>
      <symbol id="sm-443">
         <name>_sciAReadBufferPointer</name>
         <value>0xa015</value>
         <object_component_ref idref="oc-fb"/>
      </symbol>
      <symbol id="sm-444">
         <name>_channelsData1000</name>
         <value>0xa180</value>
         <object_component_ref idref="oc-fb"/>
      </symbol>
      <symbol id="sm-445">
         <name>_digitalChannel2</name>
         <value>0xa016</value>
         <object_component_ref idref="oc-fb"/>
      </symbol>
      <symbol id="sm-446">
         <name>_digitalChannel1</name>
         <value>0xa010</value>
         <object_component_ref idref="oc-fb"/>
      </symbol>
      <symbol id="sm-447">
         <name>_MOTOR1_PULSE</name>
         <value>0xa01c</value>
         <object_component_ref idref="oc-fb"/>
      </symbol>
      <symbol id="sm-448">
         <name>_i2cRegAddr</name>
         <value>0xa140</value>
         <object_component_ref idref="oc-fb"/>
      </symbol>
      <symbol id="sm-449">
         <name>_wireLessLost</name>
         <value>0xa017</value>
         <object_component_ref idref="oc-fb"/>
      </symbol>
      <symbol id="sm-44a">
         <name>_channelsData4</name>
         <value>0xa0c0</value>
         <object_component_ref idref="oc-fb"/>
      </symbol>
      <symbol id="sm-44b">
         <name>_MOTOR4_PULSE</name>
         <value>0xa038</value>
         <object_component_ref idref="oc-fb"/>
      </symbol>
      <symbol id="sm-44c">
         <name>_spiASendData</name>
         <value>0xa0e0</value>
         <object_component_ref idref="oc-fb"/>
      </symbol>
      <symbol id="sm-44d">
         <name>_sciASendBufferPointer</name>
         <value>0xa012</value>
         <object_component_ref idref="oc-fb"/>
      </symbol>
      <symbol id="sm-44e">
         <name>_YAW_D</name>
         <value>0xa028</value>
         <object_component_ref idref="oc-fb"/>
      </symbol>
      <symbol id="sm-44f">
         <name>_YAW_K</name>
         <value>0xa02e</value>
         <object_component_ref idref="oc-fb"/>
      </symbol>
      <symbol id="sm-450">
         <name>_YAW_I</name>
         <value>0xa02c</value>
         <object_component_ref idref="oc-fb"/>
      </symbol>
      <symbol id="sm-451">
         <name>_YAW_P</name>
         <value>0xa032</value>
         <object_component_ref idref="oc-fb"/>
      </symbol>
      <symbol id="sm-452">
         <name>_posture_now</name>
         <value>0xa080</value>
         <object_component_ref idref="oc-fb"/>
      </symbol>
      <symbol id="sm-453">
         <name>_delay</name>
         <value>0xa022</value>
         <object_component_ref idref="oc-fb"/>
      </symbol>
      <symbol id="sm-454">
         <name>_speed_pitch_lp</name>
         <value>0xa03a</value>
         <object_component_ref idref="oc-fb"/>
      </symbol>
      <symbol id="sm-455">
         <name>_posture_expected</name>
         <value>0xa074</value>
         <object_component_ref idref="oc-fb"/>
      </symbol>
      <symbol id="sm-456">
         <name>_posture_speed</name>
         <value>0xa0a0</value>
         <object_component_ref idref="oc-fb"/>
      </symbol>
      <symbol id="sm-457">
         <name>_sciAReadBuffer</name>
         <value>0xa2c0</value>
         <object_component_ref idref="oc-fb"/>
      </symbol>
      <symbol id="sm-458">
         <name>_i2cSlaves</name>
         <value>0xa160</value>
         <object_component_ref idref="oc-fb"/>
      </symbol>
      <symbol id="sm-459">
         <name>_AcceZK</name>
         <value>0xa05e</value>
         <object_component_ref idref="oc-fb"/>
      </symbol>
      <symbol id="sm-45a">
         <name>_sciBReadBuffer</name>
         <value>0xa340</value>
         <object_component_ref idref="oc-fb"/>
      </symbol>
      <symbol id="sm-45b">
         <name>_AcceYK</name>
         <value>0xa058</value>
         <object_component_ref idref="oc-fb"/>
      </symbol>
      <symbol id="sm-45c">
         <name>_fly_enable</name>
         <value>0xa00d</value>
         <object_component_ref idref="oc-fb"/>
      </symbol>
      <symbol id="sm-45d">
         <name>_i2c_Send_Complete</name>
         <value>0xa004</value>
         <object_component_ref idref="oc-fb"/>
      </symbol>
      <symbol id="sm-45e">
         <name>_sciBReadAByte</name>
         <value>0xa00e</value>
         <object_component_ref idref="oc-fb"/>
      </symbol>
      <symbol id="sm-45f">
         <name>_AcceXK</name>
         <value>0xa05a</value>
         <object_component_ref idref="oc-fb"/>
      </symbol>
      <symbol id="sm-460">
         <name>_i2cDataPointer</name>
         <value>0xa003</value>
         <object_component_ref idref="oc-fb"/>
      </symbol>
      <symbol id="sm-461">
         <name>_dy</name>
         <value>0xa03c</value>
         <object_component_ref idref="oc-fb"/>
      </symbol>
      <symbol id="sm-462">
         <name>_posture_before</name>
         <value>0xa088</value>
         <object_component_ref idref="oc-fb"/>
      </symbol>
      <symbol id="sm-463">
         <name>_dr</name>
         <value>0xa044</value>
         <object_component_ref idref="oc-fb"/>
      </symbol>
      <symbol id="sm-464">
         <name>_dp</name>
         <value>0xa042</value>
         <object_component_ref idref="oc-fb"/>
      </symbol>
      <symbol id="sm-465">
         <name>_channelsData2048</name>
         <value>0xa0d0</value>
         <object_component_ref idref="oc-fb"/>
      </symbol>
      <symbol id="sm-466">
         <name>_doCalulate</name>
         <value>0xa002</value>
         <object_component_ref idref="oc-fb"/>
      </symbol>
      <symbol id="sm-467">
         <name>_posture_error</name>
         <value>0xa098</value>
         <object_component_ref idref="oc-fb"/>
      </symbol>
      <symbol id="sm-468">
         <name>_spiPointer</name>
         <value>0xa013</value>
         <object_component_ref idref="oc-fb"/>
      </symbol>
      <symbol id="sm-469">
         <name>_G_pos_p</name>
         <value>0xa018</value>
         <object_component_ref idref="oc-fb"/>
      </symbol>
      <symbol id="sm-46a">
         <name>_G_pos_r</name>
         <value>0xa024</value>
         <object_component_ref idref="oc-fb"/>
      </symbol>
      <symbol id="sm-46b">
         <name>_roll_Av</name>
         <value>0xa020</value>
         <object_component_ref idref="oc-fb"/>
      </symbol>
      <symbol id="sm-46c">
         <name>_acceZDrift</name>
         <value>0xa00c</value>
         <object_component_ref idref="oc-fb"/>
      </symbol>
      <symbol id="sm-46d">
         <name>_acceYDrift</name>
         <value>0xa007</value>
         <object_component_ref idref="oc-fb"/>
      </symbol>
      <symbol id="sm-46e">
         <name>_acceXDrift</name>
         <value>0xa008</value>
         <object_component_ref idref="oc-fb"/>
      </symbol>
      <symbol id="sm-46f">
         <name>_MOTOR3_PULSE</name>
         <value>0xa034</value>
         <object_component_ref idref="oc-fb"/>
      </symbol>
      <symbol id="sm-470">
         <name>_i2cData</name>
         <value>0xa1a0</value>
         <object_component_ref idref="oc-fb"/>
      </symbol>
      <symbol id="sm-471">
         <name>_PIT_A</name>
         <value>0xa064</value>
         <object_component_ref idref="oc-fb"/>
      </symbol>
      <symbol id="sm-472">
         <name>_PIT_D</name>
         <value>0xa06c</value>
         <object_component_ref idref="oc-fb"/>
      </symbol>
      <symbol id="sm-473">
         <name>_PIT_K</name>
         <value>0xa062</value>
         <object_component_ref idref="oc-fb"/>
      </symbol>
      <symbol id="sm-474">
         <name>_PIT_I</name>
         <value>0xa070</value>
         <object_component_ref idref="oc-fb"/>
      </symbol>
      <symbol id="sm-475">
         <name>_PIT_P</name>
         <value>0xa06a</value>
         <object_component_ref idref="oc-fb"/>
      </symbol>
      <symbol id="sm-476">
         <name>_PIT_V</name>
         <value>0xa06e</value>
         <object_component_ref idref="oc-fb"/>
      </symbol>
      <symbol id="sm-477">
         <name>_roll_Gx</name>
         <value>0xa046</value>
         <object_component_ref idref="oc-fb"/>
      </symbol>
      <symbol id="sm-478">
         <name>_sciASendBuffer</name>
         <value>0xa1c0</value>
         <object_component_ref idref="oc-fb"/>
      </symbol>
      <symbol id="sm-479">
         <name>_i2c_Slave_Addr</name>
         <value>0xa001</value>
         <object_component_ref idref="oc-fb"/>
      </symbol>
      <symbol id="sm-482">
         <name>_main</name>
         <value>0x9bc2</value>
         <object_component_ref idref="oc-14b"/>
      </symbol>
      <symbol id="sm-48a">
         <name>FS$$DIV</name>
         <value>0x9b43</value>
         <object_component_ref idref="oc-101"/>
      </symbol>
      <symbol id="sm-494">
         <name>I$$MOD</name>
         <value>0x9adf</value>
         <object_component_ref idref="oc-105"/>
      </symbol>
      <symbol id="sm-495">
         <name>I$$DIV</name>
         <value>0x9ace</value>
         <object_component_ref idref="oc-105"/>
      </symbol>
      <symbol id="sm-49d">
         <name>UL$$MOD</name>
         <value>0x9a57</value>
         <object_component_ref idref="oc-109"/>
      </symbol>
      <symbol id="sm-49e">
         <name>L$$MOD</name>
         <value>0x9a42</value>
         <object_component_ref idref="oc-109"/>
      </symbol>
      <symbol id="sm-49f">
         <name>L$$DIV</name>
         <value>0x9a33</value>
         <object_component_ref idref="oc-109"/>
      </symbol>
      <symbol id="sm-4a0">
         <name>UL$$DIV</name>
         <value>0x9a50</value>
         <object_component_ref idref="oc-109"/>
      </symbol>
      <symbol id="sm-4c7">
         <name>ULL$$MOD</name>
         <value>0x922d</value>
         <object_component_ref idref="oc-10d"/>
      </symbol>
      <symbol id="sm-4c8">
         <name>ULL$$DIV</name>
         <value>0x91fe</value>
         <object_component_ref idref="oc-10d"/>
      </symbol>
      <symbol id="sm-4c9">
         <name>LL$$MOD</name>
         <value>0x91c4</value>
         <object_component_ref idref="oc-10d"/>
      </symbol>
      <symbol id="sm-4ca">
         <name>LL$$DIV</name>
         <value>0x9188</value>
         <object_component_ref idref="oc-10d"/>
      </symbol>
      <symbol id="sm-4d2">
         <name>U$$MOD</name>
         <value>0x9ba2</value>
         <object_component_ref idref="oc-111"/>
      </symbol>
      <symbol id="sm-4d3">
         <name>U$$DIV</name>
         <value>0x9b9d</value>
         <object_component_ref idref="oc-111"/>
      </symbol>
      <symbol id="sm-4db">
         <name>_atan</name>
         <value>0x9899</value>
         <object_component_ref idref="oc-115"/>
      </symbol>
      <symbol id="sm-4e3">
         <name>_FPUcosTableEnd</name>
         <value>0x3fdd62</value>
         <object_component_ref idref="oc-119"/>
      </symbol>
      <symbol id="sm-4e4">
         <name>_FPUatan2TableEnd</name>
         <value>0x3fdeec</value>
         <object_component_ref idref="oc-119"/>
      </symbol>
      <symbol id="sm-4e5">
         <name>_FPUatan2Table</name>
         <value>0x3fdd66</value>
         <object_component_ref idref="oc-119"/>
      </symbol>
      <symbol id="sm-4e6">
         <name>_FPUsinTable</name>
         <value>0x3fd860</value>
         <object_component_ref idref="oc-119"/>
      </symbol>
      <symbol id="sm-4e7">
         <name>_FPUcosTable</name>
         <value>0x3fd960</value>
         <object_component_ref idref="oc-119"/>
      </symbol>
      <symbol id="sm-4e8">
         <name>_FPUatan2HalfPITable</name>
         <value>0x3fdd62</value>
         <object_component_ref idref="oc-119"/>
      </symbol>
      <symbol id="sm-4e9">
         <name>_FPUsinTableEnd</name>
         <value>0x3fdc60</value>
         <object_component_ref idref="oc-119"/>
      </symbol>
      <symbol id="sm-4fd">
         <name>_c_int00</name>
         <value>0x98e3</value>
         <object_component_ref idref="oc-11a"/>
      </symbol>
      <symbol id="sm-4fe">
         <name>__stack</name>
         <value>0x400</value>
         <object_component_ref idref="oc-11b"/>
      </symbol>
      <symbol id="sm-50a">
         <name>__args_main</name>
         <value>0x9b11</value>
         <object_component_ref idref="oc-146"/>
      </symbol>
      <symbol id="sm-50b">
         <name>__TI_args_main</name>
         <value>0x1</value>
      </symbol>
      <symbol id="sm-513">
         <name>_cos</name>
         <value>0x996d</value>
         <object_component_ref idref="oc-124"/>
      </symbol>
      <symbol id="sm-524">
         <name>C$$EXIT</name>
         <value>0x9b2a</value>
         <object_component_ref idref="oc-147"/>
      </symbol>
      <symbol id="sm-525">
         <name>_exit</name>
         <value>0x9b2c</value>
         <object_component_ref idref="oc-147"/>
      </symbol>
      <symbol id="sm-526">
         <name>___TI_cleanup_ptr</name>
         <value>0xa3dc</value>
         <object_component_ref idref="oc-12a"/>
      </symbol>
      <symbol id="sm-527">
         <name>_abort</name>
         <value>0x9b2a</value>
         <object_component_ref idref="oc-147"/>
      </symbol>
      <symbol id="sm-528">
         <name>___TI_dtors_ptr</name>
         <value>0xa3de</value>
         <object_component_ref idref="oc-12a"/>
      </symbol>
      <symbol id="sm-536">
         <name>__unlock</name>
         <value>0xa3d8</value>
         <object_component_ref idref="oc-130"/>
      </symbol>
      <symbol id="sm-537">
         <name>__lock</name>
         <value>0xa3da</value>
         <object_component_ref idref="oc-130"/>
      </symbol>
      <symbol id="sm-538">
         <name>__register_lock</name>
         <value>0x9bac</value>
         <object_component_ref idref="oc-148"/>
      </symbol>
      <symbol id="sm-539">
         <name>__nop</name>
         <value>0x9bb0</value>
         <object_component_ref idref="oc-148"/>
      </symbol>
      <symbol id="sm-53a">
         <name>__register_unlock</name>
         <value>0x9ba8</value>
         <object_component_ref idref="oc-148"/>
      </symbol>
      <symbol id="sm-542">
         <name>_sin</name>
         <value>0x99a1</value>
         <object_component_ref idref="oc-134"/>
      </symbol>
      <symbol id="sm-54a">
         <name>_sqrt</name>
         <value>0x9af0</value>
         <object_component_ref idref="oc-138"/>
      </symbol>
      <symbol id="sm-557">
         <name>_strcat</name>
         <value>0x9bb1</value>
         <object_component_ref idref="oc-15b"/>
      </symbol>
      <symbol id="sm-564">
         <name>_tan</name>
         <value>0x9789</value>
         <object_component_ref idref="oc-149"/>
      </symbol>
   </symbol_table>
   <title>Link successful</title>
</link_info>
